<html>
<body>
<pre>
<h1>µVision Build Log</h1>
<h2>Tool Versions:</h2>
IDE-Version: µVision V5.27.1.0
Copyright (C) 2019 ARM Ltd and ARM Germany GmbH. All rights reserved.
License Information: 1 Administrator, 1, LIC=47GU5-GZIKF-30ANC-7V94E-9LM24-Y5CSG
 
Tool Versions:
Toolchain:       MDK-ARM Plus  Version: 5.27.1.0
Toolchain Path:  C:\Keil_v5\ARM\ARMCLANG\Bin
C Compiler:      ArmClang.exe V6.12
Assembler:       Armasm.exe V6.12
Linker/Locator:  ArmLink.exe V6.12
Library Manager: ArmAr.exe V6.12
Hex Converter:   FromElf.exe V6.12
CPU DLL:         
Dialog DLL:      
Target DLL:      CMSIS_AGDI_V8M.DLL V1.5.16.0
Dialog DLL:      TCM.DLL V1.36.1.0
 
<h2>Project:</h2>
C:\root\Workspace\Code\gd32-pio-wifi-sdk\NSPE\Project\WIFI_IOT\KEIL\Project_WIFI_IOT.uvprojx
Project File Date:  03/02/2025

<h2>Output:</h2>
*** Using Compiler 'V6.12', folder: 'C:\Keil_v5\ARM\ARMCLANG\Bin'
Rebuild Project 'Project_WIFI_IOT' - Target 'Project_At_RTOS'
Before Build - User command #1: ..\build_date.bat ..\..\..\
Active code page: 437
compiling arm_cos_f32.c...
compiling wakelock.c...
compiling arm_sin_cos_f32.c...
compiling alicloud_entry.c...
compiling uart.c...
compiling arm_cfft_radix8_f32.c...
compiling linkkit_example_solo.c...
compiling rf_efuse.c...
compiling wrappers.c...
compiling arm_cfft_f32.c...
compiling malloc.c...
compiling delay.c...
compiling arm_cfft_radix4_f32.c...
compiling cJSON.c...
compiling infra_aes.c...
compiling bsp_wlan.c...
compiling arm_bitreversal.c...
compiling arm_sin_f32.c...
compiling arm_common_tables.c...
compiling init_rom.c...
compiling arm_cfft_radix2_f32.c...
compiling gd32_it.c...
assembling arm_bitreversal2.S...
compiling console.c...
compiling dlist.c...
compiling main.c...
compiling dma.c...
compiling cmd_shell.c...
compiling iperf3_main.c...
compiling ota_demo.c...
compiling ssl_client.c...
compiling mqtt5_client_config.c...
compiling telnet_main.c...
compiling telnetserver.c...
compiling tcp_test.c...
compiling mqtt_cmd.c...
compiling udp_test.c...
compiling mqtt_client_config.c...
compiling diskio.c...
compiling netbuf.c...
compiling ffsystem.c...
compiling ffunicode.c...
compiling api_lib.c...
compiling wear_levelling_flash.c...
compiling err.c...
compiling api_msg.c...
compiling if_api.c...
compiling netdb.c...
compiling netifapi.c...
compiling altcp_alloc.c...
compiling tcpip.c...
compiling altcp.c...
compiling altcp_tcp.c...
compiling ff.c...
compiling sockets.c...
compiling def.c...
compiling inet_chksum.c...
compiling dns.c...
compiling ip.c...
compiling init.c...
compiling mem.c...
compiling stats.c...
compiling netif.c...
compiling memp.c...
compiling sys.c...
compiling raw.c...
compiling timeouts.c...
compiling pbuf.c...
compiling autoip.c...
compiling tcp_in.c...
compiling tcp_out.c...
compiling tcp.c...
compiling udp.c...
compiling icmp.c...
compiling etharp.c...
compiling dhcp.c...
compiling igmp.c...
compiling ip4.c...
compiling ip4_addr.c...
compiling ethernet.c...
compiling ip4_frag.c...
compiling dhcpd.c...
compiling ethernetif.c...
compiling sys_arch.c...
compiling wifi_netif.c...
compiling ping.c...
compiling ip6.c...
compiling ip6_addr.c...
compiling mld6.c...
compiling ip6_frag.c...
compiling nd6.c...
compiling icmp6.c...
compiling dhcp6.c...
compiling ethip6.c...
compiling altcp_tls_mbedtls.c...
compiling altcp_tls_mbedtls_mem.c...
compiling mqtt.c...
compiling mqtt5.c...
compiling mqtt_ssl_config.c...
compiling debug.c...
compiling ssl_ciphersuites.c...
compiling ssl_cache.c...
compiling net_sockets.c...
compiling ssl_default_conf.c...
compiling ssl_cookie.c...
compiling ssl_self_test.c...
compiling ssl_ticket.c...
compiling ssl_cli.c...
compiling ssl_srv.c...
assembling startup_gd32w51x.s...
compiling mbedtls_ns_function_api.c...
compiling ns_interface.c...
compiling system_gd32w51x.c...
compiling gd32w51x_adc.c...
compiling gd32w51x_cau.c...
compiling gd32w51x_cau_aes.c...
compiling gd32w51x_cau_tdes.c...
compiling gd32w51x_cau_des.c...
compiling gd32w51x_crc.c...
compiling gd32w51x_dbg.c...
compiling gd32w51x_dci.c...
compiling gd32w51x_dma.c...
compiling gd32w51x_exti.c...
compiling gd32w51x_efuse.c...
compiling gd32w51x_fwdgt.c...
compiling gd32w51x_gpio.c...
compiling gd32w51x_fmc.c...
compiling gd32w51x_hau.c...
compiling gd32w51x_hau_sha_md5.c...
compiling ssl_tls.c...
compiling gd32w51x_icache.c...
compiling gd32w51x_i2c.c...
compiling gd32w51x_hpdf.c...
compiling gd32w51x_misc.c...
compiling gd32w51x_pmu.c...
compiling gd32w51x_pkcau.c...
compiling gd32w51x_qspi.c...
compiling gd32w51x_rcu.c...
compiling gd32w51x_rtc.c...
compiling gd32w51x_sdio.c...
compiling gd32w51x_spi.c...
compiling gd32w51x_sqpi.c...
compiling gd32w51x_syscfg.c...
compiling gd32w51x_trng.c...
compiling gd32w51x_tsi.c...
compiling gd32w51x_tzpcu.c...
compiling gd32w51x_timer.c...
compiling gd32w51x_wwdgt.c...
compiling gd32w51x_usart.c...
compiling wifi_eloop.c...
compiling k_malloc.c...
compiling k_linker.c...
compiling k_trace.c...
compiling wifi_management.c...
compiling k_thread.c...
compiling wifi_netlink.c...
compiling mem_pool.c...
compiling msg_queue.c...
compiling msg_subscribe.c...
compiling sched_kernel.c...
compiling sched_thread.c...
compiling sched_timer.c...
compiling static_init.c...
compiling sync_event.c...
compiling k_port_keil_ac6.c...
compiling sync_mutex.c...
compiling k_port_common.c...
compiling sync_semaphore.c...
compiling k_clock_systick.c...
compiling trng.c...
compiling wrapper_os.c...
compiling arm_const_structs.c...
compiling debug_print.c...
compiling fatfs.c...
linking...
Program Size: Code=375680 RO-data=52420 RW-data=11460 ZI-data=232336  
After Build - User command #1: ..\nspe_afterbuild.bat C:\root\Workspace\Code\gd32-pio-wifi-sdk\NSPE\Project\WIFI_IOT\KEIL\wifi_iot\Freertos\ KEIL C:\Keil_v5\
TOOLKIT=KEIL
TOOLKIT_PATH=C:\Keil_v5\
        1 file(s) copied.
".\wifi_iot\Freertos\nspe.axf" - 0 Error(s), 0 Warning(s).

<h2>Software Packages used:</h2>

Package Vendor: ARM
                http://www.keil.com/pack/ARM.CMSIS.5.9.0.pack
                ARM.CMSIS.5.9.0
                CMSIS (Common Microcontroller Software Interface Standard)
   * Component: CORE Version: 5.6.0

Package Vendor: GigaDevice
                https://gd32mcu.com/data/documents/pack/GigaDevice.GD32W51x_DFP.1.0.3.pack
                GigaDevice.GD32W51x_DFP.1.0.3
                GigaDevice GD32W51x Series Device Support and Examples

<h2>Collection of Component include folders:</h2>
  .\RTE\_Project_At_RTOS
  C:\Users\Administrator\AppData\Local\Arm\Packs\ARM\CMSIS\5.9.0\CMSIS\Core\Include
  C:\Users\Administrator\AppData\Local\Arm\Packs\GigaDevice\GD32W51x_DFP\1.0.3\Device\Include

<h2>Collection of Component Files used:</h2>

   * Component: ARM::CMSIS:CORE:5.6.0
      Include file:  CMSIS\Core\Include\tz_context.h
Build Time Elapsed:  00:00:45
</pre>
</body>
</html>
