Component: ARM Compiler 6.12 Tool: armlink [5d624300]

==============================================================================

Section Cross References

    mbl_flash.o(.ARM.exidx.text.is_flash_cache_enabled) refers to mbl_flash.o(.text.is_flash_cache_enabled) for [Anonymous Symbol]
    mbl_flash.o(.text.flash_cache_disable) refers to gd32w51x_icache.o(.text.icache_disable) for icache_disable
    mbl_flash.o(.ARM.exidx.text.flash_cache_disable) refers to mbl_flash.o(.text.flash_cache_disable) for [Anonymous Symbol]
    mbl_flash.o(.text.flash_cache_enable) refers to gd32w51x_icache.o(.text.icache_enable) for icache_enable
    mbl_flash.o(.ARM.exidx.text.flash_cache_enable) refers to mbl_flash.o(.text.flash_cache_enable) for [Anonymous Symbol]
    mbl_flash.o(.ARM.exidx.text.is_sip_flash) refers to mbl_flash.o(.text.is_sip_flash) for [Anonymous Symbol]
    mbl_flash.o(.ARM.exidx.text.is_valid_flash_offset) refers to mbl_flash.o(.text.is_valid_flash_offset) for [Anonymous Symbol]
    mbl_flash.o(.ARM.exidx.text.flash_total_size) refers to mbl_flash.o(.text.flash_total_size) for [Anonymous Symbol]
    mbl_flash.o(.ARM.exidx.text.is_valid_flash_addr) refers to mbl_flash.o(.text.is_valid_flash_addr) for [Anonymous Symbol]
    mbl_flash.o(.ARM.exidx.text.flash_erase_size) refers to mbl_flash.o(.text.flash_erase_size) for [Anonymous Symbol]
    mbl_flash.o(.text.flash_nodec_config) refers to gd32w51x_fmc.o(.text.fmc_unlock) for fmc_unlock
    mbl_flash.o(.text.flash_nodec_config) refers to gd32w51x_fmc.o(.text.ob_unlock) for ob_unlock
    mbl_flash.o(.text.flash_nodec_config) refers to gd32w51x_fmc.o(.text.fmc_flag_clear) for fmc_flag_clear
    mbl_flash.o(.text.flash_nodec_config) refers to gd32w51x_fmc.o(.text.fmc_no_rtdec_config) for fmc_no_rtdec_config
    mbl_flash.o(.text.flash_nodec_config) refers to gd32w51x_fmc.o(.text.ob_lock) for ob_lock
    mbl_flash.o(.text.flash_nodec_config) refers to gd32w51x_fmc.o(.text.fmc_lock) for fmc_lock
    mbl_flash.o(.ARM.exidx.text.flash_nodec_config) refers to mbl_flash.o(.text.flash_nodec_config) for [Anonymous Symbol]
    mbl_flash.o(.text.flash_offset_mapping) refers to gd32w51x_fmc.o(.text.fmc_unlock) for fmc_unlock
    mbl_flash.o(.text.flash_offset_mapping) refers to gd32w51x_fmc.o(.text.ob_unlock) for ob_unlock
    mbl_flash.o(.text.flash_offset_mapping) refers to gd32w51x_fmc.o(.text.fmc_offset_region_config) for fmc_offset_region_config
    mbl_flash.o(.text.flash_offset_mapping) refers to gd32w51x_fmc.o(.text.fmc_offset_value_config) for fmc_offset_value_config
    mbl_flash.o(.text.flash_offset_mapping) refers to gd32w51x_fmc.o(.text.ob_lock) for ob_lock
    mbl_flash.o(.text.flash_offset_mapping) refers to gd32w51x_fmc.o(.text.fmc_lock) for fmc_lock
    mbl_flash.o(.ARM.exidx.text.flash_offset_mapping) refers to mbl_flash.o(.text.flash_offset_mapping) for [Anonymous Symbol]
    mbl_flash.o(.text.flash_init) refers to mbl_qspi_flash.o(.text.qspi_flash_config) for qspi_flash_config
    mbl_flash.o(.ARM.exidx.text.flash_init) refers to mbl_flash.o(.text.flash_init) for [Anonymous Symbol]
    mbl_flash.o(.text.flash_read) refers to memcpya.o(.text) for __aeabi_memcpy
    mbl_flash.o(.ARM.exidx.text.flash_read) refers to mbl_flash.o(.text.flash_read) for [Anonymous Symbol]
    mbl_flash.o(.text.flash_indirect_read) refers to gd32w51x_icache.o(.text.icache_disable) for icache_disable
    mbl_flash.o(.text.flash_indirect_read) refers to mbl_qspi_flash.o(.text.qspi_flash_read) for qspi_flash_read
    mbl_flash.o(.text.flash_indirect_read) refers to gd32w51x_icache.o(.text.icache_enable) for icache_enable
    mbl_flash.o(.text.flash_indirect_read) refers to memcpya.o(.text) for __aeabi_memcpy
    mbl_flash.o(.ARM.exidx.text.flash_indirect_read) refers to mbl_flash.o(.text.flash_indirect_read) for [Anonymous Symbol]
    mbl_flash.o(.text.flash_verify_read) refers to gd32w51x_icache.o(.text.icache_disable) for icache_disable
    mbl_flash.o(.text.flash_verify_read) refers to mbl_qspi_flash.o(.text.qspi_flash_read) for qspi_flash_read
    mbl_flash.o(.text.flash_verify_read) refers to gd32w51x_fmc.o(.text.fmc_unlock) for fmc_unlock
    mbl_flash.o(.text.flash_verify_read) refers to gd32w51x_fmc.o(.text.ob_unlock) for ob_unlock
    mbl_flash.o(.text.flash_verify_read) refers to gd32w51x_fmc.o(.text.fmc_offset_value_config) for fmc_offset_value_config
    mbl_flash.o(.text.flash_verify_read) refers to gd32w51x_fmc.o(.text.ob_lock) for ob_lock
    mbl_flash.o(.text.flash_verify_read) refers to gd32w51x_fmc.o(.text.fmc_lock) for fmc_lock
    mbl_flash.o(.text.flash_verify_read) refers to gd32w51x_icache.o(.text.icache_enable) for icache_enable
    mbl_flash.o(.text.flash_verify_read) refers to memcpya.o(.text) for __aeabi_memcpy
    mbl_flash.o(.ARM.exidx.text.flash_verify_read) refers to mbl_flash.o(.text.flash_verify_read) for [Anonymous Symbol]
    mbl_flash.o(.text.flash_write) refers to mbl_qspi_flash.o(.text.qspi_flash_page_program) for qspi_flash_page_program
[...]
    WWDGT_IRQHandler                         0x08000209   Thumb Code     0  mbl_startup_gdm32.o(.text)
    __aeabi_memcpy                           0x08000215   Thumb Code    36  memcpya.o(.text)
    __aeabi_memcpy4                          0x08000215   Thumb Code     0  memcpya.o(.text)
    __aeabi_memcpy8                          0x08000215   Thumb Code     0  memcpya.o(.text)
    __aeabi_memset                           0x08000239   Thumb Code    14  memseta.o(.text)
    __aeabi_memset4                          0x08000239   Thumb Code     0  memseta.o(.text)
    __aeabi_memset8                          0x08000239   Thumb Code     0  memseta.o(.text)
    __aeabi_memclr                           0x08000247   Thumb Code     4  memseta.o(.text)
    __aeabi_memclr4                          0x08000247   Thumb Code     0  memseta.o(.text)
    __aeabi_memclr8                          0x08000247   Thumb Code     0  memseta.o(.text)
    _memset$wrapper                          0x0800024b   Thumb Code    18  memseta.o(.text)
    __scatterload                            0x0800025d   Thumb Code    28  init.o(.text)
    __scatterload_rt2                        0x0800025d   Thumb Code     0  init.o(.text)
    SystemInit                               0x08000281   Thumb Code   156  mbl_system_gdm32.o(.text.SystemInit)
    boot_image_find                          0x08000499   Thumb Code   236  mbl_image.o(.text.boot_image_find)
    checksum_cal                             0x08000585   Thumb Code   140  mbl_image.o(.text.checksum_cal)
    co_printf                                0x08000611   Thumb Code  1144  mbl_trace.o(.text.co_printf)
    flash_erase                              0x08000a89   Thumb Code   170  mbl_flash.o(.text.flash_erase)
    flash_fast_write                         0x08000b35   Thumb Code   318  mbl_flash.o(.text.flash_fast_write)
    flash_indirect_read                      0x08000c75   Thumb Code   440  mbl_flash.o(.text.flash_indirect_read)
    flash_init                               0x08000e2d   Thumb Code    30  mbl_flash.o(.text.flash_init)
    flash_nodec_config                       0x08000e4d   Thumb Code    60  mbl_flash.o(.text.flash_nodec_config)
    flash_offset_mapping                     0x08000e89   Thumb Code    36  mbl_flash.o(.text.flash_offset_mapping)
    flash_read                               0x08000ead   Thumb Code   334  mbl_flash.o(.text.flash_read)
    flash_verify_read                        0x08000ffd   Thumb Code   492  mbl_flash.o(.text.flash_verify_read)
    flash_write                              0x080011e9   Thumb Code   374  mbl_flash.o(.text.flash_write)
    fmc_continuous_program                   0x08001361   Thumb Code   346  gd32w51x_fmc.o(.text.fmc_continuous_program)
    fmc_flag_clear                           0x080014bd   Thumb Code    12  gd32w51x_fmc.o(.text.fmc_flag_clear)
    fmc_lock                                 0x080014c9   Thumb Code    18  gd32w51x_fmc.o(.text.fmc_lock)
    fmc_no_rtdec_config                      0x080014dd   Thumb Code   126  gd32w51x_fmc.o(.text.fmc_no_rtdec_config)
    fmc_offset_region_config                 0x0800155d   Thumb Code    28  gd32w51x_fmc.o(.text.fmc_offset_region_config)
    fmc_offset_value_config                  0x08001579   Thumb Code    20  gd32w51x_fmc.o(.text.fmc_offset_value_config)
    fmc_page_erase                           0x0800158d   Thumb Code   332  gd32w51x_fmc.o(.text.fmc_page_erase)
    fmc_unlock                               0x080016d9   Thumb Code    38  gd32w51x_fmc.o(.text.fmc_unlock)
    fmc_word_program                         0x08001701   Thumb Code   330  gd32w51x_fmc.o(.text.fmc_word_program)
    gpio_af_set                              0x0800184d   Thumb Code   212  gd32w51x_gpio.o(.text.gpio_af_set)
    gpio_mode_set                            0x08001921   Thumb Code   374  gd32w51x_gpio.o(.text.gpio_mode_set)
    gpio_output_options_set                  0x08001a99   Thumb Code   238  gd32w51x_gpio.o(.text.gpio_output_options_set)
    icache_disable                           0x08001b89   Thumb Code   116  gd32w51x_icache.o(.text.icache_disable)
    icache_enable                            0x08001bfd   Thumb Code    24  gd32w51x_icache.o(.text.icache_enable)
    is_valid_flash_addr                      0x08001c15   Thumb Code    44  mbl_flash.o(.text.is_valid_flash_addr)
    log_uart_idle_wait                       0x08001c41   Thumb Code    28  mbl_uart.o(.text.log_uart_idle_wait)
    log_uart_init                            0x08001c5d   Thumb Code    12  mbl_uart.o(.text.log_uart_init)
    main                                     0x08001c69   Thumb Code   372  mbl_ns.o(.text.main)
    ob_lock                                  0x08001ddd   Thumb Code    18  gd32w51x_fmc.o(.text.ob_lock)
    ob_unlock                                0x08001df1   Thumb Code    38  gd32w51x_fmc.o(.text.ob_unlock)
    prints                                   0x08001ed1   Thumb Code   230  mbl_trace.o(.text.prints)
    rcu_clock_freq_get                       0x08001fb9   Thumb Code   380  gd32w51x_rcu.o(.text.rcu_clock_freq_get)
    rcu_periph_clock_enable                  0x08002135   Thumb Code    30  gd32w51x_rcu.o(.text.rcu_periph_clock_enable)
    rcu_periph_reset_disable                 0x08002155   Thumb Code    32  gd32w51x_rcu.o(.text.rcu_periph_reset_disable)
    rcu_periph_reset_enable                  0x08002175   Thumb Code    30  gd32w51x_rcu.o(.text.rcu_periph_reset_enable)
    sys_err_process_set                      0x08002195   Thumb Code    34  mbl_sys.o(.text.sys_err_process_set)
    sys_fw_version_set                       0x080021b9   Thumb Code    74  mbl_sys.o(.text.sys_fw_version_set)
    sys_img_flag_set                         0x08002205   Thumb Code   138  mbl_sys.o(.text.sys_img_flag_set)
    sys_running_img_set                      0x08002291   Thumb Code    76  mbl_sys.o(.text.sys_running_img_set)
    sys_statu_integritys_check               0x080022dd   Thumb Code   178  mbl_sys.o(.text.sys_statu_integritys_check)
    sys_status_check                         0x08002391   Thumb Code   440  mbl_sys.o(.text.sys_status_check)
    sys_status_dump                          0x08002605   Thumb Code   456  mbl_sys.o(.text.sys_status_dump)
    sys_status_get                           0x080027cd   Thumb Code   348  mbl_sys.o(.text.sys_status_get)
    sys_status_init                          0x08002929   Thumb Code   188  mbl_sys.o(.text.sys_status_init)
    sys_status_set                           0x08002c55   Thumb Code   204  mbl_sys.o(.text.sys_status_set)
    sys_status_show                          0x08002d21   Thumb Code   480  mbl_sys.o(.text.sys_status_show)
    sys_trace_level_set                      0x08002f01   Thumb Code    34  mbl_sys.o(.text.sys_trace_level_set)
    sys_trng_seed_set                        0x08002f25   Thumb Code    30  mbl_sys.o(.text.sys_trng_seed_set)
    system_clock_180m_40m_hxtal              0x08002f45   Thumb Code   288  mbl_system_gdm32.o(.text.system_clock_180m_40m_hxtal)
    uart_config                              0x08003065   Thumb Code   286  mbl_uart.o(.text.uart_config)
    uart_putc                                0x08003185   Thumb Code    38  mbl_uart.o(.text.uart_putc)
    usart_baudrate_set                       0x080031ad   Thumb Code   106  gd32w51x_usart.o(.text.usart_baudrate_set)
    usart_data_transmit                      0x08003219   Thumb Code     8  gd32w51x_usart.o(.text.usart_data_transmit)
    usart_deinit                             0x08003221   Thumb Code   100  gd32w51x_usart.o(.text.usart_deinit)
    usart_enable                             0x08003285   Thumb Code    10  gd32w51x_usart.o(.text.usart_enable)
    usart_flag_get                           0x08003291   Thumb Code    24  gd32w51x_usart.o(.text.usart_flag_get)
    usart_transmit_config                    0x080032a9   Thumb Code    16  gd32w51x_usart.o(.text.usart_transmit_config)
    Long Thumb to Thumb Veneer to mbedtls_md5_ret 0x080032b9   Thumb Code    10  anon$$obj.o(Veneer$$Code)
    Long Thumb to Thumb Veneer to mbedtls_aes_init 0x080032c3   Thumb Code    10  anon$$obj.o(Veneer$$Code)
    Long Thumb to Thumb Veneer to mbedtls_aes_setkey_dec 0x080032cd   Thumb Code    10  anon$$obj.o(Veneer$$Code)
    Long Thumb to Thumb Veneer to mbedtls_aes_crypt_ecb 0x080032d7   Thumb Code    10  anon$$obj.o(Veneer$$Code)
    Long Thumb to Thumb Veneer to mbedtls_aes_free 0x080032e1   Thumb Code    10  anon$$obj.o(Veneer$$Code)
    Long Thumb to Thumb Veneer to qspi_flash_sector_erase 0x080032eb   Thumb Code    10  anon$$obj.o(Veneer$$Code)
    Long Thumb to Thumb Veneer to qspi_flash_page_program 0x080032f5   Thumb Code    10  anon$$obj.o(Veneer$$Code)
    Long Thumb to Thumb Veneer to qspi_flash_read 0x080032ff   Thumb Code    10  anon$$obj.o(Veneer$$Code)
    Long Thumb to Thumb Veneer to qspi_flash_config 0x08003309   Thumb Code    10  anon$$obj.o(Veneer$$Code)
    Long Thumb to Thumb Veneer to mbedtls_calloc 0x08003313   Thumb Code    10  anon$$obj.o(Veneer$$Code)
    Long Thumb to Thumb Veneer to mbedtls_free 0x0800331d   Thumb Code    10  anon$$obj.o(Veneer$$Code)
    Long Thumb to Thumb Veneer to mbedtls_memory_buffer_alloc_init 0x08003327   Thumb Code    10  anon$$obj.o(Veneer$$Code)
    Long Thumb to Thumb Veneer to mbedtls_aes_setkey_enc 0x08003331   Thumb Code    10  anon$$obj.o(Veneer$$Code)
    Long Thumb to Thumb Veneer to mbedtls_aes_crypt_cbc 0x0800333b   Thumb Code    10  anon$$obj.o(Veneer$$Code)
    __scatterload_copy                       0x08003345   Thumb Code    14  handlers.o(i.__scatterload_copy)
    __scatterload_null                       0x08003353   Thumb Code     2  handlers.o(i.__scatterload_null)
    __scatterload_zeroinit                   0x08003355   Thumb Code    14  handlers.o(i.__scatterload_zeroinit)
    Region$$Table$$Base                      0x080033d4   Number         0  anon$$obj.o(Region$$Table)
    Region$$Table$$Limit                     0x08003404   Number         0  anon$$obj.o(Region$$Table)
    mbl_api                                  0x08007c00   Data         256  mbl_api.o(.rodata.mbl_api)
    ED25519_verify                           0x0ff4f825   Thumb Code     0  rom_symbol_mbedtls_20200709 ABSOLUTE
    __exit                                   0x0ff4f989   Thumb Code     0  rom_symbol_mbedtls_20200709 ABSOLUTE
    mbedtls_aes_crypt_cbc                    0x0ff56a25   Thumb Code     0  rom_symbol_mbedtls_20200709 ABSOLUTE
    mbedtls_aes_crypt_cfb128                 0x0ff56a99   Thumb Code     0  rom_symbol_mbedtls_20200709 ABSOLUTE
    mbedtls_aes_crypt_cfb8                   0x0ff56b21   Thumb Code     0  rom_symbol_mbedtls_20200709 ABSOLUTE
    mbedtls_aes_crypt_ctr                    0x0ff56b95   Thumb Code     0  rom_symbol_mbedtls_20200709 ABSOLUTE
    mbedtls_aes_crypt_ecb                    0x0ff56c11   Thumb Code     0  rom_symbol_mbedtls_20200709 ABSOLUTE
    mbedtls_aes_crypt_ofb                    0x0ff56c45   Thumb Code     0  rom_symbol_mbedtls_20200709 ABSOLUTE
    mbedtls_aes_free                         0x0ff56ca5   Thumb Code     0  rom_symbol_mbedtls_20200709 ABSOLUTE
    mbedtls_aes_init                         0x0ff56cb1   Thumb Code     0  rom_symbol_mbedtls_20200709 ABSOLUTE
    mbedtls_aes_setkey_dec                   0x0ff56cb9   Thumb Code     0  rom_symbol_mbedtls_20200709 ABSOLUTE
    mbedtls_aes_setkey_enc                   0x0ff56cc9   Thumb Code     0  rom_symbol_mbedtls_20200709 ABSOLUTE
    mbedtls_arc4_crypt                       0x0ff56cd9   Thumb Code     0  rom_symbol_mbedtls_20200709 ABSOLUTE
    mbedtls_arc4_free                        0x0ff56d25   Thumb Code     0  rom_symbol_mbedtls_20200709 ABSOLUTE
    mbedtls_arc4_init                        0x0ff56d35   Thumb Code     0  rom_symbol_mbedtls_20200709 ABSOLUTE
    mbedtls_arc4_setup                       0x0ff56d41   Thumb Code     0  rom_symbol_mbedtls_20200709 ABSOLUTE
    mbedtls_asn1_find_named_data             0x0ff56d95   Thumb Code     0  rom_symbol_mbedtls_20200709 ABSOLUTE
    mbedtls_asn1_free_named_data             0x0ff56dc5   Thumb Code     0  rom_symbol_mbedtls_20200709 ABSOLUTE
    mbedtls_asn1_free_named_data_list        0x0ff56de9   Thumb Code     0  rom_symbol_mbedtls_20200709 ABSOLUTE
    mbedtls_asn1_get_alg                     0x0ff56e0d   Thumb Code     0  rom_symbol_mbedtls_20200709 ABSOLUTE
    mbedtls_asn1_get_alg_null                0x0ff56ea1   Thumb Code     0  rom_symbol_mbedtls_20200709 ABSOLUTE
    mbedtls_asn1_get_bitstring               0x0ff56ee9   Thumb Code     0  rom_symbol_mbedtls_20200709 ABSOLUTE
    mbedtls_asn1_get_bitstring_null          0x0ff56f35   Thumb Code     0  rom_symbol_mbedtls_20200709 ABSOLUTE
    mbedtls_asn1_get_bool                    0x0ff56f69   Thumb Code     0  rom_symbol_mbedtls_20200709 ABSOLUTE
    mbedtls_asn1_get_int                     0x0ff56fa5   Thumb Code     0  rom_symbol_mbedtls_20200709 ABSOLUTE
    mbedtls_asn1_get_len                     0x0ff57009   Thumb Code     0  rom_symbol_mbedtls_20200709 ABSOLUTE
    mbedtls_asn1_get_mpi                     0x0ff570b5   Thumb Code     0  rom_symbol_mbedtls_20200709 ABSOLUTE
    mbedtls_asn1_get_sequence_of             0x0ff570e1   Thumb Code     0  rom_symbol_mbedtls_20200709 ABSOLUTE
    mbedtls_asn1_get_tag                     0x0ff57165   Thumb Code     0  rom_symbol_mbedtls_20200709 ABSOLUTE
    mbedtls_asn1_store_named_data            0x0ff57199   Thumb Code     0  rom_symbol_mbedtls_20200709 ABSOLUTE
    mbedtls_asn1_write_algorithm_identifier  0x0ff57251   Thumb Code     0  rom_symbol_mbedtls_20200709 ABSOLUTE
    mbedtls_asn1_write_bitstring             0x0ff572b1   Thumb Code     0  rom_symbol_mbedtls_20200709 ABSOLUTE
    mbedtls_asn1_write_bool                  0x0ff57345   Thumb Code     0  rom_symbol_mbedtls_20200709 ABSOLUTE
    mbedtls_asn1_write_ia5_string            0x0ff57395   Thumb Code     0  rom_symbol_mbedtls_20200709 ABSOLUTE
    mbedtls_asn1_write_int                   0x0ff573ad   Thumb Code     0  rom_symbol_mbedtls_20200709 ABSOLUTE
    mbedtls_asn1_write_len                   0x0ff57421   Thumb Code     0  rom_symbol_mbedtls_20200709 ABSOLUTE
    mbedtls_asn1_write_mpi                   0x0ff57525   Thumb Code     0  rom_symbol_mbedtls_20200709 ABSOLUTE
    mbedtls_asn1_write_named_bitstring       0x0ff575b5   Thumb Code     0  rom_symbol_mbedtls_20200709 ABSOLUTE
    mbedtls_asn1_write_null                  0x0ff57605   Thumb Code     0  rom_symbol_mbedtls_20200709 ABSOLUTE
    mbedtls_asn1_write_octet_string          0x0ff5762d   Thumb Code     0  rom_symbol_mbedtls_20200709 ABSOLUTE
    mbedtls_asn1_write_oid                   0x0ff5766d   Thumb Code     0  rom_symbol_mbedtls_20200709 ABSOLUTE
    mbedtls_asn1_write_printable_string      0x0ff576ad   Thumb Code     0  rom_symbol_mbedtls_20200709 ABSOLUTE
    mbedtls_asn1_write_raw_buffer            0x0ff576c5   Thumb Code     0  rom_symbol_mbedtls_20200709 ABSOLUTE
    mbedtls_asn1_write_tag                   0x0ff576f1   Thumb Code     0  rom_symbol_mbedtls_20200709 ABSOLUTE
    mbedtls_asn1_write_tagged_string         0x0ff5770d   Thumb Code     0  rom_symbol_mbedtls_20200709 ABSOLUTE
    mbedtls_asn1_write_utf8_string           0x0ff5775d   Thumb Code     0  rom_symbol_mbedtls_20200709 ABSOLUTE
    mbedtls_base64_decode                    0x0ff57775   Thumb Code     0  rom_symbol_mbedtls_20200709 ABSOLUTE
    mbedtls_base64_encode                    0x0ff57911   Thumb Code     0  rom_symbol_mbedtls_20200709 ABSOLUTE
    mbedtls_blowfish_crypt_cbc               0x0ff57a1d   Thumb Code     0  rom_symbol_mbedtls_20200709 ABSOLUTE
    mbedtls_blowfish_crypt_cfb64             0x0ff57ac1   Thumb Code     0  rom_symbol_mbedtls_20200709 ABSOLUTE
    mbedtls_blowfish_crypt_ctr               0x0ff57b51   Thumb Code     0  rom_symbol_mbedtls_20200709 ABSOLUTE
    mbedtls_blowfish_crypt_ecb               0x0ff57bd9   Thumb Code     0  rom_symbol_mbedtls_20200709 ABSOLUTE
    mbedtls_blowfish_free                    0x0ff57c25   Thumb Code     0  rom_symbol_mbedtls_20200709 ABSOLUTE
    mbedtls_blowfish_init                    0x0ff57c35   Thumb Code     0  rom_symbol_mbedtls_20200709 ABSOLUTE
    mbedtls_blowfish_setkey                  0x0ff57c41   Thumb Code     0  rom_symbol_mbedtls_20200709 ABSOLUTE
    mbedtls_calloc                           0x0ff57d29   Thumb Code     0  rom_symbol_mbedtls_20200709 ABSOLUTE
    mbedtls_camellia_crypt_cbc               0x0ff57d3d   Thumb Code     0  rom_symbol_mbedtls_20200709 ABSOLUTE
    mbedtls_camellia_crypt_cfb128            0x0ff57ddd   Thumb Code     0  rom_symbol_mbedtls_20200709 ABSOLUTE
    mbedtls_camellia_crypt_ctr               0x0ff57e69   Thumb Code     0  rom_symbol_mbedtls_20200709 ABSOLUTE
    mbedtls_camellia_crypt_ecb               0x0ff57eed   Thumb Code     0  rom_symbol_mbedtls_20200709 ABSOLUTE
    mbedtls_camellia_free                    0x0ff58039   Thumb Code     0  rom_symbol_mbedtls_20200709 ABSOLUTE
    mbedtls_camellia_init                    0x0ff58049   Thumb Code     0  rom_symbol_mbedtls_20200709 ABSOLUTE
    mbedtls_camellia_setkey_dec              0x0ff58055   Thumb Code     0  rom_symbol_mbedtls_20200709 ABSOLUTE
    mbedtls_camellia_setkey_enc              0x0ff58109   Thumb Code     0  rom_symbol_mbedtls_20200709 ABSOLUTE
    mbedtls_ccm_auth_decrypt                 0x0ff584fd   Thumb Code     0  rom_symbol_mbedtls_20200709 ABSOLUTE
    mbedtls_ccm_encrypt_and_tag              0x0ff58511   Thumb Code     0  rom_symbol_mbedtls_20200709 ABSOLUTE
    mbedtls_ccm_free                         0x0ff58525   Thumb Code     0  rom_symbol_mbedtls_20200709 ABSOLUTE
    mbedtls_ccm_init                         0x0ff58541   Thumb Code     0  rom_symbol_mbedtls_20200709 ABSOLUTE
    mbedtls_ccm_setkey                       0x0ff58549   Thumb Code     0  rom_symbol_mbedtls_20200709 ABSOLUTE
    mbedtls_ccm_star_auth_decrypt            0x0ff58595   Thumb Code     0  rom_symbol_mbedtls_20200709 ABSOLUTE
    mbedtls_ccm_star_encrypt_and_tag         0x0ff58605   Thumb Code     0  rom_symbol_mbedtls_20200709 ABSOLUTE
    mbedtls_cipher_auth_decrypt              0x0ff58631   Thumb Code     0  rom_symbol_mbedtls_20200709 ABSOLUTE
    mbedtls_cipher_auth_encrypt              0x0ff586b5   Thumb Code     0  rom_symbol_mbedtls_20200709 ABSOLUTE
    mbedtls_cipher_check_tag                 0x0ff5872d   Thumb Code     0  rom_symbol_mbedtls_20200709 ABSOLUTE
    mbedtls_cipher_crypt                     0x0ff58781   Thumb Code     0  rom_symbol_mbedtls_20200709 ABSOLUTE
    mbedtls_cipher_finish                    0x0ff587c5   Thumb Code     0  rom_symbol_mbedtls_20200709 ABSOLUTE
    mbedtls_cipher_free                      0x0ff588c9   Thumb Code     0  rom_symbol_mbedtls_20200709 ABSOLUTE
    mbedtls_cipher_info_from_string          0x0ff58919   Thumb Code     0  rom_symbol_mbedtls_20200709 ABSOLUTE
    mbedtls_cipher_info_from_type            0x0ff5895d   Thumb Code     0  rom_symbol_mbedtls_20200709 ABSOLUTE
    mbedtls_cipher_info_from_values          0x0ff58989   Thumb Code     0  rom_symbol_mbedtls_20200709 ABSOLUTE
    mbedtls_cipher_init                      0x0ff589d5   Thumb Code     0  rom_symbol_mbedtls_20200709 ABSOLUTE
    mbedtls_cipher_list                      0x0ff589dd   Thumb Code     0  rom_symbol_mbedtls_20200709 ABSOLUTE
    mbedtls_cipher_reset                     0x0ff58a29   Thumb Code     0  rom_symbol_mbedtls_20200709 ABSOLUTE
    mbedtls_cipher_set_iv                    0x0ff58a41   Thumb Code     0  rom_symbol_mbedtls_20200709 ABSOLUTE
    mbedtls_cipher_set_padding_mode          0x0ff58a85   Thumb Code     0  rom_symbol_mbedtls_20200709 ABSOLUTE
    mbedtls_cipher_setkey                    0x0ff58ac5   Thumb Code     0  rom_symbol_mbedtls_20200709 ABSOLUTE
    mbedtls_cipher_setup                     0x0ff58b21   Thumb Code     0  rom_symbol_mbedtls_20200709 ABSOLUTE
    mbedtls_cipher_update                    0x0ff58b61   Thumb Code     0  rom_symbol_mbedtls_20200709 ABSOLUTE
    mbedtls_cipher_update_ad                 0x0ff58da9   Thumb Code     0  rom_symbol_mbedtls_20200709 ABSOLUTE
    mbedtls_cipher_write_tag                 0x0ff58de9   Thumb Code     0  rom_symbol_mbedtls_20200709 ABSOLUTE
    mbedtls_ciphersuite_preference_init      0x0ff58e1d   Thumb Code     0  rom_symbol_mbedtls_20200709 ABSOLUTE
    mbedtls_ctr_drbg_free                    0x0ff58e81   Thumb Code     0  rom_symbol_mbedtls_20200709 ABSOLUTE
    mbedtls_ctr_drbg_init                    0x0ff58ea1   Thumb Code     0  rom_symbol_mbedtls_20200709 ABSOLUTE
    mbedtls_ctr_drbg_random                  0x0ff58ea9   Thumb Code     0  rom_symbol_mbedtls_20200709 ABSOLUTE
    mbedtls_ctr_drbg_random_with_add         0x0ff58ec1   Thumb Code     0  rom_symbol_mbedtls_20200709 ABSOLUTE
    mbedtls_ctr_drbg_reseed                  0x0ff58fa9   Thumb Code     0  rom_symbol_mbedtls_20200709 ABSOLUTE
    mbedtls_ctr_drbg_seed                    0x0ff59035   Thumb Code     0  rom_symbol_mbedtls_20200709 ABSOLUTE
    mbedtls_ctr_drbg_seed_entropy_len        0x0ff5904d   Thumb Code     0  rom_symbol_mbedtls_20200709 ABSOLUTE
    mbedtls_ctr_drbg_set_entropy_len         0x0ff590a5   Thumb Code     0  rom_symbol_mbedtls_20200709 ABSOLUTE
    mbedtls_ctr_drbg_set_prediction_resistance 0x0ff590a9   Thumb Code     0  rom_symbol_mbedtls_20200709 ABSOLUTE
    mbedtls_ctr_drbg_set_reseed_interval     0x0ff590ad   Thumb Code     0  rom_symbol_mbedtls_20200709 ABSOLUTE
    mbedtls_ctr_drbg_update                  0x0ff590b1   Thumb Code     0  rom_symbol_mbedtls_20200709 ABSOLUTE
    mbedtls_ctr_drbg_update_ret              0x0ff590c1   Thumb Code     0  rom_symbol_mbedtls_20200709 ABSOLUTE
    mbedtls_des3_crypt_cbc                   0x0ff590f1   Thumb Code     0  rom_symbol_mbedtls_20200709 ABSOLUTE
    mbedtls_des3_crypt_ecb                   0x0ff59151   Thumb Code     0  rom_symbol_mbedtls_20200709 ABSOLUTE
    mbedtls_des3_free                        0x0ff5917d   Thumb Code     0  rom_symbol_mbedtls_20200709 ABSOLUTE
    mbedtls_des3_init                        0x0ff59189   Thumb Code     0  rom_symbol_mbedtls_20200709 ABSOLUTE
    mbedtls_des3_set2key_dec                 0x0ff59191   Thumb Code     0  rom_symbol_mbedtls_20200709 ABSOLUTE
    mbedtls_des3_set2key_enc                 0x0ff591b5   Thumb Code     0  rom_symbol_mbedtls_20200709 ABSOLUTE
    mbedtls_des3_set3key_dec                 0x0ff591d9   Thumb Code     0  rom_symbol_mbedtls_20200709 ABSOLUTE
    mbedtls_des3_set3key_enc                 0x0ff591ed   Thumb Code     0  rom_symbol_mbedtls_20200709 ABSOLUTE
    mbedtls_des_crypt_cbc                    0x0ff59201   Thumb Code     0  rom_symbol_mbedtls_20200709 ABSOLUTE
    mbedtls_des_crypt_ecb                    0x0ff59265   Thumb Code     0  rom_symbol_mbedtls_20200709 ABSOLUTE
    mbedtls_des_free                         0x0ff59291   Thumb Code     0  rom_symbol_mbedtls_20200709 ABSOLUTE
    mbedtls_des_init                         0x0ff5929d   Thumb Code     0  rom_symbol_mbedtls_20200709 ABSOLUTE
    mbedtls_des_key_set_parity               0x0ff592a5   Thumb Code     0  rom_symbol_mbedtls_20200709 ABSOLUTE
    mbedtls_des_setkey_dec                   0x0ff592c1   Thumb Code     0  rom_symbol_mbedtls_20200709 ABSOLUTE
    mbedtls_des_setkey_enc                   0x0ff592d5   Thumb Code     0  rom_symbol_mbedtls_20200709 ABSOLUTE
    mbedtls_dhm_calc_secret                  0x0ff592e9   Thumb Code     0  rom_symbol_mbedtls_20200709 ABSOLUTE
    mbedtls_dhm_free                         0x0ff593e1   Thumb Code     0  rom_symbol_mbedtls_20200709 ABSOLUTE
    mbedtls_dhm_init                         0x0ff59445   Thumb Code     0  rom_symbol_mbedtls_20200709 ABSOLUTE
    mbedtls_dhm_make_params                  0x0ff5944d   Thumb Code     0  rom_symbol_mbedtls_20200709 ABSOLUTE
    mbedtls_dhm_make_public                  0x0ff59579   Thumb Code     0  rom_symbol_mbedtls_20200709 ABSOLUTE
    mbedtls_dhm_parse_dhm                    0x0ff59655   Thumb Code     0  rom_symbol_mbedtls_20200709 ABSOLUTE
    mbedtls_dhm_read_params                  0x0ff5977d   Thumb Code     0  rom_symbol_mbedtls_20200709 ABSOLUTE
    mbedtls_dhm_read_public                  0x0ff597d1   Thumb Code     0  rom_symbol_mbedtls_20200709 ABSOLUTE
    mbedtls_dhm_set_group                    0x0ff597f5   Thumb Code     0  rom_symbol_mbedtls_20200709 ABSOLUTE
    mbedtls_ecdh_calc_secret                 0x0ff59825   Thumb Code     0  rom_symbol_mbedtls_20200709 ABSOLUTE
    mbedtls_ecdh_compute_shared              0x0ff59829   Thumb Code     0  rom_symbol_mbedtls_20200709 ABSOLUTE
    mbedtls_ecdh_free                        0x0ff5982d   Thumb Code     0  rom_symbol_mbedtls_20200709 ABSOLUTE
    mbedtls_ecdh_gen_public                  0x0ff59859   Thumb Code     0  rom_symbol_mbedtls_20200709 ABSOLUTE
    mbedtls_ecdh_get_params                  0x0ff5985d   Thumb Code     0  rom_symbol_mbedtls_20200709 ABSOLUTE
    mbedtls_ecdh_init                        0x0ff59881   Thumb Code     0  rom_symbol_mbedtls_20200709 ABSOLUTE
    mbedtls_ecdh_make_params                 0x0ff598a9   Thumb Code     0  rom_symbol_mbedtls_20200709 ABSOLUTE
    mbedtls_ecdh_make_public                 0x0ff598c9   Thumb Code     0  rom_symbol_mbedtls_20200709 ABSOLUTE
    mbedtls_ecdh_read_params                 0x0ff598e9   Thumb Code     0  rom_symbol_mbedtls_20200709 ABSOLUTE
    mbedtls_ecdh_read_public                 0x0ff5991d   Thumb Code     0  rom_symbol_mbedtls_20200709 ABSOLUTE
    mbedtls_ecdh_setup                       0x0ff59921   Thumb Code     0  rom_symbol_mbedtls_20200709 ABSOLUTE
    mbedtls_ecdsa_free                       0x0ff59925   Thumb Code     0  rom_symbol_mbedtls_20200709 ABSOLUTE
    mbedtls_ecdsa_from_keypair               0x0ff59931   Thumb Code     0  rom_symbol_mbedtls_20200709 ABSOLUTE
    mbedtls_ecdsa_genkey                     0x0ff59971   Thumb Code     0  rom_symbol_mbedtls_20200709 ABSOLUTE
    mbedtls_ecdsa_init                       0x0ff5999d   Thumb Code     0  rom_symbol_mbedtls_20200709 ABSOLUTE
    mbedtls_ecdsa_read_signature             0x0ff599a1   Thumb Code     0  rom_symbol_mbedtls_20200709 ABSOLUTE
    mbedtls_ecdsa_read_signature_restartable 0x0ff599b5   Thumb Code     0  rom_symbol_mbedtls_20200709 ABSOLUTE
    mbedtls_ecdsa_sign                       0x0ff59a61   Thumb Code     0  rom_symbol_mbedtls_20200709 ABSOLUTE
    mbedtls_ecdsa_sign_det                   0x0ff59c85   Thumb Code     0  rom_symbol_mbedtls_20200709 ABSOLUTE
    mbedtls_ecdsa_verify                     0x0ff59c89   Thumb Code     0  rom_symbol_mbedtls_20200709 ABSOLUTE
    mbedtls_ecdsa_write_signature            0x0ff59e19   Thumb Code     0  rom_symbol_mbedtls_20200709 ABSOLUTE
    mbedtls_ecdsa_write_signature_det        0x0ff59e2d   Thumb Code     0  rom_symbol_mbedtls_20200709 ABSOLUTE
    mbedtls_ecdsa_write_signature_restartable 0x0ff59e49   Thumb Code     0  rom_symbol_mbedtls_20200709 ABSOLUTE
    mbedtls_ecjpake_check                    0x0ff59ea5   Thumb Code     0  rom_symbol_mbedtls_20200709 ABSOLUTE
    mbedtls_ecjpake_derive_secret            0x0ff59ec9   Thumb Code     0  rom_symbol_mbedtls_20200709 ABSOLUTE
    mbedtls_ecjpake_free                     0x0ff59fb5   Thumb Code     0  rom_symbol_mbedtls_20200709 ABSOLUTE
    mbedtls_ecjpake_init                     0x0ff5a011   Thumb Code     0  rom_symbol_mbedtls_20200709 ABSOLUTE
    mbedtls_ecjpake_read_round_one           0x0ff5a069   Thumb Code     0  rom_symbol_mbedtls_20200709 ABSOLUTE
    mbedtls_ecjpake_read_round_two           0x0ff5a0ad   Thumb Code     0  rom_symbol_mbedtls_20200709 ABSOLUTE
    mbedtls_ecjpake_setup                    0x0ff5a16d   Thumb Code     0  rom_symbol_mbedtls_20200709 ABSOLUTE
    mbedtls_ecjpake_write_round_one          0x0ff5a1bd   Thumb Code     0  rom_symbol_mbedtls_20200709 ABSOLUTE
    mbedtls_ecjpake_write_round_two          0x0ff5a221   Thumb Code     0  rom_symbol_mbedtls_20200709 ABSOLUTE
    mbedtls_ecp_check_privkey                0x0ff5a361   Thumb Code     0  rom_symbol_mbedtls_20200709 ABSOLUTE
    mbedtls_ecp_check_pub_priv               0x0ff5a3e5   Thumb Code     0  rom_symbol_mbedtls_20200709 ABSOLUTE
    mbedtls_ecp_check_pubkey                 0x0ff5a4a9   Thumb Code     0  rom_symbol_mbedtls_20200709 ABSOLUTE
    mbedtls_ecp_copy                         0x0ff5a4f1   Thumb Code     0  rom_symbol_mbedtls_20200709 ABSOLUTE
    mbedtls_ecp_curve_info_from_grp_id       0x0ff5a521   Thumb Code     0  rom_symbol_mbedtls_20200709 ABSOLUTE
    mbedtls_ecp_curve_info_from_name         0x0ff5a541   Thumb Code     0  rom_symbol_mbedtls_20200709 ABSOLUTE
    mbedtls_ecp_curve_info_from_tls_id       0x0ff5a571   Thumb Code     0  rom_symbol_mbedtls_20200709 ABSOLUTE
    mbedtls_ecp_curve_list                   0x0ff5a591   Thumb Code     0  rom_symbol_mbedtls_20200709 ABSOLUTE
    mbedtls_ecp_curve_val_init               0x0ff5a59d   Thumb Code     0  rom_symbol_mbedtls_20200709 ABSOLUTE
    mbedtls_ecp_gen_key                      0x0ff5a5dd   Thumb Code     0  rom_symbol_mbedtls_20200709 ABSOLUTE
    mbedtls_ecp_gen_keypair                  0x0ff5a60d   Thumb Code     0  rom_symbol_mbedtls_20200709 ABSOLUTE
    mbedtls_ecp_gen_keypair_base             0x0ff5a62d   Thumb Code     0  rom_symbol_mbedtls_20200709 ABSOLUTE
    mbedtls_ecp_gen_privkey                  0x0ff5a65d   Thumb Code     0  rom_symbol_mbedtls_20200709 ABSOLUTE
    mbedtls_ecp_group_copy                   0x0ff5a78d   Thumb Code     0  rom_symbol_mbedtls_20200709 ABSOLUTE
    mbedtls_ecp_group_free                   0x0ff5a795   Thumb Code     0  rom_symbol_mbedtls_20200709 ABSOLUTE
    mbedtls_ecp_group_init                   0x0ff5a7fd   Thumb Code     0  rom_symbol_mbedtls_20200709 ABSOLUTE
    mbedtls_ecp_group_load                   0x0ff5a839   Thumb Code     0  rom_symbol_mbedtls_20200709 ABSOLUTE
    mbedtls_ecp_grp_id_list                  0x0ff5ac65   Thumb Code     0  rom_symbol_mbedtls_20200709 ABSOLUTE
    mbedtls_ecp_is_zero                      0x0ff5acb5   Thumb Code     0  rom_symbol_mbedtls_20200709 ABSOLUTE
    mbedtls_ecp_keypair_free                 0x0ff5acc9   Thumb Code     0  rom_symbol_mbedtls_20200709 ABSOLUTE
    mbedtls_ecp_keypair_init                 0x0ff5aced   Thumb Code     0  rom_symbol_mbedtls_20200709 ABSOLUTE
    mbedtls_ecp_mul                          0x0ff5ad09   Thumb Code     0  rom_symbol_mbedtls_20200709 ABSOLUTE
    mbedtls_ecp_mul_restartable              0x0ff5ad1d   Thumb Code     0  rom_symbol_mbedtls_20200709 ABSOLUTE
    mbedtls_ecp_muladd                       0x0ff5ae19   Thumb Code     0  rom_symbol_mbedtls_20200709 ABSOLUTE
    mbedtls_ecp_muladd_restartable           0x0ff5ae31   Thumb Code     0  rom_symbol_mbedtls_20200709 ABSOLUTE
    mbedtls_ecp_point_cmp                    0x0ff5aead   Thumb Code     0  rom_symbol_mbedtls_20200709 ABSOLUTE
    mbedtls_ecp_point_free                   0x0ff5aee5   Thumb Code     0  rom_symbol_mbedtls_20200709 ABSOLUTE
    mbedtls_ecp_point_init                   0x0ff5af09   Thumb Code     0  rom_symbol_mbedtls_20200709 ABSOLUTE
    mbedtls_ecp_point_read_binary            0x0ff5af25   Thumb Code     0  rom_symbol_mbedtls_20200709 ABSOLUTE
    mbedtls_ecp_point_read_string            0x0ff5afa1   Thumb Code     0  rom_symbol_mbedtls_20200709 ABSOLUTE
    mbedtls_ecp_point_write_binary           0x0ff5afd1   Thumb Code     0  rom_symbol_mbedtls_20200709 ABSOLUTE
    mbedtls_ecp_set_zero                     0x0ff5b07d   Thumb Code     0  rom_symbol_mbedtls_20200709 ABSOLUTE
    mbedtls_ecp_tls_read_group               0x0ff5b0a9   Thumb Code     0  rom_symbol_mbedtls_20200709 ABSOLUTE
    mbedtls_ecp_tls_read_group_id            0x0ff5b0c9   Thumb Code     0  rom_symbol_mbedtls_20200709 ABSOLUTE
    mbedtls_ecp_tls_read_point               0x0ff5b10d   Thumb Code     0  rom_symbol_mbedtls_20200709 ABSOLUTE
    mbedtls_ecp_tls_write_group              0x0ff5b149   Thumb Code     0  rom_symbol_mbedtls_20200709 ABSOLUTE
    mbedtls_ecp_tls_write_point              0x0ff5b181   Thumb Code     0  rom_symbol_mbedtls_20200709 ABSOLUTE
    mbedtls_entropy_add_source               0x0ff5b1bd   Thumb Code     0  rom_symbol_mbedtls_20200709 ABSOLUTE
    mbedtls_entropy_free                     0x0ff5b1ed   Thumb Code     0  rom_symbol_mbedtls_20200709 ABSOLUTE
    mbedtls_entropy_func                     0x0ff5b211   Thumb Code     0  rom_symbol_mbedtls_20200709 ABSOLUTE
    mbedtls_entropy_gather                   0x0ff5b2fd   Thumb Code     0  rom_symbol_mbedtls_20200709 ABSOLUTE
    mbedtls_entropy_init                     0x0ff5b301   Thumb Code     0  rom_symbol_mbedtls_20200709 ABSOLUTE
    mbedtls_entropy_update_manual            0x0ff5b341   Thumb Code     0  rom_symbol_mbedtls_20200709 ABSOLUTE
    mbedtls_free                             0x0ff5b34d   Thumb Code     0  rom_symbol_mbedtls_20200709 ABSOLUTE
    mbedtls_gcm_auth_decrypt                 0x0ff5b361   Thumb Code     0  rom_symbol_mbedtls_20200709 ABSOLUTE
    mbedtls_gcm_crypt_and_tag                0x0ff5b3d5   Thumb Code     0  rom_symbol_mbedtls_20200709 ABSOLUTE
    mbedtls_gcm_finish                       0x0ff5b421   Thumb Code     0  rom_symbol_mbedtls_20200709 ABSOLUTE
    mbedtls_gcm_free                         0x0ff5b555   Thumb Code     0  rom_symbol_mbedtls_20200709 ABSOLUTE
    mbedtls_gcm_init                         0x0ff5b575   Thumb Code     0  rom_symbol_mbedtls_20200709 ABSOLUTE
    mbedtls_gcm_setkey                       0x0ff5b581   Thumb Code     0  rom_symbol_mbedtls_20200709 ABSOLUTE
    mbedtls_gcm_starts                       0x0ff5b5d5   Thumb Code     0  rom_symbol_mbedtls_20200709 ABSOLUTE
    mbedtls_gcm_update                       0x0ff5b719   Thumb Code     0  rom_symbol_mbedtls_20200709 ABSOLUTE
    mbedtls_hardware_poll                    0x0ff5b81d   Thumb Code     0  rom_symbol_mbedtls_20200709 ABSOLUTE
    mbedtls_hkdf                             0x0ff5b839   Thumb Code     0  rom_symbol_mbedtls_20200709 ABSOLUTE
    mbedtls_hkdf_expand                      0x0ff5b889   Thumb Code     0  rom_symbol_mbedtls_20200709 ABSOLUTE
    mbedtls_hkdf_extract                     0x0ff5b99d   Thumb Code     0  rom_symbol_mbedtls_20200709 ABSOLUTE
    mbedtls_hmac_drbg_free                   0x0ff5b9f1   Thumb Code     0  rom_symbol_mbedtls_20200709 ABSOLUTE
    mbedtls_hmac_drbg_init                   0x0ff5ba0d   Thumb Code     0  rom_symbol_mbedtls_20200709 ABSOLUTE
    mbedtls_hmac_drbg_random                 0x0ff5ba15   Thumb Code     0  rom_symbol_mbedtls_20200709 ABSOLUTE
    mbedtls_hmac_drbg_random_with_add        0x0ff5ba2d   Thumb Code     0  rom_symbol_mbedtls_20200709 ABSOLUTE
    mbedtls_hmac_drbg_reseed                 0x0ff5bb05   Thumb Code     0  rom_symbol_mbedtls_20200709 ABSOLUTE
    mbedtls_hmac_drbg_seed                   0x0ff5bb8d   Thumb Code     0  rom_symbol_mbedtls_20200709 ABSOLUTE
    mbedtls_hmac_drbg_seed_buf               0x0ff5bc09   Thumb Code     0  rom_symbol_mbedtls_20200709 ABSOLUTE
    mbedtls_hmac_drbg_set_entropy_len        0x0ff5bc5d   Thumb Code     0  rom_symbol_mbedtls_20200709 ABSOLUTE
    mbedtls_hmac_drbg_set_prediction_resistance 0x0ff5bc61   Thumb Code     0  rom_symbol_mbedtls_20200709 ABSOLUTE
    mbedtls_hmac_drbg_set_reseed_interval    0x0ff5bc65   Thumb Code     0  rom_symbol_mbedtls_20200709 ABSOLUTE
    mbedtls_hmac_drbg_update                 0x0ff5bc69   Thumb Code     0  rom_symbol_mbedtls_20200709 ABSOLUTE
    mbedtls_hmac_drbg_update_ret             0x0ff5bc6d   Thumb Code     0  rom_symbol_mbedtls_20200709 ABSOLUTE
    mbedtls_hwpka_flag_set                   0x0ff5bd45   Thumb Code     0  rom_symbol_mbedtls_20200709 ABSOLUTE
    mbedtls_internal_md5_process             0x0ff5be3d   Thumb Code     0  rom_symbol_mbedtls_20200709 ABSOLUTE
    mbedtls_internal_sha1_process            0x0ff5c58d   Thumb Code     0  rom_symbol_mbedtls_20200709 ABSOLUTE
    mbedtls_internal_sha256_process          0x0ff5d5d1   Thumb Code     0  rom_symbol_mbedtls_20200709 ABSOLUTE
    mbedtls_internal_sha512_process          0x0ff5dd15   Thumb Code     0  rom_symbol_mbedtls_20200709 ABSOLUTE
    mbedtls_md                               0x0ff5e699   Thumb Code     0  rom_symbol_mbedtls_20200709 ABSOLUTE
    mbedtls_md5                              0x0ff5e6b5   Thumb Code     0  rom_symbol_mbedtls_20200709 ABSOLUTE
    mbedtls_md5_clone                        0x0ff5e6b9   Thumb Code     0  rom_symbol_mbedtls_20200709 ABSOLUTE
    mbedtls_md5_finish                       0x0ff5e6c1   Thumb Code     0  rom_symbol_mbedtls_20200709 ABSOLUTE
    mbedtls_md5_finish_ret                   0x0ff5e6c5   Thumb Code     0  rom_symbol_mbedtls_20200709 ABSOLUTE
    mbedtls_md5_free                         0x0ff5e795   Thumb Code     0  rom_symbol_mbedtls_20200709 ABSOLUTE
    mbedtls_md5_init                         0x0ff5e7a1   Thumb Code     0  rom_symbol_mbedtls_20200709 ABSOLUTE
    mbedtls_md5_process                      0x0ff5e7a9   Thumb Code     0  rom_symbol_mbedtls_20200709 ABSOLUTE
    mbedtls_md5_ret                          0x0ff5e7ad   Thumb Code     0  rom_symbol_mbedtls_20200709 ABSOLUTE
    mbedtls_md5_starts                       0x0ff5e7d1   Thumb Code     0  rom_symbol_mbedtls_20200709 ABSOLUTE
    mbedtls_md5_starts_ret                   0x0ff5e7d5   Thumb Code     0  rom_symbol_mbedtls_20200709 ABSOLUTE
    mbedtls_md5_update                       0x0ff5e811   Thumb Code     0  rom_symbol_mbedtls_20200709 ABSOLUTE
    mbedtls_md5_update_ret                   0x0ff5e815   Thumb Code     0  rom_symbol_mbedtls_20200709 ABSOLUTE
    mbedtls_md_clone                         0x0ff5e8b5   Thumb Code     0  rom_symbol_mbedtls_20200709 ABSOLUTE
    mbedtls_md_finish                        0x0ff5e8f1   Thumb Code     0  rom_symbol_mbedtls_20200709 ABSOLUTE
    mbedtls_md_free                          0x0ff5e909   Thumb Code     0  rom_symbol_mbedtls_20200709 ABSOLUTE
    mbedtls_md_get_name                      0x0ff5e941   Thumb Code     0  rom_symbol_mbedtls_20200709 ABSOLUTE
    mbedtls_md_get_size                      0x0ff5e94d   Thumb Code     0  rom_symbol_mbedtls_20200709 ABSOLUTE
    mbedtls_md_get_type                      0x0ff5e959   Thumb Code     0  rom_symbol_mbedtls_20200709 ABSOLUTE
    mbedtls_md_hmac                          0x0ff5e965   Thumb Code     0  rom_symbol_mbedtls_20200709 ABSOLUTE
    mbedtls_md_hmac_finish                   0x0ff5e9cd   Thumb Code     0  rom_symbol_mbedtls_20200709 ABSOLUTE
    mbedtls_md_hmac_reset                    0x0ff5ea29   Thumb Code     0  rom_symbol_mbedtls_20200709 ABSOLUTE
    mbedtls_md_hmac_starts                   0x0ff5ea61   Thumb Code     0  rom_symbol_mbedtls_20200709 ABSOLUTE
    mbedtls_md_hmac_update                   0x0ff5eb2d   Thumb Code     0  rom_symbol_mbedtls_20200709 ABSOLUTE
    mbedtls_md_info_from_string              0x0ff5eb51   Thumb Code     0  rom_symbol_mbedtls_20200709 ABSOLUTE
    mbedtls_md_info_from_type                0x0ff5ec0d   Thumb Code     0  rom_symbol_mbedtls_20200709 ABSOLUTE
    mbedtls_md_init                          0x0ff5ec25   Thumb Code     0  rom_symbol_mbedtls_20200709 ABSOLUTE
    mbedtls_md_init_ctx                      0x0ff5ec2d   Thumb Code     0  rom_symbol_mbedtls_20200709 ABSOLUTE
    mbedtls_md_list                          0x0ff5ec35   Thumb Code     0  rom_symbol_mbedtls_20200709 ABSOLUTE
    mbedtls_md_process                       0x0ff5ec41   Thumb Code     0  rom_symbol_mbedtls_20200709 ABSOLUTE
    mbedtls_md_setup                         0x0ff5ec59   Thumb Code     0  rom_symbol_mbedtls_20200709 ABSOLUTE
    mbedtls_md_starts                        0x0ff5eca9   Thumb Code     0  rom_symbol_mbedtls_20200709 ABSOLUTE
    mbedtls_md_update                        0x0ff5ecc1   Thumb Code     0  rom_symbol_mbedtls_20200709 ABSOLUTE
    mbedtls_memory_buffer_alloc_free         0x0ff5ecd9   Thumb Code     0  rom_symbol_mbedtls_20200709 ABSOLUTE
    mbedtls_memory_buffer_alloc_init         0x0ff5ece9   Thumb Code     0  rom_symbol_mbedtls_20200709 ABSOLUTE
    mbedtls_memory_buffer_alloc_verify       0x0ff5ed59   Thumb Code     0  rom_symbol_mbedtls_20200709 ABSOLUTE
    mbedtls_memory_buffer_set_verify         0x0ff5ed5d   Thumb Code     0  rom_symbol_mbedtls_20200709 ABSOLUTE
    mbedtls_mpi_add_abs                      0x0ff5ed69   Thumb Code     0  rom_symbol_mbedtls_20200709 ABSOLUTE
    mbedtls_mpi_add_int                      0x0ff5ee39   Thumb Code     0  rom_symbol_mbedtls_20200709 ABSOLUTE
    mbedtls_mpi_add_mpi                      0x0ff5ee65   Thumb Code     0  rom_symbol_mbedtls_20200709 ABSOLUTE
    mbedtls_mpi_bitlen                       0x0ff5eebd   Thumb Code     0  rom_symbol_mbedtls_20200709 ABSOLUTE
    mbedtls_mpi_cmp_abs                      0x0ff5eef5   Thumb Code     0  rom_symbol_mbedtls_20200709 ABSOLUTE
    mbedtls_mpi_cmp_int                      0x0ff5ef85   Thumb Code     0  rom_symbol_mbedtls_20200709 ABSOLUTE
    mbedtls_mpi_cmp_mpi                      0x0ff5efad   Thumb Code     0  rom_symbol_mbedtls_20200709 ABSOLUTE
    mbedtls_mpi_copy                         0x0ff5f065   Thumb Code     0  rom_symbol_mbedtls_20200709 ABSOLUTE
    mbedtls_mpi_div_int                      0x0ff5f0d1   Thumb Code     0  rom_symbol_mbedtls_20200709 ABSOLUTE
    mbedtls_mpi_div_mpi                      0x0ff5f0fd   Thumb Code     0  rom_symbol_mbedtls_20200709 ABSOLUTE
    mbedtls_mpi_exp_mod                      0x0ff5f479   Thumb Code     0  rom_symbol_mbedtls_20200709 ABSOLUTE
    mbedtls_mpi_exp_mod_sw                   0x0ff5f581   Thumb Code     0  rom_symbol_mbedtls_20200709 ABSOLUTE
    mbedtls_mpi_fill_random                  0x0ff5fa19   Thumb Code     0  rom_symbol_mbedtls_20200709 ABSOLUTE
    mbedtls_mpi_free                         0x0ff5fa81   Thumb Code     0  rom_symbol_mbedtls_20200709 ABSOLUTE
    mbedtls_mpi_gcd                          0x0ff5faa9   Thumb Code     0  rom_symbol_mbedtls_20200709 ABSOLUTE
    mbedtls_mpi_gen_prime                    0x0ff5fbcd   Thumb Code     0  rom_symbol_mbedtls_20200709 ABSOLUTE
    mbedtls_mpi_get_bit                      0x0ff5fdc9   Thumb Code     0  rom_symbol_mbedtls_20200709 ABSOLUTE
    mbedtls_mpi_grow                         0x0ff5fde9   Thumb Code     0  rom_symbol_mbedtls_20200709 ABSOLUTE
    mbedtls_mpi_init                         0x0ff5fe41   Thumb Code     0  rom_symbol_mbedtls_20200709 ABSOLUTE
    mbedtls_mpi_inv_mod                      0x0ff5fe4d   Thumb Code     0  rom_symbol_mbedtls_20200709 ABSOLUTE
    mbedtls_mpi_is_prime                     0x0ff60125   Thumb Code     0  rom_symbol_mbedtls_20200709 ABSOLUTE
    mbedtls_mpi_is_prime_ext                 0x0ff60131   Thumb Code     0  rom_symbol_mbedtls_20200709 ABSOLUTE
    mbedtls_mpi_lsb                          0x0ff60191   Thumb Code     0  rom_symbol_mbedtls_20200709 ABSOLUTE
    mbedtls_mpi_lset                         0x0ff601d9   Thumb Code     0  rom_symbol_mbedtls_20200709 ABSOLUTE
    mbedtls_mpi_mod_int                      0x0ff60215   Thumb Code     0  rom_symbol_mbedtls_20200709 ABSOLUTE
    mbedtls_mpi_mod_mpi                      0x0ff602a9   Thumb Code     0  rom_symbol_mbedtls_20200709 ABSOLUTE
    mbedtls_mpi_mul_int                      0x0ff60321   Thumb Code     0  rom_symbol_mbedtls_20200709 ABSOLUTE
    mbedtls_mpi_mul_mpi                      0x0ff6033d   Thumb Code     0  rom_symbol_mbedtls_20200709 ABSOLUTE
    mbedtls_mpi_read_binary                  0x0ff604fd   Thumb Code     0  rom_symbol_mbedtls_20200709 ABSOLUTE
    mbedtls_mpi_read_string                  0x0ff6055d   Thumb Code     0  rom_symbol_mbedtls_20200709 ABSOLUTE
    mbedtls_mpi_safe_cond_assign             0x0ff606bd   Thumb Code     0  rom_symbol_mbedtls_20200709 ABSOLUTE
    mbedtls_mpi_safe_cond_swap               0x0ff60751   Thumb Code     0  rom_symbol_mbedtls_20200709 ABSOLUTE
    mbedtls_mpi_set_bit                      0x0ff607f9   Thumb Code     0  rom_symbol_mbedtls_20200709 ABSOLUTE
    mbedtls_mpi_shift_l                      0x0ff60855   Thumb Code     0  rom_symbol_mbedtls_20200709 ABSOLUTE
    mbedtls_mpi_shift_r                      0x0ff608f1   Thumb Code     0  rom_symbol_mbedtls_20200709 ABSOLUTE
    mbedtls_mpi_shrink                       0x0ff60979   Thumb Code     0  rom_symbol_mbedtls_20200709 ABSOLUTE
    mbedtls_mpi_size                         0x0ff609e9   Thumb Code     0  rom_symbol_mbedtls_20200709 ABSOLUTE
    mbedtls_mpi_sub_abs                      0x0ff609f5   Thumb Code     0  rom_symbol_mbedtls_20200709 ABSOLUTE
    mbedtls_mpi_sub_int                      0x0ff60a79   Thumb Code     0  rom_symbol_mbedtls_20200709 ABSOLUTE
    mbedtls_mpi_sub_mpi                      0x0ff60aa5   Thumb Code     0  rom_symbol_mbedtls_20200709 ABSOLUTE
    mbedtls_mpi_swap                         0x0ff60afd   Thumb Code     0  rom_symbol_mbedtls_20200709 ABSOLUTE
    mbedtls_mpi_write_binary                 0x0ff60b29   Thumb Code     0  rom_symbol_mbedtls_20200709 ABSOLUTE
    mbedtls_mpi_write_string                 0x0ff60bb1   Thumb Code     0  rom_symbol_mbedtls_20200709 ABSOLUTE
    mbedtls_oid_get_attr_short_name          0x0ff60cd9   Thumb Code     0  rom_symbol_mbedtls_20200709 ABSOLUTE
    mbedtls_oid_get_cipher_alg               0x0ff60cf1   Thumb Code     0  rom_symbol_mbedtls_20200709 ABSOLUTE
    mbedtls_oid_get_ec_grp                   0x0ff60d09   Thumb Code     0  rom_symbol_mbedtls_20200709 ABSOLUTE
    mbedtls_oid_get_extended_key_usage       0x0ff60d21   Thumb Code     0  rom_symbol_mbedtls_20200709 ABSOLUTE
    mbedtls_oid_get_md_alg                   0x0ff60d39   Thumb Code     0  rom_symbol_mbedtls_20200709 ABSOLUTE
    mbedtls_oid_get_md_hmac                  0x0ff60d51   Thumb Code     0  rom_symbol_mbedtls_20200709 ABSOLUTE
    mbedtls_oid_get_numeric_string           0x0ff60d69   Thumb Code     0  rom_symbol_mbedtls_20200709 ABSOLUTE
    mbedtls_oid_get_oid_by_ec_grp            0x0ff60e35   Thumb Code     0  rom_symbol_mbedtls_20200709 ABSOLUTE
    mbedtls_oid_get_oid_by_md                0x0ff60e79   Thumb Code     0  rom_symbol_mbedtls_20200709 ABSOLUTE
    mbedtls_oid_get_oid_by_pk_alg            0x0ff60ebd   Thumb Code     0  rom_symbol_mbedtls_20200709 ABSOLUTE
    mbedtls_oid_get_oid_by_sig_alg           0x0ff60f01   Thumb Code     0  rom_symbol_mbedtls_20200709 ABSOLUTE
    mbedtls_oid_get_pk_alg                   0x0ff60f4d   Thumb Code     0  rom_symbol_mbedtls_20200709 ABSOLUTE
    mbedtls_oid_get_pkcs12_pbe_alg           0x0ff60f65   Thumb Code     0  rom_symbol_mbedtls_20200709 ABSOLUTE
    mbedtls_oid_get_sig_alg                  0x0ff60f85   Thumb Code     0  rom_symbol_mbedtls_20200709 ABSOLUTE
    mbedtls_oid_get_sig_alg_desc             0x0ff60fa5   Thumb Code     0  rom_symbol_mbedtls_20200709 ABSOLUTE
    mbedtls_oid_get_x509_ext_type            0x0ff60fbd   Thumb Code     0  rom_symbol_mbedtls_20200709 ABSOLUTE
    mbedtls_pem_free                         0x0ff60fd5   Thumb Code     0  rom_symbol_mbedtls_20200709 ABSOLUTE
    mbedtls_pem_init                         0x0ff60ffd   Thumb Code     0  rom_symbol_mbedtls_20200709 ABSOLUTE
    mbedtls_pem_read_buffer                  0x0ff61005   Thumb Code     0  rom_symbol_mbedtls_20200709 ABSOLUTE
    mbedtls_pem_write_buffer                 0x0ff613b1   Thumb Code     0  rom_symbol_mbedtls_20200709 ABSOLUTE
    mbedtls_pk_can_do                        0x0ff614b1   Thumb Code     0  rom_symbol_mbedtls_20200709 ABSOLUTE
    mbedtls_pk_check_pair                    0x0ff614c1   Thumb Code     0  rom_symbol_mbedtls_20200709 ABSOLUTE
    mbedtls_pk_debug                         0x0ff61515   Thumb Code     0  rom_symbol_mbedtls_20200709 ABSOLUTE
    mbedtls_pk_decrypt                       0x0ff61541   Thumb Code     0  rom_symbol_mbedtls_20200709 ABSOLUTE
    mbedtls_pk_encrypt                       0x0ff61581   Thumb Code     0  rom_symbol_mbedtls_20200709 ABSOLUTE
    mbedtls_pk_free                          0x0ff615b5   Thumb Code     0  rom_symbol_mbedtls_20200709 ABSOLUTE
    mbedtls_pk_get_bitlen                    0x0ff615d5   Thumb Code     0  rom_symbol_mbedtls_20200709 ABSOLUTE
    mbedtls_pk_get_name                      0x0ff615f1   Thumb Code     0  rom_symbol_mbedtls_20200709 ABSOLUTE
    mbedtls_pk_get_type                      0x0ff61609   Thumb Code     0  rom_symbol_mbedtls_20200709 ABSOLUTE
    mbedtls_pk_info_from_type                0x0ff61619   Thumb Code     0  rom_symbol_mbedtls_20200709 ABSOLUTE
    mbedtls_pk_init                          0x0ff61631   Thumb Code     0  rom_symbol_mbedtls_20200709 ABSOLUTE
    mbedtls_pk_parse_key                     0x0ff61639   Thumb Code     0  rom_symbol_mbedtls_20200709 ABSOLUTE
    mbedtls_pk_parse_public_key              0x0ff61989   Thumb Code     0  rom_symbol_mbedtls_20200709 ABSOLUTE
    mbedtls_pk_parse_subpubkey               0x0ff61b4d   Thumb Code     0  rom_symbol_mbedtls_20200709 ABSOLUTE
    mbedtls_pk_setup                         0x0ff61c69   Thumb Code     0  rom_symbol_mbedtls_20200709 ABSOLUTE
    mbedtls_pk_setup_rsa_alt                 0x0ff61c9d   Thumb Code     0  rom_symbol_mbedtls_20200709 ABSOLUTE
    mbedtls_pk_sign                          0x0ff61ced   Thumb Code     0  rom_symbol_mbedtls_20200709 ABSOLUTE
    mbedtls_pk_sign_restartable              0x0ff61d09   Thumb Code     0  rom_symbol_mbedtls_20200709 ABSOLUTE
    mbedtls_pk_verify                        0x0ff61d55   Thumb Code     0  rom_symbol_mbedtls_20200709 ABSOLUTE
    mbedtls_pk_verify_ext                    0x0ff61d69   Thumb Code     0  rom_symbol_mbedtls_20200709 ABSOLUTE
    mbedtls_pk_verify_restartable            0x0ff61e21   Thumb Code     0  rom_symbol_mbedtls_20200709 ABSOLUTE
    mbedtls_pk_write_key_der                 0x0ff61e6d   Thumb Code     0  rom_symbol_mbedtls_20200709 ABSOLUTE
    mbedtls_pk_write_key_pem                 0x0ff621a5   Thumb Code     0  rom_symbol_mbedtls_20200709 ABSOLUTE
    mbedtls_pk_write_pubkey                  0x0ff6229d   Thumb Code     0  rom_symbol_mbedtls_20200709 ABSOLUTE
    mbedtls_pk_write_pubkey_der              0x0ff622f1   Thumb Code     0  rom_symbol_mbedtls_20200709 ABSOLUTE
    mbedtls_pk_write_pubkey_pem              0x0ff623e1   Thumb Code     0  rom_symbol_mbedtls_20200709 ABSOLUTE
    mbedtls_pkcs12_derivation                0x0ff62461   Thumb Code     0  rom_symbol_mbedtls_20200709 ABSOLUTE
    mbedtls_pkcs12_pbe                       0x0ff62675   Thumb Code     0  rom_symbol_mbedtls_20200709 ABSOLUTE
    mbedtls_pkcs12_pbe_sha1_rc4_128          0x0ff62751   Thumb Code     0  rom_symbol_mbedtls_20200709 ABSOLUTE
    mbedtls_pkcs5_pbes2                      0x0ff627bd   Thumb Code     0  rom_symbol_mbedtls_20200709 ABSOLUTE
    mbedtls_pkcs5_pbkdf2_hmac                0x0ff62939   Thumb Code     0  rom_symbol_mbedtls_20200709 ABSOLUTE
    mbedtls_platform_set_calloc_free         0x0ff62a79   Thumb Code     0  rom_symbol_mbedtls_20200709 ABSOLUTE
    mbedtls_platform_set_hardware_poll       0x0ff62a91   Thumb Code     0  rom_symbol_mbedtls_20200709 ABSOLUTE
    mbedtls_platform_set_printf              0x0ff62aa1   Thumb Code     0  rom_symbol_mbedtls_20200709 ABSOLUTE
    mbedtls_platform_set_snprintf            0x0ff62ab1   Thumb Code     0  rom_symbol_mbedtls_20200709 ABSOLUTE
    mbedtls_platform_set_time                0x0ff62ac1   Thumb Code     0  rom_symbol_mbedtls_20200709 ABSOLUTE
    mbedtls_platform_setup                   0x0ff62ad1   Thumb Code     0  rom_symbol_mbedtls_20200709 ABSOLUTE
    mbedtls_platform_teardown                0x0ff62ad5   Thumb Code     0  rom_symbol_mbedtls_20200709 ABSOLUTE
    mbedtls_platform_zeroize                 0x0ff62ad9   Thumb Code     0  rom_symbol_mbedtls_20200709 ABSOLUTE
    mbedtls_rsa_check_privkey                0x0ff62ae1   Thumb Code     0  rom_symbol_mbedtls_20200709 ABSOLUTE
    mbedtls_rsa_check_pub_priv               0x0ff62b59   Thumb Code     0  rom_symbol_mbedtls_20200709 ABSOLUTE
    mbedtls_rsa_check_pubkey                 0x0ff62b9d   Thumb Code     0  rom_symbol_mbedtls_20200709 ABSOLUTE
    mbedtls_rsa_complete                     0x0ff62bed   Thumb Code     0  rom_symbol_mbedtls_20200709 ABSOLUTE
    mbedtls_rsa_copy                         0x0ff62d75   Thumb Code     0  rom_symbol_mbedtls_20200709 ABSOLUTE
    mbedtls_rsa_deduce_crt                   0x0ff62e7d   Thumb Code     0  rom_symbol_mbedtls_20200709 ABSOLUTE
    mbedtls_rsa_deduce_primes                0x0ff62efd   Thumb Code     0  rom_symbol_mbedtls_20200709 ABSOLUTE
    mbedtls_rsa_deduce_private_exponent      0x0ff63125   Thumb Code     0  rom_symbol_mbedtls_20200709 ABSOLUTE
    mbedtls_rsa_export                       0x0ff631f9   Thumb Code     0  rom_symbol_mbedtls_20200709 ABSOLUTE
    mbedtls_rsa_export_crt                   0x0ff632cd   Thumb Code     0  rom_symbol_mbedtls_20200709 ABSOLUTE
    mbedtls_rsa_export_raw                   0x0ff6335d   Thumb Code     0  rom_symbol_mbedtls_20200709 ABSOLUTE
    mbedtls_rsa_free                         0x0ff63449   Thumb Code     0  rom_symbol_mbedtls_20200709 ABSOLUTE
    mbedtls_rsa_gen_key                      0x0ff634c1   Thumb Code     0  rom_symbol_mbedtls_20200709 ABSOLUTE
    mbedtls_rsa_get_len                      0x0ff63735   Thumb Code     0  rom_symbol_mbedtls_20200709 ABSOLUTE
    mbedtls_rsa_import                       0x0ff63739   Thumb Code     0  rom_symbol_mbedtls_20200709 ABSOLUTE
    mbedtls_rsa_import_raw                   0x0ff637a9   Thumb Code     0  rom_symbol_mbedtls_20200709 ABSOLUTE
    mbedtls_rsa_init                         0x0ff63829   Thumb Code     0  rom_symbol_mbedtls_20200709 ABSOLUTE
    mbedtls_rsa_pkcs1_decrypt                0x0ff63849   Thumb Code     0  rom_symbol_mbedtls_20200709 ABSOLUTE
    mbedtls_rsa_pkcs1_encrypt                0x0ff63889   Thumb Code     0  rom_symbol_mbedtls_20200709 ABSOLUTE
    mbedtls_rsa_pkcs1_sign                   0x0ff638c9   Thumb Code     0  rom_symbol_mbedtls_20200709 ABSOLUTE
    mbedtls_rsa_pkcs1_verify                 0x0ff638ed   Thumb Code     0  rom_symbol_mbedtls_20200709 ABSOLUTE
    mbedtls_rsa_private                      0x0ff63911   Thumb Code     0  rom_symbol_mbedtls_20200709 ABSOLUTE
    mbedtls_rsa_private_sw                   0x0ff639a9   Thumb Code     0  rom_symbol_mbedtls_20200709 ABSOLUTE
    mbedtls_rsa_public                       0x0ff63c59   Thumb Code     0  rom_symbol_mbedtls_20200709 ABSOLUTE
    mbedtls_rsa_rsaes_oaep_decrypt           0x0ff63ce9   Thumb Code     0  rom_symbol_mbedtls_20200709 ABSOLUTE
    mbedtls_rsa_rsaes_oaep_encrypt           0x0ff63e95   Thumb Code     0  rom_symbol_mbedtls_20200709 ABSOLUTE
    mbedtls_rsa_rsaes_pkcs1_v15_decrypt      0x0ff63fd9   Thumb Code     0  rom_symbol_mbedtls_20200709 ABSOLUTE
    mbedtls_rsa_rsaes_pkcs1_v15_encrypt      0x0ff641b9   Thumb Code     0  rom_symbol_mbedtls_20200709 ABSOLUTE
    mbedtls_rsa_rsassa_pkcs1_v15_sign        0x0ff642a9   Thumb Code     0  rom_symbol_mbedtls_20200709 ABSOLUTE
    mbedtls_rsa_rsassa_pkcs1_v15_verify      0x0ff64385   Thumb Code     0  rom_symbol_mbedtls_20200709 ABSOLUTE
    mbedtls_rsa_rsassa_pss_sign              0x0ff6444d   Thumb Code     0  rom_symbol_mbedtls_20200709 ABSOLUTE
    mbedtls_rsa_rsassa_pss_verify            0x0ff6460d   Thumb Code     0  rom_symbol_mbedtls_20200709 ABSOLUTE
    mbedtls_rsa_rsassa_pss_verify_ext        0x0ff64639   Thumb Code     0  rom_symbol_mbedtls_20200709 ABSOLUTE
    mbedtls_rsa_set_padding                  0x0ff64831   Thumb Code     0  rom_symbol_mbedtls_20200709 ABSOLUTE
    mbedtls_rsa_validate_crt                 0x0ff64839   Thumb Code     0  rom_symbol_mbedtls_20200709 ABSOLUTE
    mbedtls_rsa_validate_params              0x0ff64975   Thumb Code     0  rom_symbol_mbedtls_20200709 ABSOLUTE
    mbedtls_sha1                             0x0ff64b8d   Thumb Code     0  rom_symbol_mbedtls_20200709 ABSOLUTE
    mbedtls_sha1_clone                       0x0ff64b91   Thumb Code     0  rom_symbol_mbedtls_20200709 ABSOLUTE
    mbedtls_sha1_finish                      0x0ff64b99   Thumb Code     0  rom_symbol_mbedtls_20200709 ABSOLUTE
    mbedtls_sha1_finish_ret                  0x0ff64b9d   Thumb Code     0  rom_symbol_mbedtls_20200709 ABSOLUTE
    mbedtls_sha1_free                        0x0ff64c81   Thumb Code     0  rom_symbol_mbedtls_20200709 ABSOLUTE
    mbedtls_sha1_init                        0x0ff64c8d   Thumb Code     0  rom_symbol_mbedtls_20200709 ABSOLUTE
    mbedtls_sha1_process                     0x0ff64c95   Thumb Code     0  rom_symbol_mbedtls_20200709 ABSOLUTE
    mbedtls_sha1_ret                         0x0ff64c99   Thumb Code     0  rom_symbol_mbedtls_20200709 ABSOLUTE
    mbedtls_sha1_starts                      0x0ff64cbd   Thumb Code     0  rom_symbol_mbedtls_20200709 ABSOLUTE
    mbedtls_sha1_starts_ret                  0x0ff64cc1   Thumb Code     0  rom_symbol_mbedtls_20200709 ABSOLUTE
    mbedtls_sha1_update                      0x0ff64d01   Thumb Code     0  rom_symbol_mbedtls_20200709 ABSOLUTE
    mbedtls_sha1_update_ret                  0x0ff64d05   Thumb Code     0  rom_symbol_mbedtls_20200709 ABSOLUTE
    mbedtls_sha256                           0x0ff64da5   Thumb Code     0  rom_symbol_mbedtls_20200709 ABSOLUTE
    mbedtls_sha256_clone                     0x0ff64da9   Thumb Code     0  rom_symbol_mbedtls_20200709 ABSOLUTE
    mbedtls_sha256_finish                    0x0ff64db1   Thumb Code     0  rom_symbol_mbedtls_20200709 ABSOLUTE
    mbedtls_sha256_finish_ret                0x0ff64db5   Thumb Code     0  rom_symbol_mbedtls_20200709 ABSOLUTE
    mbedtls_sha256_free                      0x0ff64ed9   Thumb Code     0  rom_symbol_mbedtls_20200709 ABSOLUTE
    mbedtls_sha256_init                      0x0ff64ee5   Thumb Code     0  rom_symbol_mbedtls_20200709 ABSOLUTE
    mbedtls_sha256_process                   0x0ff64eed   Thumb Code     0  rom_symbol_mbedtls_20200709 ABSOLUTE
    mbedtls_sha256_ret                       0x0ff64ef1   Thumb Code     0  rom_symbol_mbedtls_20200709 ABSOLUTE
    mbedtls_sha256_starts                    0x0ff64f21   Thumb Code     0  rom_symbol_mbedtls_20200709 ABSOLUTE
    mbedtls_sha256_starts_ret                0x0ff64f25   Thumb Code     0  rom_symbol_mbedtls_20200709 ABSOLUTE
    mbedtls_sha256_update                    0x0ff64fdd   Thumb Code     0  rom_symbol_mbedtls_20200709 ABSOLUTE
    mbedtls_sha256_update_ret                0x0ff64fe1   Thumb Code     0  rom_symbol_mbedtls_20200709 ABSOLUTE
    mbedtls_sha512                           0x0ff65081   Thumb Code     0  rom_symbol_mbedtls_20200709 ABSOLUTE
    mbedtls_sha512_clone                     0x0ff65085   Thumb Code     0  rom_symbol_mbedtls_20200709 ABSOLUTE
    mbedtls_sha512_finish                    0x0ff6508d   Thumb Code     0  rom_symbol_mbedtls_20200709 ABSOLUTE
    mbedtls_sha512_finish_ret                0x0ff65091   Thumb Code     0  rom_symbol_mbedtls_20200709 ABSOLUTE
    mbedtls_sha512_free                      0x0ff652fd   Thumb Code     0  rom_symbol_mbedtls_20200709 ABSOLUTE
    mbedtls_sha512_init                      0x0ff65309   Thumb Code     0  rom_symbol_mbedtls_20200709 ABSOLUTE
    mbedtls_sha512_process                   0x0ff65311   Thumb Code     0  rom_symbol_mbedtls_20200709 ABSOLUTE
    mbedtls_sha512_ret                       0x0ff65315   Thumb Code     0  rom_symbol_mbedtls_20200709 ABSOLUTE
    mbedtls_sha512_starts                    0x0ff65355   Thumb Code     0  rom_symbol_mbedtls_20200709 ABSOLUTE
    mbedtls_sha512_starts_ret                0x0ff65359   Thumb Code     0  rom_symbol_mbedtls_20200709 ABSOLUTE
    mbedtls_sha512_update                    0x0ff654b9   Thumb Code     0  rom_symbol_mbedtls_20200709 ABSOLUTE
    mbedtls_sha512_update_ret                0x0ff654bd   Thumb Code     0  rom_symbol_mbedtls_20200709 ABSOLUTE
    mbedtls_ssl_ciphersuite_from_id          0x0ff65571   Thumb Code     0  rom_symbol_mbedtls_20200709 ABSOLUTE
    mbedtls_ssl_ciphersuite_from_string      0x0ff65595   Thumb Code     0  rom_symbol_mbedtls_20200709 ABSOLUTE
    mbedtls_ssl_ciphersuite_uses_ec          0x0ff655c5   Thumb Code     0  rom_symbol_mbedtls_20200709 ABSOLUTE
    mbedtls_ssl_ciphersuite_uses_psk         0x0ff655fd   Thumb Code     0  rom_symbol_mbedtls_20200709 ABSOLUTE
    mbedtls_ssl_get_ciphersuite_id           0x0ff6575d   Thumb Code     0  rom_symbol_mbedtls_20200709 ABSOLUTE
    mbedtls_ssl_get_ciphersuite_name         0x0ff6576d   Thumb Code     0  rom_symbol_mbedtls_20200709 ABSOLUTE
    mbedtls_ssl_get_ciphersuite_sig_alg      0x0ff65785   Thumb Code     0  rom_symbol_mbedtls_20200709 ABSOLUTE
    mbedtls_ssl_get_ciphersuite_sig_pk_alg   0x0ff657a9   Thumb Code     0  rom_symbol_mbedtls_20200709 ABSOLUTE
    mbedtls_ssl_list_ciphersuites            0x0ff657e5   Thumb Code     0  rom_symbol_mbedtls_20200709 ABSOLUTE
    mbedtls_strerror                         0x0ff65a75   Thumb Code     0  rom_symbol_mbedtls_20200709 ABSOLUTE
    mbedtls_time                             0x0ff65a81   Thumb Code     0  rom_symbol_mbedtls_20200709 ABSOLUTE
    mbedtls_x509_crl_free                    0x0ff65ac9   Thumb Code     0  rom_symbol_mbedtls_20200709 ABSOLUTE
    mbedtls_x509_crl_info                    0x0ff65b4d   Thumb Code     0  rom_symbol_mbedtls_20200709 ABSOLUTE
    mbedtls_x509_crl_init                    0x0ff65e75   Thumb Code     0  rom_symbol_mbedtls_20200709 ABSOLUTE
    mbedtls_x509_crl_parse                   0x0ff65e7d   Thumb Code     0  rom_symbol_mbedtls_20200709 ABSOLUTE
    mbedtls_x509_crl_parse_der               0x0ff65f65   Thumb Code     0  rom_symbol_mbedtls_20200709 ABSOLUTE
    mbedtls_x509_crt_check_extended_key_usage 0x0ff66259   Thumb Code     0  rom_symbol_mbedtls_20200709 ABSOLUTE
    mbedtls_x509_crt_check_key_usage         0x0ff662bd   Thumb Code     0  rom_symbol_mbedtls_20200709 ABSOLUTE
    mbedtls_x509_crt_free                    0x0ff662f9   Thumb Code     0  rom_symbol_mbedtls_20200709 ABSOLUTE
    mbedtls_x509_crt_info                    0x0ff663c5   Thumb Code     0  rom_symbol_mbedtls_20200709 ABSOLUTE
    mbedtls_x509_crt_init                    0x0ff66889   Thumb Code     0  rom_symbol_mbedtls_20200709 ABSOLUTE
    mbedtls_x509_crt_is_revoked              0x0ff66895   Thumb Code     0  rom_symbol_mbedtls_20200709 ABSOLUTE
    mbedtls_x509_crt_parse                   0x0ff668cd   Thumb Code     0  rom_symbol_mbedtls_20200709 ABSOLUTE
    mbedtls_x509_crt_parse_der               0x0ff66a35   Thumb Code     0  rom_symbol_mbedtls_20200709 ABSOLUTE
    mbedtls_x509_crt_parse_der_nocopy        0x0ff66ad1   Thumb Code     0  rom_symbol_mbedtls_20200709 ABSOLUTE
    mbedtls_x509_crt_verify                  0x0ff66ad9   Thumb Code     0  rom_symbol_mbedtls_20200709 ABSOLUTE
    mbedtls_x509_crt_verify_info             0x0ff66af9   Thumb Code     0  rom_symbol_mbedtls_20200709 ABSOLUTE
    mbedtls_x509_crt_verify_restartable      0x0ff66bd5   Thumb Code     0  rom_symbol_mbedtls_20200709 ABSOLUTE
    mbedtls_x509_crt_verify_with_profile     0x0ff66c99   Thumb Code     0  rom_symbol_mbedtls_20200709 ABSOLUTE
    mbedtls_x509_csr_free                    0x0ff66cb5   Thumb Code     0  rom_symbol_mbedtls_20200709 ABSOLUTE
    mbedtls_x509_csr_info                    0x0ff66d05   Thumb Code     0  rom_symbol_mbedtls_20200709 ABSOLUTE
    mbedtls_x509_csr_init                    0x0ff66e5d   Thumb Code     0  rom_symbol_mbedtls_20200709 ABSOLUTE
    mbedtls_x509_csr_parse                   0x0ff66e65   Thumb Code     0  rom_symbol_mbedtls_20200709 ABSOLUTE
    mbedtls_x509_csr_parse_der               0x0ff66f75   Thumb Code     0  rom_symbol_mbedtls_20200709 ABSOLUTE
    mbedtls_x509_dn_gets                     0x0ff67165   Thumb Code     0  rom_symbol_mbedtls_20200709 ABSOLUTE
    mbedtls_x509_get_alg                     0x0ff672b9   Thumb Code     0  rom_symbol_mbedtls_20200709 ABSOLUTE
    mbedtls_x509_get_alg_null                0x0ff672c9   Thumb Code     0  rom_symbol_mbedtls_20200709 ABSOLUTE
    mbedtls_x509_get_ext                     0x0ff672d9   Thumb Code     0  rom_symbol_mbedtls_20200709 ABSOLUTE
    mbedtls_x509_get_name                    0x0ff67341   Thumb Code     0  rom_symbol_mbedtls_20200709 ABSOLUTE
    mbedtls_x509_get_rsassa_pss_params       0x0ff673e5   Thumb Code     0  rom_symbol_mbedtls_20200709 ABSOLUTE
    mbedtls_x509_get_serial                  0x0ff67591   Thumb Code     0  rom_symbol_mbedtls_20200709 ABSOLUTE
    mbedtls_x509_get_sig                     0x0ff675e5   Thumb Code     0  rom_symbol_mbedtls_20200709 ABSOLUTE
    mbedtls_x509_get_sig_alg                 0x0ff6762d   Thumb Code     0  rom_symbol_mbedtls_20200709 ABSOLUTE
    mbedtls_x509_get_time                    0x0ff676c9   Thumb Code     0  rom_symbol_mbedtls_20200709 ABSOLUTE
    mbedtls_x509_key_size_helper             0x0ff67721   Thumb Code     0  rom_symbol_mbedtls_20200709 ABSOLUTE
    mbedtls_x509_serial_gets                 0x0ff67761   Thumb Code     0  rom_symbol_mbedtls_20200709 ABSOLUTE
    mbedtls_x509_set_extension               0x0ff67831   Thumb Code     0  rom_symbol_mbedtls_20200709 ABSOLUTE
    mbedtls_x509_sig_alg_gets                0x0ff67869   Thumb Code     0  rom_symbol_mbedtls_20200709 ABSOLUTE
    mbedtls_x509_string_to_names             0x0ff67955   Thumb Code     0  rom_symbol_mbedtls_20200709 ABSOLUTE
    mbedtls_x509_time_is_future              0x0ff67a69   Thumb Code     0  rom_symbol_mbedtls_20200709 ABSOLUTE
    mbedtls_x509_time_is_past                0x0ff67a6d   Thumb Code     0  rom_symbol_mbedtls_20200709 ABSOLUTE
    mbedtls_x509_write_extensions            0x0ff67a71   Thumb Code     0  rom_symbol_mbedtls_20200709 ABSOLUTE
    mbedtls_x509_write_names                 0x0ff67aa5   Thumb Code     0  rom_symbol_mbedtls_20200709 ABSOLUTE
    mbedtls_x509_write_sig                   0x0ff67afd   Thumb Code     0  rom_symbol_mbedtls_20200709 ABSOLUTE
    mbedtls_x509write_crt_der                0x0ff67b9d   Thumb Code     0  rom_symbol_mbedtls_20200709 ABSOLUTE
    mbedtls_x509write_crt_free               0x0ff67ed1   Thumb Code     0  rom_symbol_mbedtls_20200709 ABSOLUTE
    mbedtls_x509write_crt_init               0x0ff67f01   Thumb Code     0  rom_symbol_mbedtls_20200709 ABSOLUTE
    mbedtls_x509write_crt_pem                0x0ff67f19   Thumb Code     0  rom_symbol_mbedtls_20200709 ABSOLUTE
    mbedtls_x509write_crt_set_authority_key_identifier 0x0ff67fa9   Thumb Code     0  rom_symbol_mbedtls_20200709 ABSOLUTE
    mbedtls_x509write_crt_set_basic_constraints 0x0ff6805d   Thumb Code     0  rom_symbol_mbedtls_20200709 ABSOLUTE
    mbedtls_x509write_crt_set_extension      0x0ff68109   Thumb Code     0  rom_symbol_mbedtls_20200709 ABSOLUTE
    mbedtls_x509write_crt_set_issuer_key     0x0ff68111   Thumb Code     0  rom_symbol_mbedtls_20200709 ABSOLUTE
    mbedtls_x509write_crt_set_issuer_name    0x0ff68115   Thumb Code     0  rom_symbol_mbedtls_20200709 ABSOLUTE
    mbedtls_x509write_crt_set_key_usage      0x0ff6811d   Thumb Code     0  rom_symbol_mbedtls_20200709 ABSOLUTE
    mbedtls_x509write_crt_set_md_alg         0x0ff6818d   Thumb Code     0  rom_symbol_mbedtls_20200709 ABSOLUTE
    mbedtls_x509write_crt_set_ns_cert_type   0x0ff68191   Thumb Code     0  rom_symbol_mbedtls_20200709 ABSOLUTE
    mbedtls_x509write_crt_set_serial         0x0ff681dd   Thumb Code     0  rom_symbol_mbedtls_20200709 ABSOLUTE
    mbedtls_x509write_crt_set_subject_key    0x0ff681e5   Thumb Code     0  rom_symbol_mbedtls_20200709 ABSOLUTE
    mbedtls_x509write_crt_set_subject_key_identifier 0x0ff681e9   Thumb Code     0  rom_symbol_mbedtls_20200709 ABSOLUTE
    mbedtls_x509write_crt_set_subject_name   0x0ff68279   Thumb Code     0  rom_symbol_mbedtls_20200709 ABSOLUTE
    mbedtls_x509write_crt_set_validity       0x0ff68281   Thumb Code     0  rom_symbol_mbedtls_20200709 ABSOLUTE
    mbedtls_x509write_crt_set_version        0x0ff682d1   Thumb Code     0  rom_symbol_mbedtls_20200709 ABSOLUTE
    mbedtls_x509write_csr_der                0x0ff682d5   Thumb Code     0  rom_symbol_mbedtls_20200709 ABSOLUTE
    mbedtls_x509write_csr_free               0x0ff68585   Thumb Code     0  rom_symbol_mbedtls_20200709 ABSOLUTE
    mbedtls_x509write_csr_init               0x0ff685a5   Thumb Code     0  rom_symbol_mbedtls_20200709 ABSOLUTE
    mbedtls_x509write_csr_pem                0x0ff685ad   Thumb Code     0  rom_symbol_mbedtls_20200709 ABSOLUTE
    mbedtls_x509write_csr_set_extension      0x0ff6864d   Thumb Code     0  rom_symbol_mbedtls_20200709 ABSOLUTE
    mbedtls_x509write_csr_set_key            0x0ff68669   Thumb Code     0  rom_symbol_mbedtls_20200709 ABSOLUTE
    mbedtls_x509write_csr_set_key_usage      0x0ff6866d   Thumb Code     0  rom_symbol_mbedtls_20200709 ABSOLUTE
    mbedtls_x509write_csr_set_md_alg         0x0ff686ad   Thumb Code     0  rom_symbol_mbedtls_20200709 ABSOLUTE
    mbedtls_x509write_csr_set_ns_cert_type   0x0ff686b1   Thumb Code     0  rom_symbol_mbedtls_20200709 ABSOLUTE
    mbedtls_x509write_csr_set_subject_name   0x0ff686f9   Thumb Code     0  rom_symbol_mbedtls_20200709 ABSOLUTE
    mbedtls_xtea_crypt_cbc                   0x0ff68701   Thumb Code     0  rom_symbol_mbedtls_20200709 ABSOLUTE
    mbedtls_xtea_crypt_ecb                   0x0ff687a5   Thumb Code     0  rom_symbol_mbedtls_20200709 ABSOLUTE
    mbedtls_xtea_free                        0x0ff68865   Thumb Code     0  rom_symbol_mbedtls_20200709 ABSOLUTE
    mbedtls_xtea_init                        0x0ff68871   Thumb Code     0  rom_symbol_mbedtls_20200709 ABSOLUTE
    mbedtls_xtea_setup                       0x0ff68879   Thumb Code     0  rom_symbol_mbedtls_20200709 ABSOLUTE
    x25519_ge_add                            0x0ff6b7f9   Thumb Code     0  rom_symbol_mbedtls_20200709 ABSOLUTE
    x25519_ge_frombytes_vartime              0x0ff6b8a5   Thumb Code     0  rom_symbol_mbedtls_20200709 ABSOLUTE
    x25519_ge_p1p1_to_p2                     0x0ff6b9d9   Thumb Code     0  rom_symbol_mbedtls_20200709 ABSOLUTE
    x25519_ge_p1p1_to_p3                     0x0ff6ba09   Thumb Code     0  rom_symbol_mbedtls_20200709 ABSOLUTE
    x25519_ge_p3_to_cached                   0x0ff6ba4d   Thumb Code     0  rom_symbol_mbedtls_20200709 ABSOLUTE
    x25519_ge_sub                            0x0ff6ba89   Thumb Code     0  rom_symbol_mbedtls_20200709 ABSOLUTE
    x25519_ge_tobytes                        0x0ff6bb35   Thumb Code     0  rom_symbol_mbedtls_20200709 ABSOLUTE
    x25519_sc_reduce                         0x0ff6bb7d   Thumb Code     0  rom_symbol_mbedtls_20200709 ABSOLUTE
    ciphersuite_preference_default           0x0ff726a8   Data           0  rom_symbol_mbedtls_20200709 ABSOLUTE
    mbedtls_cipher_definitions               0x0ff72df0   Data           0  rom_symbol_mbedtls_20200709 ABSOLUTE
    mbedtls_ecdsa_info                       0x0ff72f88   Data           0  rom_symbol_mbedtls_20200709 ABSOLUTE
    mbedtls_eckey_info                       0x0ff72fb8   Data           0  rom_symbol_mbedtls_20200709 ABSOLUTE
    mbedtls_eckeydh_info                     0x0ff72fe8   Data           0  rom_symbol_mbedtls_20200709 ABSOLUTE
    mbedtls_ed25519_info                     0x0ff73018   Data           0  rom_symbol_mbedtls_20200709 ABSOLUTE
    mbedtls_md5_info                         0x0ff73048   Data           0  rom_symbol_mbedtls_20200709 ABSOLUTE
    mbedtls_rsa_alt_info                     0x0ff73078   Data           0  rom_symbol_mbedtls_20200709 ABSOLUTE
    mbedtls_rsa_info                         0x0ff730a8   Data           0  rom_symbol_mbedtls_20200709 ABSOLUTE
    mbedtls_sha1_info                        0x0ff730d8   Data           0  rom_symbol_mbedtls_20200709 ABSOLUTE
    mbedtls_sha224_info                      0x0ff73108   Data           0  rom_symbol_mbedtls_20200709 ABSOLUTE
    mbedtls_sha256_info                      0x0ff73138   Data           0  rom_symbol_mbedtls_20200709 ABSOLUTE
    mbedtls_sha384_info                      0x0ff73168   Data           0  rom_symbol_mbedtls_20200709 ABSOLUTE
    mbedtls_sha512_info                      0x0ff73198   Data           0  rom_symbol_mbedtls_20200709 ABSOLUTE
    mbedtls_x509_crt_profile_next            0x0ff731d8   Data           0  rom_symbol_mbedtls_20200709 ABSOLUTE
    mbedtls_x509_crt_profile_suiteb          0x0ff731e8   Data           0  rom_symbol_mbedtls_20200709 ABSOLUTE
    ROM_CRYP_AES_ECB                         0x0ff77791   Thumb Code     0  rom_symbol_mbedtls_20200709 ABSOLUTE
    ROM_HMAC_SHA1                            0x0ff79139   Thumb Code     0  rom_symbol_mbedtls_20200709 ABSOLUTE
    qspi_autopolling                         0x20000201   Thumb Code   112  gd32w51x_qspi.o(.text.qspi_autopolling)
    qspi_command                             0x20000271   Thumb Code    88  gd32w51x_qspi.o(.text.qspi_command)
    qspi_flash_config                        0x20000409   Thumb Code   524  mbl_qspi_flash.o(.text.qspi_flash_config)
    qspi_flash_page_program                  0x20000615   Thumb Code   214  mbl_qspi_flash.o(.text.qspi_flash_page_program)
    qspi_flash_read                          0x200006ed   Thumb Code    74  mbl_qspi_flash.o(.text.qspi_flash_read)
    qspi_flash_sector_erase                  0x20000739   Thumb Code   196  mbl_qspi_flash.o(.text.qspi_flash_sector_erase)
    qspi_init                                0x200007fd   Thumb Code   140  gd32w51x_qspi.o(.text.qspi_init)
    qspi_receive                             0x20000889   Thumb Code   390  gd32w51x_qspi.o(.text.qspi_receive)
    qspi_transmit                            0x20000a11   Thumb Code   332  gd32w51x_qspi.o(.text.qspi_transmit)
    Long Thumb to Thumb Veneer to rcu_periph_clock_enable 0x20000b5d   Thumb Code    10  anon$$obj.o(Veneer$$Code)
    Long Thumb to Thumb Veneer to gpio_af_set 0x20000b67   Thumb Code    10  anon$$obj.o(Veneer$$Code)
    Long Thumb to Thumb Veneer to gpio_mode_set 0x20000b71   Thumb Code    10  anon$$obj.o(Veneer$$Code)
    Long Thumb to Thumb Veneer to gpio_output_options_set 0x20000b7b   Thumb Code    10  anon$$obj.o(Veneer$$Code)
    mbl_err_process                          0x20000b90   Data           4  mbl_ns.o(.data.mbl_err_process)
    mbl_trace_level                          0x20000b94   Data           4  mbl_ns.o(.data.mbl_trace_level)
    Image$$ARM_LIB_STACKHEAP$$ZI$$Base       0x20001ba0   Number         0  anon$$obj.o ABSOLUTE
    Image$$ARM_LIB_STACKHEAP$$ZI$$Limit      0x20002ba0   Number         0  anon$$obj.o ABSOLUTE



==============================================================================

Memory Map of the image

  Image Entry point : 0x080001d9

  Load Region LR_CODE_1 (Base: 0x08000000, Size: 0x00003da0, Max: 0x00007c00, ABSOLUTE)

    Execution Region MBL_CODE (Exec base: 0x08000000, Load base: 0x08000000, Size: 0x00003404, Max: 0xffffffff, ABSOLUTE)

    Exec Addr    Load Addr    Size         Type   Attr      Idx    E Section Name        Object

    0x08000000   0x08000000   0x000001d8   Data   RO          186    RESET               mbl_startup_gdm32.o
    0x080001d8   0x080001d8   0x00000000   Code   RO          824  * .ARM.Collect$$$$00000000  mc_w.l(entry.o)
    0x080001d8   0x080001d8   0x00000004   Code   RO          833    .ARM.Collect$$$$00000002  mc_w.l(entry3.o)
    0x080001dc   0x080001dc   0x00000004   Code   RO          836    .ARM.Collect$$$$00000004  mc_w.l(entry5.o)
    0x080001e0   0x080001e0   0x00000000   Code   RO          838    .ARM.Collect$$$$00000008  mc_w.l(entry7b.o)
    0x080001e0   0x080001e0   0x00000000   Code   RO          840    .ARM.Collect$$$$0000000A  mc_w.l(entry8b.o)
    0x080001e0   0x080001e0   0x00000008   Code   RO          841    .ARM.Collect$$$$0000000B  mc_w.l(entry9a.o)
    0x080001e8   0x080001e8   0x00000000   Code   RO          843    .ARM.Collect$$$$0000000D  mc_w.l(entry10a.o)
    0x080001e8   0x080001e8   0x00000000   Code   RO          845    .ARM.Collect$$$$0000000F  mc_w.l(entry11a.o)
    0x080001e8   0x080001e8   0x00000004   Code   RO          834    .ARM.Collect$$$$00002713  mc_w.l(entry3.o)
    0x080001ec   0x080001ec   0x00000028   Code   RO          187    .text               mbl_startup_gdm32.o
    0x08000214   0x08000214   0x00000024   Code   RO          827    .text               mc_w.l(memcpya.o)
    0x08000238   0x08000238   0x00000024   Code   RO          829    .text               mc_w.l(memseta.o)
    0x0800025c   0x0800025c   0x00000024   Code   RO          847    .text               mc_w.l(init.o)
    0x08000280   0x08000280   0x0000009c   Code   RO          196    .text.SystemInit    mbl_system_gdm32.o
    0x0800031c   0x0800031c   0x0000017c   Code   RO           87    .text.active_header_get  mbl_sys.o
    0x08000498   0x08000498   0x000000ec   Code   RO           48    .text.boot_image_find  mbl_image.o
    0x08000584   0x08000584   0x0000008c   Code   RO           46    .text.checksum_cal  mbl_image.o
    0x08000610   0x08000610   0x00000478   Code   RO          174    .text.co_printf     mbl_trace.o
    0x08000a88   0x08000a88   0x000000aa   Code   RO           35    .text.flash_erase   mbl_flash.o
    0x08000b32   0x08000b32   0x00000002   PAD
    0x08000b34   0x08000b34   0x0000013e   Code   RO           33    .text.flash_fast_write  mbl_flash.o
    0x08000c72   0x08000c72   0x00000002   PAD
    0x08000c74   0x08000c74   0x000001b8   Code   RO           27    .text.flash_indirect_read  mbl_flash.o
    0x08000e2c   0x08000e2c   0x0000001e   Code   RO           23    .text.flash_init    mbl_flash.o
    0x08000e4a   0x08000e4a   0x00000002   PAD
    0x08000e4c   0x08000e4c   0x0000003c   Code   RO           19    .text.flash_nodec_config  mbl_flash.o
    0x08000e88   0x08000e88   0x00000024   Code   RO           21    .text.flash_offset_mapping  mbl_flash.o
    0x08000eac   0x08000eac   0x0000014e   Code   RO           25    .text.flash_read    mbl_flash.o
    0x08000ffa   0x08000ffa   0x00000002   PAD
    0x08000ffc   0x08000ffc   0x000001ec   Code   RO           29    .text.flash_verify_read  mbl_flash.o
    0x080011e8   0x080011e8   0x00000176   Code   RO           31    .text.flash_write   mbl_flash.o
    0x0800135e   0x0800135e   0x00000002   PAD
    0x08001360   0x08001360   0x0000015a   Code   RO          217    .text.fmc_continuous_program  gd32w51x_fmc.o
    0x080014ba   0x080014ba   0x00000002   PAD
    0x080014bc   0x080014bc   0x0000000c   Code   RO          273    .text.fmc_flag_clear  gd32w51x_fmc.o
    0x080014c8   0x080014c8   0x00000012   Code   RO          209    .text.fmc_lock      gd32w51x_fmc.o
    0x080014da   0x080014da   0x00000002   PAD
    0x080014dc   0x080014dc   0x0000007e   Code   RO          255    .text.fmc_no_rtdec_config  gd32w51x_fmc.o
    0x0800155a   0x0800155a   0x00000002   PAD
    0x0800155c   0x0800155c   0x0000001c   Code   RO          257    .text.fmc_offset_region_config  gd32w51x_fmc.o
    0x08001578   0x08001578   0x00000014   Code   RO          259    .text.fmc_offset_value_config  gd32w51x_fmc.o
    0x0800158c   0x0800158c   0x0000014c   Code   RO          211    .text.fmc_page_erase  gd32w51x_fmc.o
    0x080016d8   0x080016d8   0x00000026   Code   RO          207    .text.fmc_unlock    gd32w51x_fmc.o
    0x080016fe   0x080016fe   0x00000002   PAD
    0x08001700   0x08001700   0x0000014a   Code   RO          215    .text.fmc_word_program  gd32w51x_fmc.o
    0x0800184a   0x0800184a   0x00000002   PAD
    0x0800184c   0x0800184c   0x000000d4   Code   RO          339    .text.gpio_af_set   gd32w51x_gpio.o
    0x08001920   0x08001920   0x00000176   Code   RO          319    .text.gpio_mode_set  gd32w51x_gpio.o
    0x08001a96   0x08001a96   0x00000002   PAD
    0x08001a98   0x08001a98   0x000000ee   Code   RO          321    .text.gpio_output_options_set  gd32w51x_gpio.o
    0x08001b86   0x08001b86   0x00000002   PAD
    0x08001b88   0x08001b88   0x00000074   Code   RO          364    .text.icache_disable  gd32w51x_icache.o
    0x08001bfc   0x08001bfc   0x00000018   Code   RO          362    .text.icache_enable  gd32w51x_icache.o
    0x08001c14   0x08001c14   0x0000002c   Code   RO           15    .text.is_valid_flash_addr  mbl_flash.o
    0x08001c40   0x08001c40   0x0000001c   Code   RO          133    .text.log_uart_idle_wait  mbl_uart.o
    0x08001c5c   0x08001c5c   0x0000000c   Code   RO          131    .text.log_uart_init  mbl_uart.o
    0x08001c68   0x08001c68   0x00000174   Code   RO           61    .text.main          mbl_ns.o
    0x08001ddc   0x08001ddc   0x00000012   Code   RO          229    .text.ob_lock       gd32w51x_fmc.o
    0x08001dee   0x08001dee   0x00000002   PAD
    0x08001df0   0x08001df0   0x00000026   Code   RO          227    .text.ob_unlock     gd32w51x_fmc.o
    0x08001e16   0x08001e16   0x00000002   PAD
    0x08001e18   0x08001e18   0x000000b8   Code   RO          176    .text.printi        mbl_trace.o
    0x08001ed0   0x08001ed0   0x000000e6   Code   RO          172    .text.prints        mbl_trace.o
    0x08001fb6   0x08001fb6   0x00000002   PAD
    0x08001fb8   0x08001fb8   0x0000017c   Code   RO          629    .text.rcu_clock_freq_get  gd32w51x_rcu.o
    0x08002134   0x08002134   0x0000001e   Code   RO          469    .text.rcu_periph_clock_enable  gd32w51x_rcu.o
    0x08002152   0x08002152   0x00000002   PAD
    0x08002154   0x08002154   0x00000020   Code   RO          479    .text.rcu_periph_reset_disable  gd32w51x_rcu.o
    0x08002174   0x08002174   0x0000001e   Code   RO          477    .text.rcu_periph_reset_enable  gd32w51x_rcu.o
    0x08002192   0x08002192   0x00000002   PAD
    0x08002194   0x08002194   0x00000022   Code   RO           95    .text.sys_err_process_set  mbl_sys.o
    0x080021b6   0x080021b6   0x00000002   PAD
    0x080021b8   0x080021b8   0x0000004a   Code   RO          103    .text.sys_fw_version_set  mbl_sys.o
    0x08002202   0x08002202   0x00000002   PAD
    0x08002204   0x08002204   0x0000008a   Code   RO           99    .text.sys_img_flag_set  mbl_sys.o
    0x0800228e   0x0800228e   0x00000002   PAD
    0x08002290   0x08002290   0x0000004c   Code   RO          101    .text.sys_running_img_set  mbl_sys.o
    0x080022dc   0x080022dc   0x000000b2   Code   RO           85    .text.sys_statu_integritys_check  mbl_sys.o
    0x0800238e   0x0800238e   0x00000002   PAD
    0x08002390   0x08002390   0x000001b8   Code   RO          111    .text.sys_status_check  mbl_sys.o
    0x08002548   0x08002548   0x000000ba   Code   RO           83    .text.sys_status_crypt  mbl_sys.o
    0x08002602   0x08002602   0x00000002   PAD
    0x08002604   0x08002604   0x000001c8   Code   RO          109    .text.sys_status_dump  mbl_sys.o
    0x080027cc   0x080027cc   0x0000015c   Code   RO           93    .text.sys_status_get  mbl_sys.o
    0x08002928   0x08002928   0x000000bc   Code   RO           81    .text.sys_status_init  mbl_sys.o
    0x080029e4   0x080029e4   0x00000270   Code   RO           91    .text.sys_status_internal_set  mbl_sys.o
    0x08002c54   0x08002c54   0x000000cc   Code   RO           89    .text.sys_status_set  mbl_sys.o
    0x08002d20   0x08002d20   0x000001e0   Code   RO          107    .text.sys_status_show  mbl_sys.o
    0x08002f00   0x08002f00   0x00000022   Code   RO           97    .text.sys_trace_level_set  mbl_sys.o
    0x08002f22   0x08002f22   0x00000002   PAD
    0x08002f24   0x08002f24   0x0000001e   Code   RO          105    .text.sys_trng_seed_set  mbl_sys.o
    0x08002f42   0x08002f42   0x00000002   PAD
    0x08002f44   0x08002f44   0x00000120   Code   RO          194    .text.system_clock_180m_40m_hxtal  mbl_system_gdm32.o
    0x08003064   0x08003064   0x0000011e   Code   RO          129    .text.uart_config   mbl_uart.o
    0x08003182   0x08003182   0x00000002   PAD
    0x08003184   0x08003184   0x00000026   Code   RO          127    .text.uart_putc     mbl_uart.o
    0x080031aa   0x080031aa   0x00000002   PAD
    0x080031ac   0x080031ac   0x0000006a   Code   RO          643    .text.usart_baudrate_set  gd32w51x_usart.o
    0x08003216   0x08003216   0x00000002   PAD
    0x08003218   0x08003218   0x00000008   Code   RO          677    .text.usart_data_transmit  gd32w51x_usart.o
    0x08003220   0x08003220   0x00000064   Code   RO          641    .text.usart_deinit  gd32w51x_usart.o
    0x08003284   0x08003284   0x0000000a   Code   RO          651    .text.usart_enable  gd32w51x_usart.o
    0x0800328e   0x0800328e   0x00000002   PAD
    0x08003290   0x08003290   0x00000018   Code   RO          777    .text.usart_flag_get  gd32w51x_usart.o
    0x080032a8   0x080032a8   0x00000010   Code   RO          655    .text.usart_transmit_config  gd32w51x_usart.o
    0x080032b8   0x080032b8   0x0000000a   Ven    RO          857    Veneer$$Code        anon$$obj.o
    0x080032c2   0x080032c2   0x0000000a   Ven    RO          858    Veneer$$Code        anon$$obj.o
    0x080032cc   0x080032cc   0x0000000a   Ven    RO          859    Veneer$$Code        anon$$obj.o
    0x080032d6   0x080032d6   0x0000000a   Ven    RO          860    Veneer$$Code        anon$$obj.o
    0x080032e0   0x080032e0   0x0000000a   Ven    RO          861    Veneer$$Code        anon$$obj.o
    0x080032ea   0x080032ea   0x0000000a   Ven    RO          862    Veneer$$Code        anon$$obj.o
    0x080032f4   0x080032f4   0x0000000a   Ven    RO          863    Veneer$$Code        anon$$obj.o
    0x080032fe   0x080032fe   0x0000000a   Ven    RO          864    Veneer$$Code        anon$$obj.o
    0x08003308   0x08003308   0x0000000a   Ven    RO          865    Veneer$$Code        anon$$obj.o
    0x08003312   0x08003312   0x0000000a   Ven    RO          866    Veneer$$Code        anon$$obj.o
    0x0800331c   0x0800331c   0x0000000a   Ven    RO          867    Veneer$$Code        anon$$obj.o
    0x08003326   0x08003326   0x0000000a   Ven    RO          868    Veneer$$Code        anon$$obj.o
    0x08003330   0x08003330   0x0000000a   Ven    RO          869    Veneer$$Code        anon$$obj.o
    0x0800333a   0x0800333a   0x0000000a   Ven    RO          870    Veneer$$Code        anon$$obj.o
    0x08003344   0x08003344   0x0000000e   Code   RO          851    i.__scatterload_copy  mc_w.l(handlers.o)
    0x08003352   0x08003352   0x00000002   Code   RO          852    i.__scatterload_null  mc_w.l(handlers.o)
    0x08003354   0x08003354   0x0000000e   Code   RO          853    i.__scatterload_zeroinit  mc_w.l(handlers.o)
    0x08003362   0x08003362   0x00000008   Data   RO          631    .rodata.cst8        gd32w51x_rcu.o
    0x0800336a   0x0800336a   0x0000002b   Data   RO           65    .rodata.str1.1      mbl_ns.o
    0x08003395   0x08003395   0x0000003c   Data   RO          115    .rodata.str1.1      mbl_sys.o
    0x080033d1   0x080033d1   0x00000003   PAD
    0x080033d4   0x080033d4   0x00000030   Data   RO          850    Region$$Table       anon$$obj.o


    Execution Region MBL_CODE_SRAM (Exec base: 0x20000200, Load base: 0x08003404, Size: 0x00000984, Max: 0xffffffff, ABSOLUTE)

    Exec Addr    Load Addr    Size         Type   Attr      Idx    E Section Name        Object

    0x20000200   0x08003404   0x00000070   Code   RO          429    .text.qspi_autopolling  gd32w51x_qspi.o
    0x20000270   0x08003474   0x00000058   Code   RO          413    .text.qspi_command  gd32w51x_qspi.o
    0x200002c8   0x080034cc   0x00000140   Code   RO          415    .text.qspi_config   gd32w51x_qspi.o
    0x20000408   0x0800360c   0x0000020c   Code   RO          151    .text.qspi_flash_config  mbl_qspi_flash.o
    0x20000614   0x08003818   0x000000d6   Code   RO          161    .text.qspi_flash_page_program  mbl_qspi_flash.o
    0x200006ea   0x080038ee   0x00000002   PAD
    0x200006ec   0x080038f0   0x0000004a   Code   RO          159    .text.qspi_flash_read  mbl_qspi_flash.o
    0x20000736   0x0800393a   0x00000002   PAD
    0x20000738   0x0800393c   0x000000c4   Code   RO          153    .text.qspi_flash_sector_erase  mbl_qspi_flash.o
    0x200007fc   0x08003a00   0x0000008c   Code   RO          411    .text.qspi_init     gd32w51x_qspi.o
    0x20000888   0x08003a8c   0x00000186   Code   RO          427    .text.qspi_receive  gd32w51x_qspi.o
    0x20000a0e   0x08003c12   0x00000002   PAD
    0x20000a10   0x08003c14   0x0000014c   Code   RO          425    .text.qspi_transmit  gd32w51x_qspi.o
    0x20000b5c   0x08003d60   0x0000000a   Ven    RO          871    Veneer$$Code        anon$$obj.o
    0x20000b66   0x08003d6a   0x0000000a   Ven    RO          872    Veneer$$Code        anon$$obj.o
    0x20000b70   0x08003d74   0x0000000a   Ven    RO          873    Veneer$$Code        anon$$obj.o
    0x20000b7a   0x08003d7e   0x0000000a   Ven    RO          874    Veneer$$Code        anon$$obj.o


    Execution Region MBL_DATA (Exec base: 0x20000b90, Load base: 0x08003d90, Size: 0x0000100c, Max: 0xffffffff, ABSOLUTE)

    Exec Addr    Load Addr    Size         Type   Attr      Idx    E Section Name        Object

    0x20000b90   0x08003d90   0x00000004   Data   RW           63    .data.mbl_err_process  mbl_ns.o
    0x20000b94   0x08003d94   0x00000004   Data   RW           64    .data.mbl_trace_level  mbl_ns.o
    0x20000b98        -       0x00000004   Zero   RW           66    .bss.jump_to_main_image.img_reset  mbl_ns.o
    0x20000b9c        -       0x00001000   Zero   RW          114    .bss.mbedtls_init.alloc_buf  mbl_sys.o


    Execution Region ARM_LIB_STACKHEAP (Exec base: 0x20001ba0, Load base: 0x08003da0, Size: 0x00001000, Max: 0x00001000, ABSOLUTE)

    Exec Addr    Load Addr    Size         Type   Attr      Idx    E Section Name        Object

    0x20001ba0        -       0x00001000   Zero   RW            1    ARM_LIB_STACKHEAP.bss  anon$$obj.o



  Load Region LR_CODE_2 (Base: 0x08007c00, Size: 0x00000100, Max: 0x00000100, ABSOLUTE)

    Execution Region MBL_API (Exec base: 0x08007c00, Load base: 0x08007c00, Size: 0x00000100, Max: 0xffffffff, ABSOLUTE)

    Exec Addr    Load Addr    Size         Type   Attr      Idx    E Section Name        Object

    0x08007c00   0x08007c00   0x00000100   Data   RO          144    .rodata.mbl_api     mbl_api.o


==============================================================================

Image component sizes


      Code (inc. data)   RO Data    RW Data    ZI Data      Debug   Object Name

      1306          4          0          0          0      15227   gd32w51x_fmc.o
       824          0          0          0          0       6186   gd32w51x_gpio.o
       140          0          0          0          0       4427   gd32w51x_icache.o
      1382          0          0          0          0       9348   gd32w51x_qspi.o
       472         24          8          0          0      22858   gd32w51x_rcu.o
       264          0          0          0          0      14671   gd32w51x_usart.o
         0          0        256          0          0        481   mbl_api.o
      2298          0          0          0          0      11361   mbl_flash.o
       376          0          0          0          0       3539   mbl_image.o
       372        128         43          8          4       2398   mbl_ns.o
      1008          0          0          0          0       5602   mbl_qspi_flash.o
        40         10        472          0          0        936   mbl_startup_gdm32.o
      3870        596         60          0       4096      14693   mbl_sys.o
       444          0          0          0          0       2444   mbl_system_gdm32.o
      1558         74          0          0          0       6984   mbl_trace.o
       364          0          0          0          0       2593   mbl_uart.o

    ----------------------------------------------------------------------
     14960        836        890          8       8196     123748   Object Totals
       180          0         48          0       4096          0   (incl. Generated)
        62          0          3          0          0          0   (incl. Padding)

    ----------------------------------------------------------------------

      Code (inc. data)   RO Data    RW Data    ZI Data      Debug   Library Member Name

         0          0          0          0          0          0   entry.o
         0          0          0          0          0          0   entry10a.o
         0          0          0          0          0          0   entry11a.o
         8          4          0          0          0          0   entry3.o
         4          0          0          0          0          0   entry5.o
         0          0          0          0          0          0   entry7b.o
         0          0          0          0          0          0   entry8b.o
         8          4          0          0          0          0   entry9a.o
        30          0          0          0          0          0   handlers.o
        36          8          0          0          0         68   init.o
        36          0          0          0          0         68   memcpya.o
        36          0          0          0          0        108   memseta.o

    ----------------------------------------------------------------------
       158         16          0          0          0        244   Library Totals
         0          0          0          0          0          0   (incl. Padding)

    ----------------------------------------------------------------------

      Code (inc. data)   RO Data    RW Data    ZI Data      Debug   Library Name

       158         16          0          0          0        244   mc_w.l

    ----------------------------------------------------------------------
       158         16          0          0          0        244   Library Totals

    ----------------------------------------------------------------------

==============================================================================


      Code (inc. data)   RO Data    RW Data    ZI Data      Debug   

     15118        852        890          8       8196     123936   Grand Totals
     15118        852        890          8       8196     123936   ELF Image Totals
     15118        852        890          8          0          0   ROM Totals

==============================================================================

    Total RO  Size (Code + RO Data)                16008 (  15.63kB)
    Total RW  Size (RW Data + ZI Data)              8204 (   8.01kB)
    Total ROM Size (Code + RO Data + RW Data)      16016 (  15.64kB)

==============================================================================

