<html>
<body>
<pre>
<h1>µVision Build Log</h1>
<h2>Tool Versions:</h2>
IDE-Version: µVision V5.27.1.0
Copyright (C) 2019 ARM Ltd and ARM Germany GmbH. All rights reserved.
License Information: 1 Administrator, 1, LIC=47GU5-GZIKF-30ANC-7V94E-9LM24-Y5CSG
 
Tool Versions:
Toolchain:       MDK-ARM Plus  Version: 5.27.1.0
Toolchain Path:  C:\Keil_v5\ARM\ARMCLANG\Bin
C Compiler:      ArmClang.exe V6.12
Assembler:       Armasm.exe V6.12
Linker/Locator:  ArmLink.exe V6.12
Library Manager: ArmAr.exe V6.12
Hex Converter:   FromElf.exe V6.12
CPU DLL:         
Dialog DLL:      
Target DLL:      CMSIS_AGDI_V8M.DLL V1.5.16.0
Dialog DLL:      TCM.DLL V1.36.1.0
 
<h2>Project:</h2>
C:\root\Workspace\Code\gd32-pio-wifi-sdk\MBL\project\KEIL\Project_MBL_NS.uvprojx
Project File Date:  02/23/2025

<h2>Output:</h2>
*** Using Compiler 'V6.12', folder: 'C:\Keil_v5\ARM\ARMCLANG\Bin'
Rebuild Project 'Project_MBL_NS' - Target 'Target_GDM32'
assembling mbl_startup_gdm32.s...
compiling mbl_uart.c...
compiling mbl_sys.c...
compiling mbl_api.c...
compiling gd32w51x_icache.c...
compiling mbl_trace.c...
compiling gd32w51x_qspi.c...
compiling gd32w51x_rcu.c...
compiling mbl_qspi_flash.c...
compiling gd32w51x_gpio.c...
compiling mbl_system_gdm32.c...
compiling mbl_image.c...
compiling gd32w51x_misc.c...
compiling gd32w51x_fwdgt.c...
compiling mbl_ns.c...
compiling gd32w51x_usart.c...
compiling mbl_flash.c...
compiling gd32w51x_fmc.c...
linking...
Program Size: Code=15118 RO-data=890 RW-data=8 ZI-data=8196  
After Build - User command #1: ..\mbl_afterbuild.bat  C:\root\Workspace\Code\gd32-pio-wifi-sdk\MBL\project\KEIL\mbl_ns\Objects\ mbl-ns KEIL C:\Keil_v5\
        1 file(s) copied.
".\mbl_ns\Objects\mbl-ns.axf" - 0 Error(s), 0 Warning(s).

<h2>Software Packages used:</h2>

Package Vendor: ARM
                http://www.keil.com/pack/ARM.CMSIS.5.9.0.pack
                ARM.CMSIS.5.9.0
                CMSIS (Common Microcontroller Software Interface Standard)
   * Component: CORE Version: 5.6.0

Package Vendor: GigaDevice
                https://gd32mcu.com/data/documents/pack/GigaDevice.GD32W51x_DFP.1.0.3.pack
                GigaDevice.GD32W51x_DFP.1.0.3
                GigaDevice GD32W51x Series Device Support and Examples

<h2>Collection of Component include folders:</h2>
  .\RTE\_Target_GDM32
  C:\Users\Administrator\AppData\Local\Arm\Packs\ARM\CMSIS\5.9.0\CMSIS\Core\Include
  C:\Users\Administrator\AppData\Local\Arm\Packs\GigaDevice\GD32W51x_DFP\1.0.3\Device\Include

<h2>Collection of Component Files used:</h2>

   * Component: ARM::CMSIS:CORE:5.6.0
      Include file:  CMSIS\Core\Include\tz_context.h
Build Time Elapsed:  00:00:03
</pre>
</body>
</html>
