Component: ARM Compiler 6.9 Tool: armlink [5ced1b00]

==============================================================================

Section Cross References

    gd32w51x_it.o(.ARM.exidx.text.NMI_Handler) refers to gd32w51x_it.o(.text.NMI_Handler) for [Anonymous Symbol]
    gd32w51x_it.o(.text.HardFault_Handler_c) refers to gd32w51x_it.o(.rodata.str1.1) for .L.str
    gd32w51x_it.o(.text.HardFault_Handler_c) refers to printfa.o(i.__0printf) for printf
    gd32w51x_it.o(.ARM.exidx.text.HardFault_Handler_c) refers to gd32w51x_it.o(.text.HardFault_Handler_c) for [Anonymous Symbol]
    gd32w51x_it.o(.text.HardFault_Handler) refers to gd32w51x_it.o(.text.HardFault_Handler_c) for HardFault_Handler_c
    gd32w51x_it.o(.ARM.exidx.text.HardFault_Handler) refers to gd32w51x_it.o(.text.HardFault_Handler) for [Anonymous Symbol]
    gd32w51x_it.o(.ARM.exidx.text.MemManage_Handler) refers to gd32w51x_it.o(.text.MemManage_Handler) for [Anonymous Symbol]
    gd32w51x_it.o(.ARM.exidx.text.BusFault_Handler) refers to gd32w51x_it.o(.text.BusFault_Handler) for [Anonymous Symbol]
    gd32w51x_it.o(.ARM.exidx.text.UsageFault_Handler) refers to gd32w51x_it.o(.text.UsageFault_Handler) for [Anonymous Symbol]
    gd32w51x_it.o(.ARM.exidx.text.SVC_Handler) refers to gd32w51x_it.o(.text.SVC_Handler) for [Anonymous Symbol]
    gd32w51x_it.o(.ARM.exidx.text.DebugMon_Handler) refers to gd32w51x_it.o(.text.DebugMon_Handler) for [Anonymous Symbol]
    gd32w51x_it.o(.ARM.exidx.text.PendSV_Handler) refers to gd32w51x_it.o(.text.PendSV_Handler) for [Anonymous Symbol]
    gd32w51x_it.o(.text.SysTick_Handler) refers to systick.o(.text.delay_decrement) for delay_decrement
    gd32w51x_it.o(.ARM.exidx.text.SysTick_Handler) refers to gd32w51x_it.o(.text.SysTick_Handler) for [Anonymous Symbol]
    main.o(.text.main) refers to mbl_uart.o(.text.log_uart_init) for log_uart_init
    main.o(.text.main) refers to main.o(.rodata.str1.1) for .L.str
    main.o(.text.main) refers to printfa.o(i.__0printf) for printf
    main.o(.text.main) refers to ff.o(.text.f_mkfs) for f_mkfs
    main.o(.text.main) refers to ff.o(.text.f_mount) for f_mount
    main.o(.text.main) refers to ff.o(.text.f_open) for f_open
    main.o(.text.main) refers to ff.o(.text.f_write) for f_write
    main.o(.text.main) refers to ff.o(.text.f_close) for f_close
    main.o(.text.main) refers to ff.o(.text.f_read) for f_read
    main.o(.ARM.exidx.text.main) refers to main.o(.text.main) for [Anonymous Symbol]
    systick.o(.text.systick_config) refers to system_gd32w51x.o(.data.SystemCoreClock) for SystemCoreClock
    systick.o(.text.systick_config) refers to systick.o(.text.SysTick_Config) for SysTick_Config
    systick.o(.text.systick_config) refers to systick.o(.text.__NVIC_SetPriority) for __NVIC_SetPriority
    systick.o(.ARM.exidx.text.systick_config) refers to systick.o(.text.systick_config) for [Anonymous Symbol]
    systick.o(.text.SysTick_Config) refers to systick.o(.text.__NVIC_SetPriority) for __NVIC_SetPriority
    systick.o(.ARM.exidx.text.SysTick_Config) refers to systick.o(.text.SysTick_Config) for [Anonymous Symbol]
    systick.o(.ARM.exidx.text.__NVIC_SetPriority) refers to systick.o(.text.__NVIC_SetPriority) for [Anonymous Symbol]
    systick.o(.text.delay_1ms) refers to systick.o(.bss.delay) for delay
    systick.o(.ARM.exidx.text.delay_1ms) refers to systick.o(.text.delay_1ms) for [Anonymous Symbol]
    systick.o(.text.delay_decrement) refers to systick.o(.bss.delay) for delay
    systick.o(.ARM.exidx.text.delay_decrement) refers to systick.o(.text.delay_decrement) for [Anonymous Symbol]
    system_gd32w51x.o(.text.SystemInit) refers to startup_gd32w51x.o(RESET) for __Vectors
    system_gd32w51x.o(.text.SystemInit) refers to system_gd32w51x.o(.text.system_clock_config) for system_clock_config
    system_gd32w51x.o(.ARM.exidx.text.SystemInit) refers to system_gd32w51x.o(.text.SystemInit) for [Anonymous Symbol]
    system_gd32w51x.o(.text.system_clock_config) refers to system_gd32w51x.o(.text.system_clock_180m_40m_hxtal) for system_clock_180m_40m_hxtal
    system_gd32w51x.o(.ARM.exidx.text.system_clock_config) refers to system_gd32w51x.o(.text.system_clock_config) for [Anonymous Symbol]
    system_gd32w51x.o(.ARM.exidx.text.system_clock_180m_40m_hxtal) refers to system_gd32w51x.o(.text.system_clock_180m_40m_hxtal) for [Anonymous Symbol]
    system_gd32w51x.o(.text.SystemCoreClockUpdate) refers to system_gd32w51x.o(.data.SystemCoreClock) for SystemCoreClock
    system_gd32w51x.o(.text.SystemCoreClockUpdate) refers to system_gd32w51x.o(.rodata.SystemCoreClockUpdate.ahb_exp) for SystemCoreClockUpdate.ahb_exp
    system_gd32w51x.o(.ARM.exidx.text.SystemCoreClockUpdate) refers to system_gd32w51x.o(.text.SystemCoreClockUpdate) for [Anonymous Symbol]
    gd32w51x_adc.o(.text.adc_deinit) refers to gd32w51x_rcu.o(.text.rcu_periph_reset_enable) for rcu_periph_reset_enable
[...]
    Removing gd32w51x_icache.o(.text.icache_way_selection), (64 bytes).
    Removing gd32w51x_icache.o(.ARM.exidx.text.icache_way_selection), (8 bytes).
    Removing gd32w51x_icache.o(.text.icache_burst_type_sel), (88 bytes).
    Removing gd32w51x_icache.o(.ARM.exidx.text.icache_burst_type_sel), (8 bytes).
    Removing gd32w51x_icache.o(.text.icache_invalidation), (88 bytes).
    Removing gd32w51x_icache.o(.ARM.exidx.text.icache_invalidation), (8 bytes).
    Removing gd32w51x_icache.o(.text.icache_interrupt_flag_clear), (26 bytes).
    Removing gd32w51x_icache.o(.ARM.exidx.text.icache_interrupt_flag_clear), (8 bytes).
    Removing gd32w51x_icache.o(.text.icache_hitvalue_get), (10 bytes).
    Removing gd32w51x_icache.o(.ARM.exidx.text.icache_hitvalue_get), (8 bytes).
    Removing gd32w51x_icache.o(.text.get_icache_missvalue_get), (10 bytes).
    Removing gd32w51x_icache.o(.ARM.exidx.text.get_icache_missvalue_get), (8 bytes).
    Removing gd32w51x_icache.o(.text.icache_remap_enable), (156 bytes).
    Removing gd32w51x_icache.o(.ARM.exidx.text.icache_remap_enable), (8 bytes).
    Removing gd32w51x_icache.o(.text.icache_flag_get), (56 bytes).
    Removing gd32w51x_icache.o(.ARM.exidx.text.icache_flag_get), (8 bytes).
    Removing gd32w51x_icache.o(.text.icache_flag_clear), (26 bytes).
    Removing gd32w51x_icache.o(.ARM.exidx.text.icache_flag_clear), (8 bytes).
    Removing gd32w51x_icache.o(.text.icache_interrupt_enable), (26 bytes).
    Removing gd32w51x_icache.o(.ARM.exidx.text.icache_interrupt_enable), (8 bytes).
    Removing gd32w51x_icache.o(.text.icache_interrupt_disable), (28 bytes).
    Removing gd32w51x_icache.o(.ARM.exidx.text.icache_interrupt_disable), (8 bytes).
    Removing gd32w51x_icache.o(.text.icache_interrupt_flag_get), (56 bytes).
    Removing gd32w51x_icache.o(.ARM.exidx.text.icache_interrupt_flag_get), (8 bytes).
    Removing gd32w51x_misc.o(.text), (0 bytes).
    Removing gd32w51x_misc.o(.text.nvic_priority_group_set), (32 bytes).
    Removing gd32w51x_misc.o(.ARM.exidx.text.nvic_priority_group_set), (8 bytes).
    Removing gd32w51x_misc.o(.text.nvic_irq_enable), (294 bytes).
    Removing gd32w51x_misc.o(.ARM.exidx.text.nvic_irq_enable), (8 bytes).
    Removing gd32w51x_misc.o(.text.__NVIC_EnableIRQ), (54 bytes).
    Removing gd32w51x_misc.o(.ARM.exidx.text.__NVIC_EnableIRQ), (8 bytes).
    Removing gd32w51x_misc.o(.text.nvic_irq_disable), (24 bytes).
    Removing gd32w51x_misc.o(.ARM.exidx.text.nvic_irq_disable), (8 bytes).
    Removing gd32w51x_misc.o(.text.__NVIC_DisableIRQ), (62 bytes).
    Removing gd32w51x_misc.o(.ARM.exidx.text.__NVIC_DisableIRQ), (8 bytes).
    Removing gd32w51x_misc.o(.text.nvic_system_reset), (4 bytes).
    Removing gd32w51x_misc.o(.ARM.exidx.text.nvic_system_reset), (8 bytes).
    Removing gd32w51x_misc.o(.text.__NVIC_SystemReset), (38 bytes).
    Removing gd32w51x_misc.o(.ARM.exidx.text.__NVIC_SystemReset), (8 bytes).
    Removing gd32w51x_misc.o(.text.nvic_vector_table_set), (46 bytes).
    Removing gd32w51x_misc.o(.ARM.exidx.text.nvic_vector_table_set), (8 bytes).
    Removing gd32w51x_misc.o(.text.system_lowpower_set), (32 bytes).
    Removing gd32w51x_misc.o(.ARM.exidx.text.system_lowpower_set), (8 bytes).
    Removing gd32w51x_misc.o(.text.system_lowpower_reset), (34 bytes).
    Removing gd32w51x_misc.o(.ARM.exidx.text.system_lowpower_reset), (8 bytes).
    Removing gd32w51x_misc.o(.text.systick_clksource_set), (56 bytes).
    Removing gd32w51x_misc.o(.ARM.exidx.text.systick_clksource_set), (8 bytes).
    Removing gd32w51x_pkcau.o(.text), (0 bytes).
    Removing gd32w51x_pkcau.o(.text.pkcau_deinit), (24 bytes).
    Removing gd32w51x_pkcau.o(.ARM.exidx.text.pkcau_deinit), (8 bytes).
    Removing gd32w51x_pkcau.o(.text.pkcau_mont_struct_para_init), (22 bytes).
    Removing gd32w51x_pkcau.o(.ARM.exidx.text.pkcau_mont_struct_para_init), (8 bytes).
    Removing gd32w51x_pkcau.o(.text.pkcau_mod_struct_para_init), (30 bytes).
    Removing gd32w51x_pkcau.o(.ARM.exidx.text.pkcau_mod_struct_para_init), (8 bytes).
    Removing gd32w51x_pkcau.o(.text.pkcau_mod_exp_struct_para_init), (38 bytes).
    Removing gd32w51x_pkcau.o(.ARM.exidx.text.pkcau_mod_exp_struct_para_init), (8 bytes).
    Removing gd32w51x_pkcau.o(.text.pkcau_mod_inver_struct_para_init), (26 bytes).
    Removing gd32w51x_pkcau.o(.ARM.exidx.text.pkcau_mod_inver_struct_para_init), (8 bytes).
    Removing gd32w51x_pkcau.o(.text.pkcau_arithmetic_struct_para_init), (26 bytes).
    Removing gd32w51x_pkcau.o(.ARM.exidx.text.pkcau_arithmetic_struct_para_init), (8 bytes).
    Removing gd32w51x_pkcau.o(.text.pkcau_crt_struct_para_init), (42 bytes).
    Removing gd32w51x_pkcau.o(.ARM.exidx.text.pkcau_crt_struct_para_init), (8 bytes).
    Removing gd32w51x_pkcau.o(.text.pkcau_ec_group_struct_para_init), (62 bytes).
    Removing gd32w51x_pkcau.o(.ARM.exidx.text.pkcau_ec_group_struct_para_init), (8 bytes).
    Removing gd32w51x_pkcau.o(.text.pkcau_point_struct_para_init), (22 bytes).
    Removing gd32w51x_pkcau.o(.ARM.exidx.text.pkcau_point_struct_para_init), (8 bytes).
    Removing gd32w51x_pkcau.o(.text.pkcau_signature_struct_para_init), (22 bytes).
    Removing gd32w51x_pkcau.o(.ARM.exidx.text.pkcau_signature_struct_para_init), (8 bytes).
    Removing gd32w51x_pkcau.o(.text.pkcau_hash_struct_para_init), (22 bytes).
    Removing gd32w51x_pkcau.o(.ARM.exidx.text.pkcau_hash_struct_para_init), (8 bytes).
    Removing gd32w51x_pkcau.o(.text.pkcau_mod_reduc_struct_para_init), (30 bytes).
    Removing gd32w51x_pkcau.o(.ARM.exidx.text.pkcau_mod_reduc_struct_para_init), (8 bytes).
    Removing gd32w51x_pkcau.o(.text.pkcau_enable), (18 bytes).
    Removing gd32w51x_pkcau.o(.ARM.exidx.text.pkcau_enable), (8 bytes).
    Removing gd32w51x_pkcau.o(.text.pkcau_disable), (18 bytes).
    Removing gd32w51x_pkcau.o(.ARM.exidx.text.pkcau_disable), (8 bytes).
    Removing gd32w51x_pkcau.o(.text.pkcau_start), (18 bytes).
    Removing gd32w51x_pkcau.o(.ARM.exidx.text.pkcau_start), (8 bytes).
    Removing gd32w51x_pkcau.o(.text.pkcau_mode_set), (36 bytes).
    Removing gd32w51x_pkcau.o(.ARM.exidx.text.pkcau_mode_set), (8 bytes).
    Removing gd32w51x_pkcau.o(.text.pkcau_mont_param_operation), (66 bytes).
    Removing gd32w51x_pkcau.o(.ARM.exidx.text.pkcau_mont_param_operation), (8 bytes).
    Removing gd32w51x_pkcau.o(.text.pkcau_memcpy_value), (38 bytes).
    Removing gd32w51x_pkcau.o(.ARM.exidx.text.pkcau_memcpy_value), (8 bytes).
    Removing gd32w51x_pkcau.o(.text.pkcau_memcpy_operand), (188 bytes).
    Removing gd32w51x_pkcau.o(.ARM.exidx.text.pkcau_memcpy_operand), (8 bytes).
    Removing gd32w51x_pkcau.o(.text.pkcau_mod_operation), (90 bytes).
    Removing gd32w51x_pkcau.o(.ARM.exidx.text.pkcau_mod_operation), (8 bytes).
    Removing gd32w51x_pkcau.o(.text.pkcau_mod_exp_operation), (132 bytes).
    Removing gd32w51x_pkcau.o(.ARM.exidx.text.pkcau_mod_exp_operation), (8 bytes).
    Removing gd32w51x_pkcau.o(.text.pkcau_mod_inver_operation), (80 bytes).
    Removing gd32w51x_pkcau.o(.ARM.exidx.text.pkcau_mod_inver_operation), (8 bytes).
    Removing gd32w51x_pkcau.o(.text.pkcau_mod_reduc_operation), (96 bytes).
    Removing gd32w51x_pkcau.o(.ARM.exidx.text.pkcau_mod_reduc_operation), (8 bytes).
    Removing gd32w51x_pkcau.o(.text.pkcau_arithmetic_operation), (76 bytes).
    Removing gd32w51x_pkcau.o(.ARM.exidx.text.pkcau_arithmetic_operation), (8 bytes).
    Removing gd32w51x_pkcau.o(.text.pkcau_crt_exp_operation), (176 bytes).
    Removing gd32w51x_pkcau.o(.ARM.exidx.text.pkcau_crt_exp_operation), (8 bytes).
    Removing gd32w51x_pkcau.o(.text.pkcau_point_check_operation), (136 bytes).
    Removing gd32w51x_pkcau.o(.ARM.exidx.text.pkcau_point_check_operation), (8 bytes).
    Removing gd32w51x_pkcau.o(.text.pkcau_point_mul_operation), (186 bytes).
    Removing gd32w51x_pkcau.o(.ARM.exidx.text.pkcau_point_mul_operation), (8 bytes).
    Removing gd32w51x_pkcau.o(.text.pkcau_ecdsa_sign_operation), (202 bytes).
    Removing gd32w51x_pkcau.o(.ARM.exidx.text.pkcau_ecdsa_sign_operation), (8 bytes).
    Removing gd32w51x_pkcau.o(.text.pkcau_ecdsa_verification_operation), (238 bytes).
    Removing gd32w51x_pkcau.o(.ARM.exidx.text.pkcau_ecdsa_verification_operation), (8 bytes).
    Removing gd32w51x_pkcau.o(.text.pkcau_memread), (204 bytes).
    Removing gd32w51x_pkcau.o(.ARM.exidx.text.pkcau_memread), (8 bytes).
    Removing gd32w51x_pkcau.o(.text.pkcau_flag_get), (50 bytes).
    Removing gd32w51x_pkcau.o(.ARM.exidx.text.pkcau_flag_get), (8 bytes).
    Removing gd32w51x_pkcau.o(.text.pkcau_flag_clear), (100 bytes).
    Removing gd32w51x_pkcau.o(.ARM.exidx.text.pkcau_flag_clear), (8 bytes).
    Removing gd32w51x_pkcau.o(.text.pkcau_interrupt_enable), (28 bytes).
    Removing gd32w51x_pkcau.o(.ARM.exidx.text.pkcau_interrupt_enable), (8 bytes).
    Removing gd32w51x_pkcau.o(.text.pkcau_interrupt_disable), (30 bytes).
    Removing gd32w51x_pkcau.o(.ARM.exidx.text.pkcau_interrupt_disable), (8 bytes).
    Removing gd32w51x_pkcau.o(.text.pkcau_interrupt_flag_get), (160 bytes).
    Removing gd32w51x_pkcau.o(.ARM.exidx.text.pkcau_interrupt_flag_get), (8 bytes).
    Removing gd32w51x_pkcau.o(.text.pkcau_interrupt_flag_clear), (100 bytes).
    Removing gd32w51x_pkcau.o(.ARM.exidx.text.pkcau_interrupt_flag_clear), (8 bytes).
    Removing gd32w51x_pmu.o(.text), (0 bytes).
    Removing gd32w51x_pmu.o(.text.pmu_deinit), (24 bytes).
    Removing gd32w51x_pmu.o(.ARM.exidx.text.pmu_deinit), (8 bytes).
    Removing gd32w51x_pmu.o(.text.pmu_lvd_select), (52 bytes).
    Removing gd32w51x_pmu.o(.ARM.exidx.text.pmu_lvd_select), (8 bytes).
    Removing gd32w51x_pmu.o(.text.pmu_lvd_disable), (18 bytes).
    Removing gd32w51x_pmu.o(.ARM.exidx.text.pmu_lvd_disable), (8 bytes).
    Removing gd32w51x_pmu.o(.text.pmu_vlvd_enable), (18 bytes).
    Removing gd32w51x_pmu.o(.ARM.exidx.text.pmu_vlvd_enable), (8 bytes).
    Removing gd32w51x_pmu.o(.text.pmu_vlvd_disable), (18 bytes).
    Removing gd32w51x_pmu.o(.ARM.exidx.text.pmu_vlvd_disable), (8 bytes).
    Removing gd32w51x_pmu.o(.text.pmu_ldo_output_select), (36 bytes).
    Removing gd32w51x_pmu.o(.ARM.exidx.text.pmu_ldo_output_select), (8 bytes).
    Removing gd32w51x_pmu.o(.text.pmu_to_sleepmode), (48 bytes).
    Removing gd32w51x_pmu.o(.ARM.exidx.text.pmu_to_sleepmode), (8 bytes).
    Removing gd32w51x_pmu.o(.text.pmu_to_deepsleepmode), (184 bytes).
    Removing gd32w51x_pmu.o(.ARM.exidx.text.pmu_to_deepsleepmode), (8 bytes).
    Removing gd32w51x_pmu.o(.text.pmu_to_standbymode), (44 bytes).
    Removing gd32w51x_pmu.o(.ARM.exidx.text.pmu_to_standbymode), (8 bytes).
    Removing gd32w51x_pmu.o(.text.pmu_wakeup_pin_enable), (28 bytes).
    Removing gd32w51x_pmu.o(.ARM.exidx.text.pmu_wakeup_pin_enable), (8 bytes).
    Removing gd32w51x_pmu.o(.text.pmu_wakeup_pin_disable), (30 bytes).
    Removing gd32w51x_pmu.o(.ARM.exidx.text.pmu_wakeup_pin_disable), (8 bytes).
    Removing gd32w51x_pmu.o(.text.pmu_backup_write_enable), (18 bytes).
    Removing gd32w51x_pmu.o(.ARM.exidx.text.pmu_backup_write_enable), (8 bytes).
    Removing gd32w51x_pmu.o(.text.pmu_backup_write_disable), (18 bytes).
    Removing gd32w51x_pmu.o(.ARM.exidx.text.pmu_backup_write_disable), (8 bytes).
    Removing gd32w51x_pmu.o(.text.pmu_wifi_power_enable), (18 bytes).
    Removing gd32w51x_pmu.o(.ARM.exidx.text.pmu_wifi_power_enable), (8 bytes).
    Removing gd32w51x_pmu.o(.text.pmu_wifi_power_disable), (18 bytes).
    Removing gd32w51x_pmu.o(.ARM.exidx.text.pmu_wifi_power_disable), (8 bytes).
    Removing gd32w51x_pmu.o(.text.pmu_wifi_sram_control), (28 bytes).
    Removing gd32w51x_pmu.o(.ARM.exidx.text.pmu_wifi_sram_control), (8 bytes).
    Removing gd32w51x_pmu.o(.text.pmu_rf_force_enable), (28 bytes).
    Removing gd32w51x_pmu.o(.ARM.exidx.text.pmu_rf_force_enable), (8 bytes).
    Removing gd32w51x_pmu.o(.text.pmu_rf_force_disable), (30 bytes).
    Removing gd32w51x_pmu.o(.ARM.exidx.text.pmu_rf_force_disable), (8 bytes).
    Removing gd32w51x_pmu.o(.text.pmu_rf_sequence_config), (36 bytes).
    Removing gd32w51x_pmu.o(.ARM.exidx.text.pmu_rf_sequence_config), (8 bytes).
    Removing gd32w51x_pmu.o(.text.pmu_security_enable), (28 bytes).
    Removing gd32w51x_pmu.o(.ARM.exidx.text.pmu_security_enable), (8 bytes).
    Removing gd32w51x_pmu.o(.text.pmu_security_disable), (30 bytes).
    Removing gd32w51x_pmu.o(.ARM.exidx.text.pmu_security_disable), (8 bytes).
    Removing gd32w51x_pmu.o(.text.pmu_privilege_enable), (18 bytes).
    Removing gd32w51x_pmu.o(.ARM.exidx.text.pmu_privilege_enable), (8 bytes).
    Removing gd32w51x_pmu.o(.text.pmu_privilege_disable), (18 bytes).
    Removing gd32w51x_pmu.o(.ARM.exidx.text.pmu_privilege_disable), (8 bytes).
    Removing gd32w51x_pmu.o(.text.pmu_flag_reset), (28 bytes).
    Removing gd32w51x_pmu.o(.ARM.exidx.text.pmu_flag_reset), (8 bytes).
    Removing gd32w51x_pmu.o(.text.pmu_flag_get), (104 bytes).
    Removing gd32w51x_pmu.o(.ARM.exidx.text.pmu_flag_get), (8 bytes).
    Removing gd32w51x_qspi.o(.text), (0 bytes).
    Removing gd32w51x_qspi.o(.text.qspi_init), (204 bytes).
    Removing gd32w51x_qspi.o(.ARM.exidx.text.qspi_init), (8 bytes).
    Removing gd32w51x_qspi.o(.ARM.exidx.text.qspi_command), (8 bytes).
    Removing gd32w51x_qspi.o(.ARM.exidx.text.qspi_config), (8 bytes).
    Removing gd32w51x_qspi.o(.ARM.exidx.text.qspi_transmit), (8 bytes).
    Removing gd32w51x_qspi.o(.ARM.exidx.text.qspi_receive), (8 bytes).
    Removing gd32w51x_qspi.o(.ARM.exidx.text.qspi_autopolling), (8 bytes).
    Removing gd32w51x_qspi.o(.text.qspi_memorymapped), (136 bytes).
    Removing gd32w51x_qspi.o(.ARM.exidx.text.qspi_memorymapped), (8 bytes).
    Removing gd32w51x_qspi.o(.text.qspi_abort), (18 bytes).
    Removing gd32w51x_qspi.o(.ARM.exidx.text.qspi_abort), (8 bytes).
    Removing gd32w51x_qspi.o(.text.qspi_command_fmc_s), (90 bytes).
    Removing gd32w51x_qspi.o(.ARM.exidx.text.qspi_command_fmc_s), (8 bytes).
    Removing gd32w51x_qspi.o(.text.qspi_config_fmc_s), (754 bytes).
    Removing gd32w51x_qspi.o(.ARM.exidx.text.qspi_config_fmc_s), (8 bytes).
    Removing gd32w51x_qspi.o(.text.qspi_transmit_fmc_s), (134 bytes).
    Removing gd32w51x_qspi.o(.ARM.exidx.text.qspi_transmit_fmc_s), (8 bytes).
    Removing gd32w51x_qspi.o(.text.qspi_receive_fmc_s), (154 bytes).
    Removing gd32w51x_qspi.o(.ARM.exidx.text.qspi_receive_fmc_s), (8 bytes).
    Removing gd32w51x_qspi.o(.text.qspi_autopolling_fmc_s), (162 bytes).
    Removing gd32w51x_qspi.o(.ARM.exidx.text.qspi_autopolling_fmc_s), (8 bytes).
    Removing gd32w51x_qspi.o(.text.qspi_memorymapped_fmc_s), (136 bytes).
    Removing gd32w51x_qspi.o(.ARM.exidx.text.qspi_memorymapped_fmc_s), (8 bytes).
    Removing gd32w51x_rcu.o(.text), (0 bytes).
    Removing gd32w51x_rcu.o(.text.rcu_deinit), (150 bytes).
    Removing gd32w51x_rcu.o(.ARM.exidx.text.rcu_deinit), (8 bytes).
    Removing gd32w51x_rcu.o(.text.rcu_osci_stab_wait), (750 bytes).
    Removing gd32w51x_rcu.o(.ARM.exidx.text.rcu_osci_stab_wait), (8 bytes).
    Removing gd32w51x_rcu.o(.ARM.exidx.text.rcu_periph_clock_enable), (8 bytes).
    Removing gd32w51x_rcu.o(.text.rcu_periph_clock_disable), (48 bytes).
    Removing gd32w51x_rcu.o(.ARM.exidx.text.rcu_periph_clock_disable), (8 bytes).
    Removing gd32w51x_rcu.o(.text.rcu_periph_clock_sleep_enable), (48 bytes).
    Removing gd32w51x_rcu.o(.ARM.exidx.text.rcu_periph_clock_sleep_enable), (8 bytes).
    Removing gd32w51x_rcu.o(.text.rcu_periph_clock_sleep_disable), (48 bytes).
    Removing gd32w51x_rcu.o(.ARM.exidx.text.rcu_periph_clock_sleep_disable), (8 bytes).
    Removing gd32w51x_rcu.o(.ARM.exidx.text.rcu_periph_reset_enable), (8 bytes).
    Removing gd32w51x_rcu.o(.ARM.exidx.text.rcu_periph_reset_disable), (8 bytes).
    Removing gd32w51x_rcu.o(.text.rcu_bkp_reset_enable), (18 bytes).
    Removing gd32w51x_rcu.o(.ARM.exidx.text.rcu_bkp_reset_enable), (8 bytes).
    Removing gd32w51x_rcu.o(.text.rcu_bkp_reset_disable), (18 bytes).
    Removing gd32w51x_rcu.o(.ARM.exidx.text.rcu_bkp_reset_disable), (8 bytes).
    Removing gd32w51x_rcu.o(.text.rcu_hxtal_plli2s_enable), (18 bytes).
    Removing gd32w51x_rcu.o(.ARM.exidx.text.rcu_hxtal_plli2s_enable), (8 bytes).
    Removing gd32w51x_rcu.o(.text.rcu_hxtal_pllp_enable), (18 bytes).
    Removing gd32w51x_rcu.o(.ARM.exidx.text.rcu_hxtal_pllp_enable), (8 bytes).
    Removing gd32w51x_rcu.o(.text.rcu_plldig_enable), (18 bytes).
    Removing gd32w51x_rcu.o(.ARM.exidx.text.rcu_plldig_enable), (8 bytes).
    Removing gd32w51x_rcu.o(.text.rcu_hxtal_poweron), (18 bytes).
    Removing gd32w51x_rcu.o(.ARM.exidx.text.rcu_hxtal_poweron), (8 bytes).
    Removing gd32w51x_rcu.o(.text.rcu_hxtal_powerdown), (18 bytes).
    Removing gd32w51x_rcu.o(.ARM.exidx.text.rcu_hxtal_powerdown), (8 bytes).
    Removing gd32w51x_rcu.o(.text.rcu_plldig_poweron), (18 bytes).
    Removing gd32w51x_rcu.o(.ARM.exidx.text.rcu_plldig_poweron), (8 bytes).
    Removing gd32w51x_rcu.o(.text.rcu_plldig_powerdown), (18 bytes).
    Removing gd32w51x_rcu.o(.ARM.exidx.text.rcu_plldig_powerdown), (8 bytes).
    Removing gd32w51x_rcu.o(.text.rcu_rfpll_cal_enable), (18 bytes).
    Removing gd32w51x_rcu.o(.ARM.exidx.text.rcu_rfpll_cal_enable), (8 bytes).
    Removing gd32w51x_rcu.o(.text.rcu_rfpll_cal_disable), (18 bytes).
    Removing gd32w51x_rcu.o(.ARM.exidx.text.rcu_rfpll_cal_disable), (8 bytes).
    Removing gd32w51x_rcu.o(.text.rcu_rfpll_poweron), (18 bytes).
    Removing gd32w51x_rcu.o(.ARM.exidx.text.rcu_rfpll_poweron), (8 bytes).
    Removing gd32w51x_rcu.o(.text.rcu_rfpll_powerdown), (18 bytes).
    Removing gd32w51x_rcu.o(.ARM.exidx.text.rcu_rfpll_powerdown), (8 bytes).
    Removing gd32w51x_rcu.o(.text.rcu_ldoana_poweron), (18 bytes).
    Removing gd32w51x_rcu.o(.ARM.exidx.text.rcu_ldoana_poweron), (8 bytes).
    Removing gd32w51x_rcu.o(.text.rcu_ldoana_powerdown), (18 bytes).
    Removing gd32w51x_rcu.o(.ARM.exidx.text.rcu_ldoana_powerdown), (8 bytes).
    Removing gd32w51x_rcu.o(.text.rcu_ldoclk_poweron), (18 bytes).
    Removing gd32w51x_rcu.o(.ARM.exidx.text.rcu_ldoclk_poweron), (8 bytes).
    Removing gd32w51x_rcu.o(.text.rcu_ldoclk_powerdown), (18 bytes).
    Removing gd32w51x_rcu.o(.ARM.exidx.text.rcu_ldoclk_powerdown), (8 bytes).
    Removing gd32w51x_rcu.o(.text.rcu_bandgap_powerdown), (18 bytes).
    Removing gd32w51x_rcu.o(.ARM.exidx.text.rcu_bandgap_powerdown), (8 bytes).
    Removing gd32w51x_rcu.o(.text.rcu_bandgap_poweron), (18 bytes).
    Removing gd32w51x_rcu.o(.ARM.exidx.text.rcu_bandgap_poweron), (8 bytes).
    Removing gd32w51x_rcu.o(.text.rcu_system_clock_source_config), (40 bytes).
    Removing gd32w51x_rcu.o(.ARM.exidx.text.rcu_system_clock_source_config), (8 bytes).
    Removing gd32w51x_rcu.o(.text.rcu_system_clock_source_get), (16 bytes).
    Removing gd32w51x_rcu.o(.ARM.exidx.text.rcu_system_clock_source_get), (8 bytes).
    Removing gd32w51x_rcu.o(.text.rcu_ahb_clock_config), (40 bytes).
    Removing gd32w51x_rcu.o(.ARM.exidx.text.rcu_ahb_clock_config), (8 bytes).
    Removing gd32w51x_rcu.o(.text.rcu_apb1_clock_config), (40 bytes).
    Removing gd32w51x_rcu.o(.ARM.exidx.text.rcu_apb1_clock_config), (8 bytes).
    Removing gd32w51x_rcu.o(.text.rcu_apb2_clock_config), (40 bytes).
    Removing gd32w51x_rcu.o(.ARM.exidx.text.rcu_apb2_clock_config), (8 bytes).
    Removing gd32w51x_rcu.o(.text.rcu_ckout0_config), (58 bytes).
    Removing gd32w51x_rcu.o(.ARM.exidx.text.rcu_ckout0_config), (8 bytes).
    Removing gd32w51x_rcu.o(.text.rcu_ckout1_config), (58 bytes).
    Removing gd32w51x_rcu.o(.ARM.exidx.text.rcu_ckout1_config), (8 bytes).
    Removing gd32w51x_rcu.o(.text.rcu_pll_config), (222 bytes).
    Removing gd32w51x_rcu.o(.ARM.exidx.text.rcu_pll_config), (8 bytes).
    Removing gd32w51x_rcu.o(.text.rcu_plli2s_config), (156 bytes).
    Removing gd32w51x_rcu.o(.ARM.exidx.text.rcu_plli2s_config), (8 bytes).
    Removing gd32w51x_rcu.o(.text.rcu_plldig_config), (36 bytes).
    Removing gd32w51x_rcu.o(.ARM.exidx.text.rcu_plldig_config), (8 bytes).
    Removing gd32w51x_rcu.o(.text.rcu_plldigfsys_div_config), (40 bytes).
    Removing gd32w51x_rcu.o(.ARM.exidx.text.rcu_plldigfsys_div_config), (8 bytes).
    Removing gd32w51x_rcu.o(.text.rcu_rtc_clock_config), (40 bytes).
    Removing gd32w51x_rcu.o(.ARM.exidx.text.rcu_rtc_clock_config), (8 bytes).
    Removing gd32w51x_rcu.o(.text.rcu_rtc_div_config), (40 bytes).
    Removing gd32w51x_rcu.o(.ARM.exidx.text.rcu_rtc_div_config), (8 bytes).
    Removing gd32w51x_rcu.o(.text.rcu_i2s_clock_config), (40 bytes).
    Removing gd32w51x_rcu.o(.ARM.exidx.text.rcu_i2s_clock_config), (8 bytes).
    Removing gd32w51x_rcu.o(.text.rcu_pllfi2s_clock_div_config), (40 bytes).
    Removing gd32w51x_rcu.o(.ARM.exidx.text.rcu_pllfi2s_clock_div_config), (8 bytes).
    Removing gd32w51x_rcu.o(.text.rcu_hpdf_clock_config), (40 bytes).
    Removing gd32w51x_rcu.o(.ARM.exidx.text.rcu_hpdf_clock_config), (8 bytes).
    Removing gd32w51x_rcu.o(.text.rcu_hpdf_audio_clock_config), (40 bytes).
    Removing gd32w51x_rcu.o(.ARM.exidx.text.rcu_hpdf_audio_clock_config), (8 bytes).
    Removing gd32w51x_rcu.o(.text.rcu_sdio_clock_config), (40 bytes).
    Removing gd32w51x_rcu.o(.ARM.exidx.text.rcu_sdio_clock_config), (8 bytes).
    Removing gd32w51x_rcu.o(.text.rcu_sdio_div_config), (40 bytes).
    Removing gd32w51x_rcu.o(.ARM.exidx.text.rcu_sdio_div_config), (8 bytes).
    Removing gd32w51x_rcu.o(.text.rcu_usbfs_clock_config), (40 bytes).
    Removing gd32w51x_rcu.o(.ARM.exidx.text.rcu_usbfs_clock_config), (8 bytes).
    Removing gd32w51x_rcu.o(.text.rcu_usbfs_div_config), (40 bytes).
    Removing gd32w51x_rcu.o(.ARM.exidx.text.rcu_usbfs_div_config), (8 bytes).
    Removing gd32w51x_rcu.o(.text.rcu_i2c0_clock_config), (40 bytes).
    Removing gd32w51x_rcu.o(.ARM.exidx.text.rcu_i2c0_clock_config), (8 bytes).
    Removing gd32w51x_rcu.o(.text.rcu_usart0_clock_config), (40 bytes).
    Removing gd32w51x_rcu.o(.ARM.exidx.text.rcu_usart0_clock_config), (8 bytes).
    Removing gd32w51x_rcu.o(.text.rcu_usart2_clock_config), (40 bytes).
    Removing gd32w51x_rcu.o(.ARM.exidx.text.rcu_usart2_clock_config), (8 bytes).
    Removing gd32w51x_rcu.o(.text.rcu_irc16m_div_config), (42 bytes).
    Removing gd32w51x_rcu.o(.ARM.exidx.text.rcu_irc16m_div_config), (8 bytes).
    Removing gd32w51x_rcu.o(.text.rcu_timer_clock_prescaler_config), (60 bytes).
    Removing gd32w51x_rcu.o(.ARM.exidx.text.rcu_timer_clock_prescaler_config), (8 bytes).
    Removing gd32w51x_rcu.o(.text.rcu_flag_get), (70 bytes).
    Removing gd32w51x_rcu.o(.ARM.exidx.text.rcu_flag_get), (8 bytes).
    Removing gd32w51x_rcu.o(.text.rcu_all_reset_flag_clear), (18 bytes).
    Removing gd32w51x_rcu.o(.ARM.exidx.text.rcu_all_reset_flag_clear), (8 bytes).
    Removing gd32w51x_rcu.o(.text.rcu_interrupt_flag_get), (70 bytes).
    Removing gd32w51x_rcu.o(.ARM.exidx.text.rcu_interrupt_flag_get), (8 bytes).
    Removing gd32w51x_rcu.o(.text.rcu_interrupt_flag_clear), (48 bytes).
    Removing gd32w51x_rcu.o(.ARM.exidx.text.rcu_interrupt_flag_clear), (8 bytes).
    Removing gd32w51x_rcu.o(.text.rcu_interrupt_enable), (48 bytes).
    Removing gd32w51x_rcu.o(.ARM.exidx.text.rcu_interrupt_enable), (8 bytes).
    Removing gd32w51x_rcu.o(.text.rcu_interrupt_disable), (48 bytes).
    Removing gd32w51x_rcu.o(.ARM.exidx.text.rcu_interrupt_disable), (8 bytes).
    Removing gd32w51x_rcu.o(.text.rcu_lxtal_drive_capability_config), (40 bytes).
    Removing gd32w51x_rcu.o(.ARM.exidx.text.rcu_lxtal_drive_capability_config), (8 bytes).
    Removing gd32w51x_rcu.o(.text.rcu_osci_on), (48 bytes).
    Removing gd32w51x_rcu.o(.ARM.exidx.text.rcu_osci_on), (8 bytes).
    Removing gd32w51x_rcu.o(.text.rcu_osci_off), (48 bytes).
    Removing gd32w51x_rcu.o(.ARM.exidx.text.rcu_osci_off), (8 bytes).
    Removing gd32w51x_rcu.o(.text.rcu_osci_bypass_mode_enable), (140 bytes).
    Removing gd32w51x_rcu.o(.ARM.exidx.text.rcu_osci_bypass_mode_enable), (8 bytes).
    Removing gd32w51x_rcu.o(.text.rcu_osci_bypass_mode_disable), (144 bytes).
    Removing gd32w51x_rcu.o(.ARM.exidx.text.rcu_osci_bypass_mode_disable), (8 bytes).
    Removing gd32w51x_rcu.o(.text.rcu_hxtal_clock_monitor_enable), (18 bytes).
    Removing gd32w51x_rcu.o(.ARM.exidx.text.rcu_hxtal_clock_monitor_enable), (8 bytes).
    Removing gd32w51x_rcu.o(.text.rcu_hxtal_clock_monitor_disable), (18 bytes).
    Removing gd32w51x_rcu.o(.ARM.exidx.text.rcu_hxtal_clock_monitor_disable), (8 bytes).
    Removing gd32w51x_rcu.o(.text.rcu_rf_hxtal_clock_monitor_enable), (18 bytes).
    Removing gd32w51x_rcu.o(.ARM.exidx.text.rcu_rf_hxtal_clock_monitor_enable), (8 bytes).
    Removing gd32w51x_rcu.o(.text.rcu_rf_hxtal_clock_monitor_disable), (18 bytes).
    Removing gd32w51x_rcu.o(.ARM.exidx.text.rcu_rf_hxtal_clock_monitor_disable), (8 bytes).
    Removing gd32w51x_rcu.o(.text.rcu_irc16m_adjust_value_set), (46 bytes).
    Removing gd32w51x_rcu.o(.ARM.exidx.text.rcu_irc16m_adjust_value_set), (8 bytes).
    Removing gd32w51x_rcu.o(.text.rcu_voltage_key_unlock), (20 bytes).
    Removing gd32w51x_rcu.o(.ARM.exidx.text.rcu_voltage_key_unlock), (8 bytes).
    Removing gd32w51x_rcu.o(.text.rcu_deepsleep_voltage_set), (32 bytes).
    Removing gd32w51x_rcu.o(.ARM.exidx.text.rcu_deepsleep_voltage_set), (8 bytes).
    Removing gd32w51x_rcu.o(.text.rcu_spread_spectrum_config), (68 bytes).
    Removing gd32w51x_rcu.o(.ARM.exidx.text.rcu_spread_spectrum_config), (8 bytes).
    Removing gd32w51x_rcu.o(.text.rcu_spread_spectrum_enable), (18 bytes).
    Removing gd32w51x_rcu.o(.ARM.exidx.text.rcu_spread_spectrum_enable), (8 bytes).
    Removing gd32w51x_rcu.o(.text.rcu_spread_spectrum_disable), (18 bytes).
    Removing gd32w51x_rcu.o(.ARM.exidx.text.rcu_spread_spectrum_disable), (8 bytes).
    Removing gd32w51x_rcu.o(.text.rcu_security_enable), (48 bytes).
    Removing gd32w51x_rcu.o(.ARM.exidx.text.rcu_security_enable), (8 bytes).
    Removing gd32w51x_rcu.o(.text.rcu_security_disable), (48 bytes).
    Removing gd32w51x_rcu.o(.ARM.exidx.text.rcu_security_disable), (8 bytes).
    Removing gd32w51x_rcu.o(.text.rcu_privilege_enable), (18 bytes).
    Removing gd32w51x_rcu.o(.ARM.exidx.text.rcu_privilege_enable), (8 bytes).
    Removing gd32w51x_rcu.o(.text.rcu_privilege_disable), (18 bytes).
    Removing gd32w51x_rcu.o(.ARM.exidx.text.rcu_privilege_disable), (8 bytes).
    Removing gd32w51x_rcu.o(.text.rcu_security_flag_get), (70 bytes).
    Removing gd32w51x_rcu.o(.ARM.exidx.text.rcu_security_flag_get), (8 bytes).
    Removing gd32w51x_rcu.o(.ARM.exidx.text.rcu_clock_freq_get), (8 bytes).
    Removing gd32w51x_rtc.o(.text), (0 bytes).
    Removing gd32w51x_rtc.o(.text.rtc_deinit), (390 bytes).
    Removing gd32w51x_rtc.o(.ARM.exidx.text.rtc_deinit), (8 bytes).
    Removing gd32w51x_rtc.o(.text.rtc_init_mode_enter), (142 bytes).
    Removing gd32w51x_rtc.o(.ARM.exidx.text.rtc_init_mode_enter), (8 bytes).
    Removing gd32w51x_rtc.o(.text.rtc_register_sync_wait), (170 bytes).
    Removing gd32w51x_rtc.o(.ARM.exidx.text.rtc_register_sync_wait), (8 bytes).
    Removing gd32w51x_rtc.o(.text.rtc_init), (246 bytes).
    Removing gd32w51x_rtc.o(.ARM.exidx.text.rtc_init), (8 bytes).
    Removing gd32w51x_rtc.o(.text.rtc_init_mode_exit), (18 bytes).
    Removing gd32w51x_rtc.o(.ARM.exidx.text.rtc_init_mode_exit), (8 bytes).
    Removing gd32w51x_rtc.o(.text.rtc_current_time_get), (178 bytes).
    Removing gd32w51x_rtc.o(.ARM.exidx.text.rtc_current_time_get), (8 bytes).
    Removing gd32w51x_rtc.o(.text.rtc_subsecond_get), (38 bytes).
    Removing gd32w51x_rtc.o(.ARM.exidx.text.rtc_subsecond_get), (8 bytes).
    Removing gd32w51x_rtc.o(.text.rtc_alarm_config), (140 bytes).
    Removing gd32w51x_rtc.o(.ARM.exidx.text.rtc_alarm_config), (8 bytes).
    Removing gd32w51x_rtc.o(.text.rtc_alarm_subsecond_config), (78 bytes).
    Removing gd32w51x_rtc.o(.ARM.exidx.text.rtc_alarm_subsecond_config), (8 bytes).
    Removing gd32w51x_rtc.o(.text.rtc_alarm_get), (132 bytes).
    Removing gd32w51x_rtc.o(.ARM.exidx.text.rtc_alarm_get), (8 bytes).
    Removing gd32w51x_rtc.o(.text.rtc_alarm_subsecond_get), (62 bytes).
    Removing gd32w51x_rtc.o(.ARM.exidx.text.rtc_alarm_subsecond_get), (8 bytes).
    Removing gd32w51x_rtc.o(.text.rtc_alarm_enable), (60 bytes).
    Removing gd32w51x_rtc.o(.ARM.exidx.text.rtc_alarm_enable), (8 bytes).
    Removing gd32w51x_rtc.o(.text.rtc_alarm_disable), (210 bytes).
    Removing gd32w51x_rtc.o(.ARM.exidx.text.rtc_alarm_disable), (8 bytes).
    Removing gd32w51x_rtc.o(.text.rtc_timestamp_enable), (70 bytes).
    Removing gd32w51x_rtc.o(.ARM.exidx.text.rtc_timestamp_enable), (8 bytes).
    Removing gd32w51x_rtc.o(.text.rtc_timestamp_disable), (18 bytes).
    Removing gd32w51x_rtc.o(.ARM.exidx.text.rtc_timestamp_disable), (8 bytes).
    Removing gd32w51x_rtc.o(.text.rtc_timestamp_get), (112 bytes).
    Removing gd32w51x_rtc.o(.ARM.exidx.text.rtc_timestamp_get), (8 bytes).
    Removing gd32w51x_rtc.o(.text.rtc_timestamp_subsecond_get), (12 bytes).
    Removing gd32w51x_rtc.o(.ARM.exidx.text.rtc_timestamp_subsecond_get), (8 bytes).
    Removing gd32w51x_rtc.o(.text.rtc_tamper_enable), (304 bytes).
    Removing gd32w51x_rtc.o(.ARM.exidx.text.rtc_tamper_enable), (8 bytes).
    Removing gd32w51x_rtc.o(.text.rtc_tamper_disable), (30 bytes).
    Removing gd32w51x_rtc.o(.ARM.exidx.text.rtc_tamper_disable), (8 bytes).
    Removing gd32w51x_rtc.o(.text.rtc_software_bkp_reset), (18 bytes).
    Removing gd32w51x_rtc.o(.ARM.exidx.text.rtc_software_bkp_reset), (8 bytes).
    Removing gd32w51x_rtc.o(.text.rtc_tamper_without_bkp_seset), (36 bytes).
    Removing gd32w51x_rtc.o(.ARM.exidx.text.rtc_tamper_without_bkp_seset), (8 bytes).
    Removing gd32w51x_rtc.o(.text.rtc_interrupt_enable), (80 bytes).
    Removing gd32w51x_rtc.o(.ARM.exidx.text.rtc_interrupt_enable), (8 bytes).
    Removing gd32w51x_rtc.o(.text.rtc_interrupt_disable), (58 bytes).
    Removing gd32w51x_rtc.o(.ARM.exidx.text.rtc_interrupt_disable), (8 bytes).
    Removing gd32w51x_rtc.o(.text.rtc_flag_get), (88 bytes).
    Removing gd32w51x_rtc.o(.ARM.exidx.text.rtc_flag_get), (8 bytes).
    Removing gd32w51x_rtc.o(.text.rtc_flag_clear), (60 bytes).
    Removing gd32w51x_rtc.o(.ARM.exidx.text.rtc_flag_clear), (8 bytes).
    Removing gd32w51x_rtc.o(.text.rtc_nsec_interrupt_flag_get), (48 bytes).
    Removing gd32w51x_rtc.o(.ARM.exidx.text.rtc_nsec_interrupt_flag_get), (8 bytes).
    Removing gd32w51x_rtc.o(.text.rtc_nsec_interrupt_flag_clear), (28 bytes).
    Removing gd32w51x_rtc.o(.ARM.exidx.text.rtc_nsec_interrupt_flag_clear), (8 bytes).
    Removing gd32w51x_rtc.o(.text.rtc_sec_interrupt_flag_get), (48 bytes).
    Removing gd32w51x_rtc.o(.ARM.exidx.text.rtc_sec_interrupt_flag_get), (8 bytes).
    Removing gd32w51x_rtc.o(.text.rtc_sec_interrupt_flag_clear), (28 bytes).
    Removing gd32w51x_rtc.o(.ARM.exidx.text.rtc_sec_interrupt_flag_clear), (8 bytes).
    Removing gd32w51x_rtc.o(.text.rtc_output_pad_select), (36 bytes).
    Removing gd32w51x_rtc.o(.ARM.exidx.text.rtc_output_pad_select), (8 bytes).
    Removing gd32w51x_rtc.o(.text.rtc_alarm_output_config), (84 bytes).
    Removing gd32w51x_rtc.o(.ARM.exidx.text.rtc_alarm_output_config), (8 bytes).
    Removing gd32w51x_rtc.o(.text.rtc_calibration_output_config), (60 bytes).
    Removing gd32w51x_rtc.o(.ARM.exidx.text.rtc_calibration_output_config), (8 bytes).
    Removing gd32w51x_rtc.o(.text.rtc_hour_adjust), (52 bytes).
    Removing gd32w51x_rtc.o(.ARM.exidx.text.rtc_hour_adjust), (8 bytes).
    Removing gd32w51x_rtc.o(.text.rtc_second_adjust), (188 bytes).
    Removing gd32w51x_rtc.o(.ARM.exidx.text.rtc_second_adjust), (8 bytes).
    Removing gd32w51x_rtc.o(.text.rtc_bypass_shadow_enable), (18 bytes).
    Removing gd32w51x_rtc.o(.ARM.exidx.text.rtc_bypass_shadow_enable), (8 bytes).
    Removing gd32w51x_rtc.o(.text.rtc_bypass_shadow_disable), (18 bytes).
    Removing gd32w51x_rtc.o(.ARM.exidx.text.rtc_bypass_shadow_disable), (8 bytes).
    Removing gd32w51x_rtc.o(.text.rtc_refclock_detection_enable), (86 bytes).
    Removing gd32w51x_rtc.o(.ARM.exidx.text.rtc_refclock_detection_enable), (8 bytes).
    Removing gd32w51x_rtc.o(.text.rtc_refclock_detection_disable), (86 bytes).
    Removing gd32w51x_rtc.o(.ARM.exidx.text.rtc_refclock_detection_disable), (8 bytes).
    Removing gd32w51x_rtc.o(.text.rtc_wakeup_enable), (18 bytes).
    Removing gd32w51x_rtc.o(.ARM.exidx.text.rtc_wakeup_enable), (8 bytes).
    Removing gd32w51x_rtc.o(.text.rtc_wakeup_disable), (122 bytes).
    Removing gd32w51x_rtc.o(.ARM.exidx.text.rtc_wakeup_disable), (8 bytes).
    Removing gd32w51x_rtc.o(.text.rtc_wakeup_clock_set), (140 bytes).
    Removing gd32w51x_rtc.o(.ARM.exidx.text.rtc_wakeup_clock_set), (8 bytes).
    Removing gd32w51x_rtc.o(.text.rtc_wakeup_timer_set), (128 bytes).
    Removing gd32w51x_rtc.o(.ARM.exidx.text.rtc_wakeup_timer_set), (8 bytes).
    Removing gd32w51x_rtc.o(.text.rtc_wakeup_timer_get), (14 bytes).
    Removing gd32w51x_rtc.o(.ARM.exidx.text.rtc_wakeup_timer_get), (8 bytes).
    Removing gd32w51x_rtc.o(.text.rtc_smooth_calibration_config), (174 bytes).
    Removing gd32w51x_rtc.o(.ARM.exidx.text.rtc_smooth_calibration_config), (8 bytes).
    Removing gd32w51x_rtc.o(.text.rtc_coarse_calibration_enable), (86 bytes).
    Removing gd32w51x_rtc.o(.ARM.exidx.text.rtc_coarse_calibration_enable), (8 bytes).
    Removing gd32w51x_rtc.o(.text.rtc_coarse_calibration_disable), (86 bytes).
    Removing gd32w51x_rtc.o(.ARM.exidx.text.rtc_coarse_calibration_disable), (8 bytes).
    Removing gd32w51x_rtc.o(.text.rtc_coarse_calibration_config), (162 bytes).
    Removing gd32w51x_rtc.o(.ARM.exidx.text.rtc_coarse_calibration_config), (8 bytes).
    Removing gd32w51x_rtc.o(.text.rtc_pri_pro_enable), (28 bytes).
    Removing gd32w51x_rtc.o(.ARM.exidx.text.rtc_pri_pro_enable), (8 bytes).
    Removing gd32w51x_rtc.o(.text.rtc_pri_pro_disable), (30 bytes).
    Removing gd32w51x_rtc.o(.ARM.exidx.text.rtc_pri_pro_disable), (8 bytes).
    Removing gd32w51x_rtc.o(.text.rtc_sec_pro_enable), (28 bytes).
    Removing gd32w51x_rtc.o(.ARM.exidx.text.rtc_sec_pro_enable), (8 bytes).
    Removing gd32w51x_rtc.o(.text.rtc_sec_pro_disable), (30 bytes).
    Removing gd32w51x_rtc.o(.ARM.exidx.text.rtc_sec_pro_disable), (8 bytes).
    Removing gd32w51x_rtc.o(.text.rtc_bkp_zonea_sec_pro_set), (36 bytes).
    Removing gd32w51x_rtc.o(.ARM.exidx.text.rtc_bkp_zonea_sec_pro_set), (8 bytes).
    Removing gd32w51x_rtc.o(.text.rtc_bkp_zoneb_sec_pro_set), (74 bytes).
    Removing gd32w51x_rtc.o(.ARM.exidx.text.rtc_bkp_zoneb_sec_pro_set), (8 bytes).
    Removing gd32w51x_rtc.o(.text.rtc_bkp_zoneb_sec_pro_check), (60 bytes).
    Removing gd32w51x_rtc.o(.ARM.exidx.text.rtc_bkp_zoneb_sec_pro_check), (8 bytes).
    Removing gd32w51x_sdio.o(.text), (0 bytes).
    Removing gd32w51x_sdio.o(.text.sdio_deinit), (102 bytes).
    Removing gd32w51x_sdio.o(.ARM.exidx.text.sdio_deinit), (8 bytes).
    Removing gd32w51x_sdio.o(.text.sdio_clock_config), (136 bytes).
    Removing gd32w51x_sdio.o(.ARM.exidx.text.sdio_clock_config), (8 bytes).
    Removing gd32w51x_sdio.o(.text.sdio_hardware_clock_enable), (18 bytes).
    Removing gd32w51x_sdio.o(.ARM.exidx.text.sdio_hardware_clock_enable), (8 bytes).
    Removing gd32w51x_sdio.o(.text.sdio_hardware_clock_disable), (18 bytes).
    Removing gd32w51x_sdio.o(.ARM.exidx.text.sdio_hardware_clock_disable), (8 bytes).
    Removing gd32w51x_sdio.o(.text.sdio_bus_mode_set), (36 bytes).
    Removing gd32w51x_sdio.o(.ARM.exidx.text.sdio_bus_mode_set), (8 bytes).
    Removing gd32w51x_sdio.o(.text.sdio_power_state_set), (24 bytes).
    Removing gd32w51x_sdio.o(.ARM.exidx.text.sdio_power_state_set), (8 bytes).
    Removing gd32w51x_sdio.o(.text.sdio_power_state_get), (12 bytes).
    Removing gd32w51x_sdio.o(.ARM.exidx.text.sdio_power_state_get), (8 bytes).
    Removing gd32w51x_sdio.o(.text.sdio_clock_enable), (18 bytes).
    Removing gd32w51x_sdio.o(.ARM.exidx.text.sdio_clock_enable), (8 bytes).
    Removing gd32w51x_sdio.o(.text.sdio_clock_disable), (18 bytes).
    Removing gd32w51x_sdio.o(.ARM.exidx.text.sdio_clock_disable), (8 bytes).
    Removing gd32w51x_sdio.o(.text.sdio_command_response_config), (88 bytes).
    Removing gd32w51x_sdio.o(.ARM.exidx.text.sdio_command_response_config), (8 bytes).
    Removing gd32w51x_sdio.o(.text.sdio_wait_type_set), (36 bytes).
    Removing gd32w51x_sdio.o(.ARM.exidx.text.sdio_wait_type_set), (8 bytes).
    Removing gd32w51x_sdio.o(.text.sdio_csm_enable), (18 bytes).
    Removing gd32w51x_sdio.o(.ARM.exidx.text.sdio_csm_enable), (8 bytes).
    Removing gd32w51x_sdio.o(.text.sdio_csm_disable), (18 bytes).
    Removing gd32w51x_sdio.o(.ARM.exidx.text.sdio_csm_disable), (8 bytes).
    Removing gd32w51x_sdio.o(.text.sdio_command_index_get), (14 bytes).
    Removing gd32w51x_sdio.o(.ARM.exidx.text.sdio_command_index_get), (8 bytes).
    Removing gd32w51x_sdio.o(.text.sdio_response_get), (94 bytes).
    Removing gd32w51x_sdio.o(.ARM.exidx.text.sdio_response_get), (8 bytes).
    Removing gd32w51x_sdio.o(.text.sdio_data_config), (94 bytes).
    Removing gd32w51x_sdio.o(.ARM.exidx.text.sdio_data_config), (8 bytes).
    Removing gd32w51x_sdio.o(.text.sdio_data_transfer_config), (66 bytes).
    Removing gd32w51x_sdio.o(.ARM.exidx.text.sdio_data_transfer_config), (8 bytes).
    Removing gd32w51x_sdio.o(.text.sdio_dsm_enable), (18 bytes).
    Removing gd32w51x_sdio.o(.ARM.exidx.text.sdio_dsm_enable), (8 bytes).
    Removing gd32w51x_sdio.o(.text.sdio_dsm_disable), (18 bytes).
    Removing gd32w51x_sdio.o(.ARM.exidx.text.sdio_dsm_disable), (8 bytes).
    Removing gd32w51x_sdio.o(.text.sdio_data_write), (24 bytes).
    Removing gd32w51x_sdio.o(.ARM.exidx.text.sdio_data_write), (8 bytes).
    Removing gd32w51x_sdio.o(.text.sdio_data_read), (12 bytes).
    Removing gd32w51x_sdio.o(.ARM.exidx.text.sdio_data_read), (8 bytes).
    Removing gd32w51x_sdio.o(.text.sdio_data_counter_get), (12 bytes).
    Removing gd32w51x_sdio.o(.ARM.exidx.text.sdio_data_counter_get), (8 bytes).
    Removing gd32w51x_sdio.o(.text.sdio_fifo_counter_get), (12 bytes).
    Removing gd32w51x_sdio.o(.ARM.exidx.text.sdio_fifo_counter_get), (8 bytes).
    Removing gd32w51x_sdio.o(.text.sdio_dma_enable), (18 bytes).
    Removing gd32w51x_sdio.o(.ARM.exidx.text.sdio_dma_enable), (8 bytes).
    Removing gd32w51x_sdio.o(.text.sdio_dma_disable), (18 bytes).
    Removing gd32w51x_sdio.o(.ARM.exidx.text.sdio_dma_disable), (8 bytes).
    Removing gd32w51x_sdio.o(.text.sdio_flag_get), (50 bytes).
    Removing gd32w51x_sdio.o(.ARM.exidx.text.sdio_flag_get), (8 bytes).
    Removing gd32w51x_sdio.o(.text.sdio_flag_clear), (24 bytes).
    Removing gd32w51x_sdio.o(.ARM.exidx.text.sdio_flag_clear), (8 bytes).
    Removing gd32w51x_sdio.o(.text.sdio_interrupt_enable), (28 bytes).
    Removing gd32w51x_sdio.o(.ARM.exidx.text.sdio_interrupt_enable), (8 bytes).
    Removing gd32w51x_sdio.o(.text.sdio_interrupt_disable), (30 bytes).
    Removing gd32w51x_sdio.o(.ARM.exidx.text.sdio_interrupt_disable), (8 bytes).
    Removing gd32w51x_sdio.o(.text.sdio_interrupt_flag_get), (50 bytes).
    Removing gd32w51x_sdio.o(.ARM.exidx.text.sdio_interrupt_flag_get), (8 bytes).
    Removing gd32w51x_sdio.o(.text.sdio_interrupt_flag_clear), (24 bytes).
    Removing gd32w51x_sdio.o(.ARM.exidx.text.sdio_interrupt_flag_clear), (8 bytes).
    Removing gd32w51x_sdio.o(.text.sdio_readwait_enable), (18 bytes).
    Removing gd32w51x_sdio.o(.ARM.exidx.text.sdio_readwait_enable), (8 bytes).
    Removing gd32w51x_sdio.o(.text.sdio_readwait_disable), (18 bytes).
    Removing gd32w51x_sdio.o(.ARM.exidx.text.sdio_readwait_disable), (8 bytes).
    Removing gd32w51x_sdio.o(.text.sdio_stop_readwait_enable), (18 bytes).
    Removing gd32w51x_sdio.o(.ARM.exidx.text.sdio_stop_readwait_enable), (8 bytes).
    Removing gd32w51x_sdio.o(.text.sdio_stop_readwait_disable), (18 bytes).
    Removing gd32w51x_sdio.o(.ARM.exidx.text.sdio_stop_readwait_disable), (8 bytes).
    Removing gd32w51x_sdio.o(.text.sdio_readwait_type_set), (58 bytes).
    Removing gd32w51x_sdio.o(.ARM.exidx.text.sdio_readwait_type_set), (8 bytes).
    Removing gd32w51x_sdio.o(.text.sdio_operation_enable), (18 bytes).
    Removing gd32w51x_sdio.o(.ARM.exidx.text.sdio_operation_enable), (8 bytes).
    Removing gd32w51x_sdio.o(.text.sdio_operation_disable), (18 bytes).
    Removing gd32w51x_sdio.o(.ARM.exidx.text.sdio_operation_disable), (8 bytes).
    Removing gd32w51x_sdio.o(.text.sdio_suspend_enable), (18 bytes).
    Removing gd32w51x_sdio.o(.ARM.exidx.text.sdio_suspend_enable), (8 bytes).
    Removing gd32w51x_sdio.o(.text.sdio_suspend_disable), (18 bytes).
    Removing gd32w51x_sdio.o(.ARM.exidx.text.sdio_suspend_disable), (8 bytes).
    Removing gd32w51x_sdio.o(.text.sdio_ceata_command_enable), (18 bytes).
    Removing gd32w51x_sdio.o(.ARM.exidx.text.sdio_ceata_command_enable), (8 bytes).
    Removing gd32w51x_sdio.o(.text.sdio_ceata_command_disable), (18 bytes).
    Removing gd32w51x_sdio.o(.ARM.exidx.text.sdio_ceata_command_disable), (8 bytes).
    Removing gd32w51x_sdio.o(.text.sdio_ceata_interrupt_enable), (18 bytes).
    Removing gd32w51x_sdio.o(.ARM.exidx.text.sdio_ceata_interrupt_enable), (8 bytes).
    Removing gd32w51x_sdio.o(.text.sdio_ceata_interrupt_disable), (18 bytes).
    Removing gd32w51x_sdio.o(.ARM.exidx.text.sdio_ceata_interrupt_disable), (8 bytes).
    Removing gd32w51x_sdio.o(.text.sdio_ceata_command_completion_enable), (18 bytes).
    Removing gd32w51x_sdio.o(.ARM.exidx.text.sdio_ceata_command_completion_enable), (8 bytes).
    Removing gd32w51x_sdio.o(.text.sdio_ceata_command_completion_disable), (18 bytes).
    Removing gd32w51x_sdio.o(.ARM.exidx.text.sdio_ceata_command_completion_disable), (8 bytes).
    Removing gd32w51x_spi.o(.text), (0 bytes).
    Removing gd32w51x_spi.o(.text.spi_i2s_deinit), (86 bytes).
    Removing gd32w51x_spi.o(.ARM.exidx.text.spi_i2s_deinit), (8 bytes).
    Removing gd32w51x_spi.o(.text.spi_struct_para_init), (42 bytes).
    Removing gd32w51x_spi.o(.ARM.exidx.text.spi_struct_para_init), (8 bytes).
    Removing gd32w51x_spi.o(.text.spi_init), (128 bytes).
    Removing gd32w51x_spi.o(.ARM.exidx.text.spi_init), (8 bytes).
    Removing gd32w51x_spi.o(.text.spi_enable), (22 bytes).
    Removing gd32w51x_spi.o(.ARM.exidx.text.spi_enable), (8 bytes).
    Removing gd32w51x_spi.o(.text.spi_disable), (22 bytes).
    Removing gd32w51x_spi.o(.ARM.exidx.text.spi_disable), (8 bytes).
    Removing gd32w51x_spi.o(.text.i2s_init), (94 bytes).
    Removing gd32w51x_spi.o(.ARM.exidx.text.i2s_init), (8 bytes).
    Removing gd32w51x_spi.o(.text.i2s_psc_config), (494 bytes).
    Removing gd32w51x_spi.o(.ARM.exidx.text.i2s_psc_config), (8 bytes).
    Removing gd32w51x_spi.o(.text.i2s1_ckin_psc_config), (320 bytes).
    Removing gd32w51x_spi.o(.ARM.exidx.text.i2s1_ckin_psc_config), (8 bytes).
    Removing gd32w51x_spi.o(.text.i2s_enable), (22 bytes).
    Removing gd32w51x_spi.o(.ARM.exidx.text.i2s_enable), (8 bytes).
    Removing gd32w51x_spi.o(.text.i2s_disable), (22 bytes).
    Removing gd32w51x_spi.o(.ARM.exidx.text.i2s_disable), (8 bytes).
    Removing gd32w51x_spi.o(.text.spi_nss_output_enable), (22 bytes).
    Removing gd32w51x_spi.o(.ARM.exidx.text.spi_nss_output_enable), (8 bytes).
    Removing gd32w51x_spi.o(.text.spi_nss_output_disable), (22 bytes).
    Removing gd32w51x_spi.o(.ARM.exidx.text.spi_nss_output_disable), (8 bytes).
    Removing gd32w51x_spi.o(.text.spi_nss_internal_high), (22 bytes).
    Removing gd32w51x_spi.o(.ARM.exidx.text.spi_nss_internal_high), (8 bytes).
    Removing gd32w51x_spi.o(.text.spi_nss_internal_low), (22 bytes).
    Removing gd32w51x_spi.o(.ARM.exidx.text.spi_nss_internal_low), (8 bytes).
    Removing gd32w51x_spi.o(.text.spi_dma_enable), (54 bytes).
    Removing gd32w51x_spi.o(.ARM.exidx.text.spi_dma_enable), (8 bytes).
    Removing gd32w51x_spi.o(.text.spi_dma_disable), (54 bytes).
    Removing gd32w51x_spi.o(.ARM.exidx.text.spi_dma_disable), (8 bytes).
    Removing gd32w51x_spi.o(.text.spi_i2s_data_frame_format_config), (46 bytes).
    Removing gd32w51x_spi.o(.ARM.exidx.text.spi_i2s_data_frame_format_config), (8 bytes).
    Removing gd32w51x_spi.o(.text.spi_i2s_data_transmit), (28 bytes).
    Removing gd32w51x_spi.o(.ARM.exidx.text.spi_i2s_data_transmit), (8 bytes).
    Removing gd32w51x_spi.o(.text.spi_i2s_data_receive), (18 bytes).
    Removing gd32w51x_spi.o(.ARM.exidx.text.spi_i2s_data_receive), (8 bytes).
    Removing gd32w51x_spi.o(.text.spi_bidirectional_transfer_config), (52 bytes).
    Removing gd32w51x_spi.o(.ARM.exidx.text.spi_bidirectional_transfer_config), (8 bytes).
    Removing gd32w51x_spi.o(.text.spi_crc_polynomial_set), (38 bytes).
    Removing gd32w51x_spi.o(.ARM.exidx.text.spi_crc_polynomial_set), (8 bytes).
    Removing gd32w51x_spi.o(.text.spi_crc_polynomial_get), (18 bytes).
    Removing gd32w51x_spi.o(.ARM.exidx.text.spi_crc_polynomial_get), (8 bytes).
    Removing gd32w51x_spi.o(.text.spi_crc_on), (22 bytes).
    Removing gd32w51x_spi.o(.ARM.exidx.text.spi_crc_on), (8 bytes).
    Removing gd32w51x_spi.o(.text.spi_crc_off), (22 bytes).
    Removing gd32w51x_spi.o(.ARM.exidx.text.spi_crc_off), (8 bytes).
    Removing gd32w51x_spi.o(.text.spi_crc_next), (22 bytes).
    Removing gd32w51x_spi.o(.ARM.exidx.text.spi_crc_next), (8 bytes).
    Removing gd32w51x_spi.o(.text.spi_crc_get), (54 bytes).
    Removing gd32w51x_spi.o(.ARM.exidx.text.spi_crc_get), (8 bytes).
    Removing gd32w51x_spi.o(.text.spi_ti_mode_enable), (22 bytes).
    Removing gd32w51x_spi.o(.ARM.exidx.text.spi_ti_mode_enable), (8 bytes).
    Removing gd32w51x_spi.o(.text.spi_ti_mode_disable), (22 bytes).
    Removing gd32w51x_spi.o(.ARM.exidx.text.spi_ti_mode_disable), (8 bytes).
    Removing gd32w51x_spi.o(.text.i2s_full_duplex_mode_config), (142 bytes).
    Removing gd32w51x_spi.o(.ARM.exidx.text.i2s_full_duplex_mode_config), (8 bytes).
    Removing gd32w51x_spi.o(.text.spi_quad_enable), (26 bytes).
    Removing gd32w51x_spi.o(.ARM.exidx.text.spi_quad_enable), (8 bytes).
    Removing gd32w51x_spi.o(.text.spi_quad_disable), (26 bytes).
    Removing gd32w51x_spi.o(.ARM.exidx.text.spi_quad_disable), (8 bytes).
    Removing gd32w51x_spi.o(.text.spi_quad_write_enable), (26 bytes).
    Removing gd32w51x_spi.o(.ARM.exidx.text.spi_quad_write_enable), (8 bytes).
    Removing gd32w51x_spi.o(.text.spi_quad_read_enable), (26 bytes).
    Removing gd32w51x_spi.o(.ARM.exidx.text.spi_quad_read_enable), (8 bytes).
    Removing gd32w51x_spi.o(.text.spi_quad_io23_output_enable), (26 bytes).
    Removing gd32w51x_spi.o(.ARM.exidx.text.spi_quad_io23_output_enable), (8 bytes).
    Removing gd32w51x_spi.o(.text.spi_quad_io23_output_disable), (26 bytes).
    Removing gd32w51x_spi.o(.ARM.exidx.text.spi_quad_io23_output_disable), (8 bytes).
    Removing gd32w51x_spi.o(.text.spi_i2s_interrupt_enable), (88 bytes).
    Removing gd32w51x_spi.o(.ARM.exidx.text.spi_i2s_interrupt_enable), (8 bytes).
    Removing gd32w51x_spi.o(.text.spi_i2s_interrupt_disable), (88 bytes).
    Removing gd32w51x_spi.o(.ARM.exidx.text.spi_i2s_interrupt_disable), (8 bytes).
    Removing gd32w51x_spi.o(.text.spi_i2s_interrupt_flag_get), (222 bytes).
    Removing gd32w51x_spi.o(.ARM.exidx.text.spi_i2s_interrupt_flag_get), (8 bytes).
    Removing gd32w51x_spi.o(.text.spi_i2s_flag_get), (50 bytes).
    Removing gd32w51x_spi.o(.ARM.exidx.text.spi_i2s_flag_get), (8 bytes).
    Removing gd32w51x_spi.o(.text.spi_crc_error_clear), (22 bytes).
    Removing gd32w51x_spi.o(.ARM.exidx.text.spi_crc_error_clear), (8 bytes).
    Removing gd32w51x_sqpi.o(.text), (0 bytes).
    Removing gd32w51x_sqpi.o(.text.sqpi_deinit), (24 bytes).
    Removing gd32w51x_sqpi.o(.ARM.exidx.text.sqpi_deinit), (8 bytes).
    Removing gd32w51x_sqpi.o(.text.sqpi_struct_para_init), (42 bytes).
    Removing gd32w51x_sqpi.o(.ARM.exidx.text.sqpi_struct_para_init), (8 bytes).
    Removing gd32w51x_sqpi.o(.text.sqpi_init), (60 bytes).
    Removing gd32w51x_sqpi.o(.ARM.exidx.text.sqpi_init), (8 bytes).
    Removing gd32w51x_sqpi.o(.text.sqpi_read_id_command), (62 bytes).
    Removing gd32w51x_sqpi.o(.ARM.exidx.text.sqpi_read_id_command), (8 bytes).
    Removing gd32w51x_sqpi.o(.text.sqpi_special_command), (62 bytes).
    Removing gd32w51x_sqpi.o(.ARM.exidx.text.sqpi_special_command), (8 bytes).
    Removing gd32w51x_sqpi.o(.text.sqpi_read_command_config), (52 bytes).
    Removing gd32w51x_sqpi.o(.ARM.exidx.text.sqpi_read_command_config), (8 bytes).
    Removing gd32w51x_sqpi.o(.text.sqpi_write_command_config), (52 bytes).
    Removing gd32w51x_sqpi.o(.ARM.exidx.text.sqpi_write_command_config), (8 bytes).
    Removing gd32w51x_sqpi.o(.text.sqpi_low_id_receive), (12 bytes).
    Removing gd32w51x_sqpi.o(.ARM.exidx.text.sqpi_low_id_receive), (8 bytes).
    Removing gd32w51x_sqpi.o(.text.sqpi_high_id_receive), (12 bytes).
    Removing gd32w51x_sqpi.o(.ARM.exidx.text.sqpi_high_id_receive), (8 bytes).
    Removing gd32w51x_syscfg.o(.text), (0 bytes).
    Removing gd32w51x_syscfg.o(.text.syscfg_deinit), (24 bytes).
    Removing gd32w51x_syscfg.o(.ARM.exidx.text.syscfg_deinit), (8 bytes).
    Removing gd32w51x_syscfg.o(.text.syscfg_exti_line_config), (184 bytes).
    Removing gd32w51x_syscfg.o(.ARM.exidx.text.syscfg_exti_line_config), (8 bytes).
    Removing gd32w51x_syscfg.o(.text.compensation_pwdn_mode_enable), (18 bytes).
    Removing gd32w51x_syscfg.o(.ARM.exidx.text.compensation_pwdn_mode_enable), (8 bytes).
    Removing gd32w51x_syscfg.o(.text.compensation_pwdn_mode_disable), (18 bytes).
    Removing gd32w51x_syscfg.o(.ARM.exidx.text.compensation_pwdn_mode_disable), (8 bytes).
    Removing gd32w51x_syscfg.o(.text.syscfg_clock_access_security_config), (56 bytes).
    Removing gd32w51x_syscfg.o(.ARM.exidx.text.syscfg_clock_access_security_config), (8 bytes).
    Removing gd32w51x_syscfg.o(.text.classb_access_security_config), (56 bytes).
    Removing gd32w51x_syscfg.o(.ARM.exidx.text.classb_access_security_config), (8 bytes).
    Removing gd32w51x_syscfg.o(.text.sram1_access_security_config), (56 bytes).
    Removing gd32w51x_syscfg.o(.ARM.exidx.text.sram1_access_security_config), (8 bytes).
    Removing gd32w51x_syscfg.o(.text.fpu_access_security_config), (56 bytes).
    Removing gd32w51x_syscfg.o(.ARM.exidx.text.fpu_access_security_config), (8 bytes).
    Removing gd32w51x_syscfg.o(.text.vtor_ns_write_disable), (18 bytes).
    Removing gd32w51x_syscfg.o(.ARM.exidx.text.vtor_ns_write_disable), (8 bytes).
    Removing gd32w51x_syscfg.o(.text.mpu_ns_write_disable), (18 bytes).
    Removing gd32w51x_syscfg.o(.ARM.exidx.text.mpu_ns_write_disable), (8 bytes).
    Removing gd32w51x_syscfg.o(.text.vtors_aircr_write_disable), (18 bytes).
    Removing gd32w51x_syscfg.o(.ARM.exidx.text.vtors_aircr_write_disable), (8 bytes).
    Removing gd32w51x_syscfg.o(.text.mpu_s_write_disable), (18 bytes).
    Removing gd32w51x_syscfg.o(.ARM.exidx.text.mpu_s_write_disable), (8 bytes).
    Removing gd32w51x_syscfg.o(.text.sau_write_disable), (18 bytes).
    Removing gd32w51x_syscfg.o(.ARM.exidx.text.sau_write_disable), (8 bytes).
    Removing gd32w51x_syscfg.o(.text.syscfg_lock_config), (28 bytes).
    Removing gd32w51x_syscfg.o(.ARM.exidx.text.syscfg_lock_config), (8 bytes).
    Removing gd32w51x_syscfg.o(.text.rsscmd_write_data), (24 bytes).
    Removing gd32w51x_syscfg.o(.ARM.exidx.text.rsscmd_write_data), (8 bytes).
    Removing gd32w51x_syscfg.o(.text.sram1_erase), (62 bytes).
    Removing gd32w51x_syscfg.o(.ARM.exidx.text.sram1_erase), (8 bytes).
    Removing gd32w51x_syscfg.o(.text.sram1_unlock), (26 bytes).
    Removing gd32w51x_syscfg.o(.ARM.exidx.text.sram1_unlock), (8 bytes).
    Removing gd32w51x_syscfg.o(.text.sram1_lock), (26 bytes).
    Removing gd32w51x_syscfg.o(.ARM.exidx.text.sram1_lock), (8 bytes).
    Removing gd32w51x_syscfg.o(.text.sram1_write_protect_0_31), (28 bytes).
    Removing gd32w51x_syscfg.o(.ARM.exidx.text.sram1_write_protect_0_31), (8 bytes).
    Removing gd32w51x_syscfg.o(.text.sram1_write_protect_32_63), (28 bytes).
    Removing gd32w51x_syscfg.o(.ARM.exidx.text.sram1_write_protect_32_63), (8 bytes).
    Removing gd32w51x_syscfg.o(.text.compensation_ready_flag_get), (44 bytes).
    Removing gd32w51x_syscfg.o(.ARM.exidx.text.compensation_ready_flag_get), (8 bytes).
    Removing gd32w51x_syscfg.o(.text.sram1_bsy_flag_get), (44 bytes).
    Removing gd32w51x_syscfg.o(.ARM.exidx.text.sram1_bsy_flag_get), (8 bytes).
    Removing gd32w51x_syscfg.o(.text.fpu_interrupt_enable), (28 bytes).
    Removing gd32w51x_syscfg.o(.ARM.exidx.text.fpu_interrupt_enable), (8 bytes).
    Removing gd32w51x_syscfg.o(.text.fpu_interrupt_disable), (30 bytes).
    Removing gd32w51x_syscfg.o(.ARM.exidx.text.fpu_interrupt_disable), (8 bytes).
    Removing gd32w51x_timer.o(.text), (0 bytes).
    Removing gd32w51x_timer.o(.text.timer_deinit), (282 bytes).
    Removing gd32w51x_timer.o(.ARM.exidx.text.timer_deinit), (8 bytes).
    Removing gd32w51x_timer.o(.text.timer_struct_para_init), (42 bytes).
    Removing gd32w51x_timer.o(.ARM.exidx.text.timer_struct_para_init), (8 bytes).
    Removing gd32w51x_timer.o(.text.timer_init), (260 bytes).
    Removing gd32w51x_timer.o(.ARM.exidx.text.timer_init), (8 bytes).
    Removing gd32w51x_timer.o(.text.timer_enable), (22 bytes).
    Removing gd32w51x_timer.o(.ARM.exidx.text.timer_enable), (8 bytes).
    Removing gd32w51x_timer.o(.text.timer_disable), (22 bytes).
    Removing gd32w51x_timer.o(.ARM.exidx.text.timer_disable), (8 bytes).
    Removing gd32w51x_timer.o(.text.timer_auto_reload_shadow_enable), (22 bytes).
    Removing gd32w51x_timer.o(.ARM.exidx.text.timer_auto_reload_shadow_enable), (8 bytes).
    Removing gd32w51x_timer.o(.text.timer_auto_reload_shadow_disable), (22 bytes).
    Removing gd32w51x_timer.o(.ARM.exidx.text.timer_auto_reload_shadow_disable), (8 bytes).
    Removing gd32w51x_timer.o(.text.timer_update_event_enable), (22 bytes).
    Removing gd32w51x_timer.o(.ARM.exidx.text.timer_update_event_enable), (8 bytes).
    Removing gd32w51x_timer.o(.text.timer_update_event_disable), (22 bytes).
    Removing gd32w51x_timer.o(.ARM.exidx.text.timer_update_event_disable), (8 bytes).
    Removing gd32w51x_timer.o(.text.timer_counter_alignment), (46 bytes).
    Removing gd32w51x_timer.o(.ARM.exidx.text.timer_counter_alignment), (8 bytes).
    Removing gd32w51x_timer.o(.text.timer_counter_up_direction), (22 bytes).
    Removing gd32w51x_timer.o(.ARM.exidx.text.timer_counter_up_direction), (8 bytes).
    Removing gd32w51x_timer.o(.text.timer_counter_down_direction), (22 bytes).
    Removing gd32w51x_timer.o(.ARM.exidx.text.timer_counter_down_direction), (8 bytes).
    Removing gd32w51x_timer.o(.text.timer_prescaler_config), (60 bytes).
    Removing gd32w51x_timer.o(.ARM.exidx.text.timer_prescaler_config), (8 bytes).
    Removing gd32w51x_timer.o(.text.timer_repetition_value_config), (28 bytes).
    Removing gd32w51x_timer.o(.ARM.exidx.text.timer_repetition_value_config), (8 bytes).
    Removing gd32w51x_timer.o(.text.timer_autoreload_value_config), (24 bytes).
    Removing gd32w51x_timer.o(.ARM.exidx.text.timer_autoreload_value_config), (8 bytes).
    Removing gd32w51x_timer.o(.text.timer_counter_value_config), (24 bytes).
    Removing gd32w51x_timer.o(.ARM.exidx.text.timer_counter_value_config), (8 bytes).
    Removing gd32w51x_timer.o(.text.timer_counter_read), (24 bytes).
    Removing gd32w51x_timer.o(.ARM.exidx.text.timer_counter_read), (8 bytes).
    Removing gd32w51x_timer.o(.text.timer_prescaler_read), (30 bytes).
    Removing gd32w51x_timer.o(.ARM.exidx.text.timer_prescaler_read), (8 bytes).
    Removing gd32w51x_timer.o(.text.timer_single_pulse_mode_config), (62 bytes).
    Removing gd32w51x_timer.o(.ARM.exidx.text.timer_single_pulse_mode_config), (8 bytes).
    Removing gd32w51x_timer.o(.text.timer_update_source_config), (62 bytes).
    Removing gd32w51x_timer.o(.ARM.exidx.text.timer_update_source_config), (8 bytes).
    Removing gd32w51x_timer.o(.text.timer_dma_enable), (36 bytes).
    Removing gd32w51x_timer.o(.ARM.exidx.text.timer_dma_enable), (8 bytes).
    Removing gd32w51x_timer.o(.text.timer_dma_disable), (36 bytes).
    Removing gd32w51x_timer.o(.ARM.exidx.text.timer_dma_disable), (8 bytes).
    Removing gd32w51x_timer.o(.text.timer_channel_dma_request_source_select), (62 bytes).
    Removing gd32w51x_timer.o(.ARM.exidx.text.timer_channel_dma_request_source_select), (8 bytes).
    Removing gd32w51x_timer.o(.text.timer_dma_transfer_config), (56 bytes).
    Removing gd32w51x_timer.o(.ARM.exidx.text.timer_dma_transfer_config), (8 bytes).
    Removing gd32w51x_timer.o(.text.timer_event_software_generate), (36 bytes).
    Removing gd32w51x_timer.o(.ARM.exidx.text.timer_event_software_generate), (8 bytes).
    Removing gd32w51x_timer.o(.text.timer_break_struct_para_init), (42 bytes).
    Removing gd32w51x_timer.o(.ARM.exidx.text.timer_break_struct_para_init), (8 bytes).
    Removing gd32w51x_timer.o(.text.timer_break_config), (70 bytes).
    Removing gd32w51x_timer.o(.ARM.exidx.text.timer_break_config), (8 bytes).
    Removing gd32w51x_timer.o(.text.timer_break_enable), (22 bytes).
    Removing gd32w51x_timer.o(.ARM.exidx.text.timer_break_enable), (8 bytes).
    Removing gd32w51x_timer.o(.text.timer_break_disable), (22 bytes).
    Removing gd32w51x_timer.o(.ARM.exidx.text.timer_break_disable), (8 bytes).
    Removing gd32w51x_timer.o(.text.timer_automatic_output_enable), (22 bytes).
    Removing gd32w51x_timer.o(.ARM.exidx.text.timer_automatic_output_enable), (8 bytes).
    Removing gd32w51x_timer.o(.text.timer_automatic_output_disable), (22 bytes).
    Removing gd32w51x_timer.o(.ARM.exidx.text.timer_automatic_output_disable), (8 bytes).
    Removing gd32w51x_timer.o(.text.timer_primary_output_config), (54 bytes).
    Removing gd32w51x_timer.o(.ARM.exidx.text.timer_primary_output_config), (8 bytes).
    Removing gd32w51x_timer.o(.text.timer_channel_control_shadow_config), (54 bytes).
    Removing gd32w51x_timer.o(.ARM.exidx.text.timer_channel_control_shadow_config), (8 bytes).
    Removing gd32w51x_timer.o(.text.timer_channel_control_shadow_update_config), (62 bytes).
    Removing gd32w51x_timer.o(.ARM.exidx.text.timer_channel_control_shadow_update_config), (8 bytes).
    Removing gd32w51x_timer.o(.text.timer_channel_output_struct_para_init), (38 bytes).
    Removing gd32w51x_timer.o(.ARM.exidx.text.timer_channel_output_struct_para_init), (8 bytes).
    Removing gd32w51x_timer.o(.text.timer_channel_output_config), (698 bytes).
    Removing gd32w51x_timer.o(.ARM.exidx.text.timer_channel_output_config), (8 bytes).
    Removing gd32w51x_timer.o(.text.timer_channel_output_mode_config), (158 bytes).
    Removing gd32w51x_timer.o(.ARM.exidx.text.timer_channel_output_mode_config), (8 bytes).
    Removing gd32w51x_timer.o(.text.timer_channel_output_pulse_value_config), (88 bytes).
    Removing gd32w51x_timer.o(.ARM.exidx.text.timer_channel_output_pulse_value_config), (8 bytes).
    Removing gd32w51x_timer.o(.text.timer_channel_output_shadow_config), (158 bytes).
    Removing gd32w51x_timer.o(.ARM.exidx.text.timer_channel_output_shadow_config), (8 bytes).
    Removing gd32w51x_timer.o(.text.timer_channel_output_fast_config), (158 bytes).
    Removing gd32w51x_timer.o(.ARM.exidx.text.timer_channel_output_fast_config), (8 bytes).
    Removing gd32w51x_timer.o(.text.timer_channel_output_clear_config), (158 bytes).
    Removing gd32w51x_timer.o(.ARM.exidx.text.timer_channel_output_clear_config), (8 bytes).
    Removing gd32w51x_timer.o(.text.timer_channel_output_polarity_config), (160 bytes).
    Removing gd32w51x_timer.o(.ARM.exidx.text.timer_channel_output_polarity_config), (8 bytes).
    Removing gd32w51x_timer.o(.text.timer_channel_complementary_output_polarity_config), (142 bytes).
    Removing gd32w51x_timer.o(.ARM.exidx.text.timer_channel_complementary_output_polarity_config), (8 bytes).
    Removing gd32w51x_timer.o(.text.timer_channel_output_state_config), (150 bytes).
    Removing gd32w51x_timer.o(.ARM.exidx.text.timer_channel_output_state_config), (8 bytes).
    Removing gd32w51x_timer.o(.text.timer_channel_complementary_output_state_config), (142 bytes).
    Removing gd32w51x_timer.o(.ARM.exidx.text.timer_channel_complementary_output_state_config), (8 bytes).
    Removing gd32w51x_timer.o(.text.timer_channel_input_struct_para_init), (32 bytes).
    Removing gd32w51x_timer.o(.ARM.exidx.text.timer_channel_input_struct_para_init), (8 bytes).
    Removing gd32w51x_timer.o(.text.timer_input_capture_config), (442 bytes).
    Removing gd32w51x_timer.o(.ARM.exidx.text.timer_input_capture_config), (8 bytes).
    Removing gd32w51x_timer.o(.text.timer_channel_input_capture_prescaler_config), (158 bytes).
    Removing gd32w51x_timer.o(.ARM.exidx.text.timer_channel_input_capture_prescaler_config), (8 bytes).
    Removing gd32w51x_timer.o(.text.timer_channel_capture_value_register_read), (82 bytes).
    Removing gd32w51x_timer.o(.ARM.exidx.text.timer_channel_capture_value_register_read), (8 bytes).
    Removing gd32w51x_timer.o(.text.timer_input_pwm_capture_config), (516 bytes).
    Removing gd32w51x_timer.o(.ARM.exidx.text.timer_input_pwm_capture_config), (8 bytes).
    Removing gd32w51x_timer.o(.text.timer_hall_mode_config), (62 bytes).
    Removing gd32w51x_timer.o(.ARM.exidx.text.timer_hall_mode_config), (8 bytes).
    Removing gd32w51x_timer.o(.text.timer_input_trigger_source_select), (42 bytes).
    Removing gd32w51x_timer.o(.ARM.exidx.text.timer_input_trigger_source_select), (8 bytes).
    Removing gd32w51x_timer.o(.text.timer_master_output_trigger_source_select), (42 bytes).
    Removing gd32w51x_timer.o(.ARM.exidx.text.timer_master_output_trigger_source_select), (8 bytes).
    Removing gd32w51x_timer.o(.text.timer_slave_mode_select), (42 bytes).
    Removing gd32w51x_timer.o(.ARM.exidx.text.timer_slave_mode_select), (8 bytes).
    Removing gd32w51x_timer.o(.text.timer_master_slave_mode_config), (62 bytes).
    Removing gd32w51x_timer.o(.ARM.exidx.text.timer_master_slave_mode_config), (8 bytes).
    Removing gd32w51x_timer.o(.text.timer_external_trigger_config), (72 bytes).
    Removing gd32w51x_timer.o(.ARM.exidx.text.timer_external_trigger_config), (8 bytes).
    Removing gd32w51x_timer.o(.text.timer_quadrature_decoder_mode_config), (124 bytes).
    Removing gd32w51x_timer.o(.ARM.exidx.text.timer_quadrature_decoder_mode_config), (8 bytes).
    Removing gd32w51x_timer.o(.text.timer_internal_clock_config), (22 bytes).
    Removing gd32w51x_timer.o(.ARM.exidx.text.timer_internal_clock_config), (8 bytes).
    Removing gd32w51x_timer.o(.text.timer_internal_trigger_as_external_clock_config), (48 bytes).
    Removing gd32w51x_timer.o(.ARM.exidx.text.timer_internal_trigger_as_external_clock_config), (8 bytes).
    Removing gd32w51x_timer.o(.text.timer_external_trigger_as_external_clock_config), (248 bytes).
    Removing gd32w51x_timer.o(.ARM.exidx.text.timer_external_trigger_as_external_clock_config), (8 bytes).
    Removing gd32w51x_timer.o(.text.timer_external_clock_mode0_config), (68 bytes).
    Removing gd32w51x_timer.o(.ARM.exidx.text.timer_external_clock_mode0_config), (8 bytes).
    Removing gd32w51x_timer.o(.text.timer_external_clock_mode1_config), (58 bytes).
    Removing gd32w51x_timer.o(.ARM.exidx.text.timer_external_clock_mode1_config), (8 bytes).
    Removing gd32w51x_timer.o(.text.timer_external_clock_mode1_disable), (22 bytes).
    Removing gd32w51x_timer.o(.ARM.exidx.text.timer_external_clock_mode1_disable), (8 bytes).
    Removing gd32w51x_timer.o(.text.timer_write_chxval_register_config), (76 bytes).
    Removing gd32w51x_timer.o(.ARM.exidx.text.timer_write_chxval_register_config), (8 bytes).
    Removing gd32w51x_timer.o(.text.timer_output_value_selection_config), (76 bytes).
    Removing gd32w51x_timer.o(.ARM.exidx.text.timer_output_value_selection_config), (8 bytes).
    Removing gd32w51x_timer.o(.text.timer_flag_get), (50 bytes).
    Removing gd32w51x_timer.o(.ARM.exidx.text.timer_flag_get), (8 bytes).
    Removing gd32w51x_timer.o(.text.timer_flag_clear), (26 bytes).
    Removing gd32w51x_timer.o(.ARM.exidx.text.timer_flag_clear), (8 bytes).
    Removing gd32w51x_timer.o(.text.timer_interrupt_enable), (32 bytes).
    Removing gd32w51x_timer.o(.ARM.exidx.text.timer_interrupt_enable), (8 bytes).
    Removing gd32w51x_timer.o(.text.timer_interrupt_disable), (32 bytes).
    Removing gd32w51x_timer.o(.ARM.exidx.text.timer_interrupt_disable), (8 bytes).
    Removing gd32w51x_timer.o(.text.timer_interrupt_flag_get), (68 bytes).
    Removing gd32w51x_timer.o(.ARM.exidx.text.timer_interrupt_flag_get), (8 bytes).
    Removing gd32w51x_timer.o(.text.timer_interrupt_flag_clear), (26 bytes).
    Removing gd32w51x_timer.o(.ARM.exidx.text.timer_interrupt_flag_clear), (8 bytes).
    Removing gd32w51x_trng.o(.text), (0 bytes).
    Removing gd32w51x_trng.o(.text.trng_deinit), (24 bytes).
    Removing gd32w51x_trng.o(.ARM.exidx.text.trng_deinit), (8 bytes).
    Removing gd32w51x_trng.o(.text.trng_enable), (18 bytes).
    Removing gd32w51x_trng.o(.ARM.exidx.text.trng_enable), (8 bytes).
    Removing gd32w51x_trng.o(.text.trng_disable), (18 bytes).
    Removing gd32w51x_trng.o(.ARM.exidx.text.trng_disable), (8 bytes).
    Removing gd32w51x_trng.o(.text.trng_get_true_random_data), (12 bytes).
    Removing gd32w51x_trng.o(.ARM.exidx.text.trng_get_true_random_data), (8 bytes).
    Removing gd32w51x_trng.o(.text.trng_interrupt_enable), (18 bytes).
    Removing gd32w51x_trng.o(.ARM.exidx.text.trng_interrupt_enable), (8 bytes).
    Removing gd32w51x_trng.o(.text.trng_interrupt_disable), (18 bytes).
    Removing gd32w51x_trng.o(.ARM.exidx.text.trng_interrupt_disable), (8 bytes).
    Removing gd32w51x_trng.o(.text.trng_flag_get), (54 bytes).
    Removing gd32w51x_trng.o(.ARM.exidx.text.trng_flag_get), (8 bytes).
    Removing gd32w51x_trng.o(.text.trng_interrupt_flag_get), (54 bytes).
    Removing gd32w51x_trng.o(.ARM.exidx.text.trng_interrupt_flag_get), (8 bytes).
    Removing gd32w51x_trng.o(.text.trng_interrupt_flag_clear), (34 bytes).
    Removing gd32w51x_trng.o(.ARM.exidx.text.trng_interrupt_flag_clear), (8 bytes).
    Removing gd32w51x_tsi.o(.text), (0 bytes).
    Removing gd32w51x_tsi.o(.text.tsi_deinit), (24 bytes).
    Removing gd32w51x_tsi.o(.ARM.exidx.text.tsi_deinit), (8 bytes).
    Removing gd32w51x_tsi.o(.text.tsi_init), (228 bytes).
    Removing gd32w51x_tsi.o(.ARM.exidx.text.tsi_init), (8 bytes).
    Removing gd32w51x_tsi.o(.text.tsi_enable), (18 bytes).
    Removing gd32w51x_tsi.o(.ARM.exidx.text.tsi_enable), (8 bytes).
    Removing gd32w51x_tsi.o(.text.tsi_disable), (18 bytes).
    Removing gd32w51x_tsi.o(.ARM.exidx.text.tsi_disable), (8 bytes).
    Removing gd32w51x_tsi.o(.text.tsi_sample_pin_enable), (48 bytes).
    Removing gd32w51x_tsi.o(.ARM.exidx.text.tsi_sample_pin_enable), (8 bytes).
    Removing gd32w51x_tsi.o(.text.tsi_sample_pin_disable), (50 bytes).
    Removing gd32w51x_tsi.o(.ARM.exidx.text.tsi_sample_pin_disable), (8 bytes).
    Removing gd32w51x_tsi.o(.text.tsi_channel_pin_enable), (28 bytes).
    Removing gd32w51x_tsi.o(.ARM.exidx.text.tsi_channel_pin_enable), (8 bytes).
    Removing gd32w51x_tsi.o(.text.tsi_channel_pin_disable), (30 bytes).
    Removing gd32w51x_tsi.o(.ARM.exidx.text.tsi_channel_pin_disable), (8 bytes).
    Removing gd32w51x_tsi.o(.text.tsi_sofeware_mode_config), (38 bytes).
    Removing gd32w51x_tsi.o(.ARM.exidx.text.tsi_sofeware_mode_config), (8 bytes).
    Removing gd32w51x_tsi.o(.text.tsi_software_start), (18 bytes).
    Removing gd32w51x_tsi.o(.ARM.exidx.text.tsi_software_start), (8 bytes).
    Removing gd32w51x_tsi.o(.text.tsi_software_stop), (18 bytes).
    Removing gd32w51x_tsi.o(.ARM.exidx.text.tsi_software_stop), (8 bytes).
    Removing gd32w51x_tsi.o(.text.tsi_hardware_mode_config), (96 bytes).
    Removing gd32w51x_tsi.o(.ARM.exidx.text.tsi_hardware_mode_config), (8 bytes).
    Removing gd32w51x_tsi.o(.text.tsi_pin_mode_config), (80 bytes).
    Removing gd32w51x_tsi.o(.ARM.exidx.text.tsi_pin_mode_config), (8 bytes).
    Removing gd32w51x_tsi.o(.text.tsi_extend_charge_config), (308 bytes).
    Removing gd32w51x_tsi.o(.ARM.exidx.text.tsi_extend_charge_config), (8 bytes).
    Removing gd32w51x_tsi.o(.text.tsi_plus_config), (214 bytes).
    Removing gd32w51x_tsi.o(.ARM.exidx.text.tsi_plus_config), (8 bytes).
    Removing gd32w51x_tsi.o(.text.tsi_max_number_config), (64 bytes).
    Removing gd32w51x_tsi.o(.ARM.exidx.text.tsi_max_number_config), (8 bytes).
    Removing gd32w51x_tsi.o(.text.tsi_hysteresis_on), (28 bytes).
    Removing gd32w51x_tsi.o(.ARM.exidx.text.tsi_hysteresis_on), (8 bytes).
    Removing gd32w51x_tsi.o(.text.tsi_hysteresis_off), (30 bytes).
    Removing gd32w51x_tsi.o(.ARM.exidx.text.tsi_hysteresis_off), (8 bytes).
    Removing gd32w51x_tsi.o(.text.tsi_analog_on), (28 bytes).
    Removing gd32w51x_tsi.o(.ARM.exidx.text.tsi_analog_on), (8 bytes).
    Removing gd32w51x_tsi.o(.text.tsi_analog_off), (30 bytes).
    Removing gd32w51x_tsi.o(.ARM.exidx.text.tsi_analog_off), (8 bytes).
    Removing gd32w51x_tsi.o(.text.tsi_interrupt_enable), (28 bytes).
    Removing gd32w51x_tsi.o(.ARM.exidx.text.tsi_interrupt_enable), (8 bytes).
    Removing gd32w51x_tsi.o(.text.tsi_interrupt_disable), (30 bytes).
    Removing gd32w51x_tsi.o(.ARM.exidx.text.tsi_interrupt_disable), (8 bytes).
    Removing gd32w51x_tsi.o(.text.tsi_interrupt_flag_clear), (28 bytes).
    Removing gd32w51x_tsi.o(.ARM.exidx.text.tsi_interrupt_flag_clear), (8 bytes).
    Removing gd32w51x_tsi.o(.text.tsi_interrupt_flag_get), (86 bytes).
    Removing gd32w51x_tsi.o(.ARM.exidx.text.tsi_interrupt_flag_get), (8 bytes).
    Removing gd32w51x_tsi.o(.text.tsi_flag_clear), (28 bytes).
    Removing gd32w51x_tsi.o(.ARM.exidx.text.tsi_flag_clear), (8 bytes).
    Removing gd32w51x_tsi.o(.text.tsi_flag_get), (50 bytes).
    Removing gd32w51x_tsi.o(.ARM.exidx.text.tsi_flag_get), (8 bytes).
    Removing gd32w51x_tsi.o(.text.tsi_group_enable), (28 bytes).
    Removing gd32w51x_tsi.o(.ARM.exidx.text.tsi_group_enable), (8 bytes).
    Removing gd32w51x_tsi.o(.text.tsi_group_disable), (30 bytes).
    Removing gd32w51x_tsi.o(.ARM.exidx.text.tsi_group_disable), (8 bytes).
    Removing gd32w51x_tsi.o(.text.tsi_group_status_get), (50 bytes).
    Removing gd32w51x_tsi.o(.ARM.exidx.text.tsi_group_status_get), (8 bytes).
    Removing gd32w51x_tsi.o(.text.tsi_group0_cycle_get), (14 bytes).
    Removing gd32w51x_tsi.o(.ARM.exidx.text.tsi_group0_cycle_get), (8 bytes).
    Removing gd32w51x_tsi.o(.text.tsi_group1_cycle_get), (14 bytes).
    Removing gd32w51x_tsi.o(.ARM.exidx.text.tsi_group1_cycle_get), (8 bytes).
    Removing gd32w51x_tsi.o(.text.tsi_group2_cycle_get), (14 bytes).
    Removing gd32w51x_tsi.o(.ARM.exidx.text.tsi_group2_cycle_get), (8 bytes).
    Removing gd32w51x_tzpcu.o(.text), (0 bytes).
    Removing gd32w51x_tzpcu.o(.text.tzpcu_non_secure_mark_struct_init), (30 bytes).
    Removing gd32w51x_tzpcu.o(.ARM.exidx.text.tzpcu_non_secure_mark_struct_init), (8 bytes).
    Removing gd32w51x_tzpcu.o(.text.tzpcu_tzspc_peripheral_attributes_config), (296 bytes).
    Removing gd32w51x_tzpcu.o(.ARM.exidx.text.tzpcu_tzspc_peripheral_attributes_config), (8 bytes).
    Removing gd32w51x_tzpcu.o(.text.tzpcu_tzspc_peripheral_attributes_get), (98 bytes).
    Removing gd32w51x_tzpcu.o(.ARM.exidx.text.tzpcu_tzspc_peripheral_attributes_get), (8 bytes).
    Removing gd32w51x_tzpcu.o(.text.tzpcu_tzbmpc_lock), (32 bytes).
    Removing gd32w51x_tzpcu.o(.ARM.exidx.text.tzpcu_tzbmpc_lock), (8 bytes).
    Removing gd32w51x_tzpcu.o(.text.tzpcu_tzbmpc_security_state_config), (68 bytes).
    Removing gd32w51x_tzpcu.o(.ARM.exidx.text.tzpcu_tzbmpc_security_state_config), (8 bytes).
    Removing gd32w51x_tzpcu.o(.text.tzpcu_tzbmpc_secure_access_config), (68 bytes).
    Removing gd32w51x_tzpcu.o(.ARM.exidx.text.tzpcu_tzbmpc_secure_access_config), (8 bytes).
    Removing gd32w51x_tzpcu.o(.text.tzpcu_tzbmpc_block_secure_access_mode_config), (122 bytes).
    Removing gd32w51x_tzpcu.o(.ARM.exidx.text.tzpcu_tzbmpc_block_secure_access_mode_config), (8 bytes).
    Removing gd32w51x_tzpcu.o(.text.tzpcu_tzbmpc_unblock_lock), (44 bytes).
    Removing gd32w51x_tzpcu.o(.ARM.exidx.text.tzpcu_tzbmpc_unblock_lock), (8 bytes).
    Removing gd32w51x_tzpcu.o(.text.tzpcu_tziac_interrupt_enable), (174 bytes).
    Removing gd32w51x_tzpcu.o(.ARM.exidx.text.tzpcu_tziac_interrupt_enable), (8 bytes).
    Removing gd32w51x_tzpcu.o(.text.tzpcu_tziac_interrupt_disable), (174 bytes).
    Removing gd32w51x_tzpcu.o(.ARM.exidx.text.tzpcu_tziac_interrupt_disable), (8 bytes).
    Removing gd32w51x_tzpcu.o(.text.tzpcu_tziac_flag_get), (88 bytes).
    Removing gd32w51x_tzpcu.o(.ARM.exidx.text.tzpcu_tziac_flag_get), (8 bytes).
    Removing gd32w51x_tzpcu.o(.text.tzpcu_tziac_flag_clear), (128 bytes).
    Removing gd32w51x_tzpcu.o(.ARM.exidx.text.tzpcu_tziac_flag_clear), (8 bytes).
    Removing gd32w51x_usart.o(.text), (0 bytes).
    Removing gd32w51x_usart.o(.ARM.exidx.text.usart_deinit), (8 bytes).
    Removing gd32w51x_usart.o(.ARM.exidx.text.usart_baudrate_set), (8 bytes).
    Removing gd32w51x_usart.o(.text.usart_parity_config), (52 bytes).
    Removing gd32w51x_usart.o(.ARM.exidx.text.usart_parity_config), (8 bytes).
    Removing gd32w51x_usart.o(.text.usart_word_length_set), (52 bytes).
    Removing gd32w51x_usart.o(.ARM.exidx.text.usart_word_length_set), (8 bytes).
    Removing gd32w51x_usart.o(.text.usart_stop_bit_set), (52 bytes).
    Removing gd32w51x_usart.o(.ARM.exidx.text.usart_stop_bit_set), (8 bytes).
    Removing gd32w51x_usart.o(.ARM.exidx.text.usart_enable), (8 bytes).
    Removing gd32w51x_usart.o(.text.usart_disable), (22 bytes).
    Removing gd32w51x_usart.o(.ARM.exidx.text.usart_disable), (8 bytes).
    Removing gd32w51x_usart.o(.ARM.exidx.text.usart_transmit_config), (8 bytes).
    Removing gd32w51x_usart.o(.text.usart_receive_config), (42 bytes).
    Removing gd32w51x_usart.o(.ARM.exidx.text.usart_receive_config), (8 bytes).
    Removing gd32w51x_usart.o(.text.usart_data_first_config), (52 bytes).
    Removing gd32w51x_usart.o(.ARM.exidx.text.usart_data_first_config), (8 bytes).
    Removing gd32w51x_usart.o(.text.usart_invert_config), (154 bytes).
    Removing gd32w51x_usart.o(.ARM.exidx.text.usart_invert_config), (8 bytes).
    Removing gd32w51x_usart.o(.text.usart_overrun_enable), (32 bytes).
    Removing gd32w51x_usart.o(.ARM.exidx.text.usart_overrun_enable), (8 bytes).
    Removing gd32w51x_usart.o(.text.usart_overrun_disable), (32 bytes).
    Removing gd32w51x_usart.o(.ARM.exidx.text.usart_overrun_disable), (8 bytes).
    Removing gd32w51x_usart.o(.text.usart_oversample_config), (52 bytes).
    Removing gd32w51x_usart.o(.ARM.exidx.text.usart_oversample_config), (8 bytes).
    Removing gd32w51x_usart.o(.text.usart_sample_bit_config), (52 bytes).
    Removing gd32w51x_usart.o(.ARM.exidx.text.usart_sample_bit_config), (8 bytes).
    Removing gd32w51x_usart.o(.text.usart_receiver_timeout_enable), (22 bytes).
    Removing gd32w51x_usart.o(.ARM.exidx.text.usart_receiver_timeout_enable), (8 bytes).
    Removing gd32w51x_usart.o(.text.usart_receiver_timeout_disable), (22 bytes).
    Removing gd32w51x_usart.o(.ARM.exidx.text.usart_receiver_timeout_disable), (8 bytes).
    Removing gd32w51x_usart.o(.text.usart_receiver_timeout_threshold_config), (42 bytes).
    Removing gd32w51x_usart.o(.ARM.exidx.text.usart_receiver_timeout_threshold_config), (8 bytes).
    Removing gd32w51x_usart.o(.ARM.exidx.text.usart_data_transmit), (8 bytes).
    Removing gd32w51x_usart.o(.text.usart_data_receive), (20 bytes).
    Removing gd32w51x_usart.o(.ARM.exidx.text.usart_data_receive), (8 bytes).
    Removing gd32w51x_usart.o(.text.usart_autobaud_detection_enable), (22 bytes).
    Removing gd32w51x_usart.o(.ARM.exidx.text.usart_autobaud_detection_enable), (8 bytes).
    Removing gd32w51x_usart.o(.text.usart_autobaud_detection_disable), (22 bytes).
    Removing gd32w51x_usart.o(.ARM.exidx.text.usart_autobaud_detection_disable), (8 bytes).
    Removing gd32w51x_usart.o(.text.usart_autobaud_detection_mode_config), (42 bytes).
    Removing gd32w51x_usart.o(.ARM.exidx.text.usart_autobaud_detection_mode_config), (8 bytes).
    Removing gd32w51x_usart.o(.text.usart_address_config), (56 bytes).
    Removing gd32w51x_usart.o(.ARM.exidx.text.usart_address_config), (8 bytes).
    Removing gd32w51x_usart.o(.text.usart_address_detection_mode_config), (56 bytes).
    Removing gd32w51x_usart.o(.ARM.exidx.text.usart_address_detection_mode_config), (8 bytes).
    Removing gd32w51x_usart.o(.text.usart_mute_mode_enable), (22 bytes).
    Removing gd32w51x_usart.o(.ARM.exidx.text.usart_mute_mode_enable), (8 bytes).
    Removing gd32w51x_usart.o(.text.usart_mute_mode_disable), (22 bytes).
    Removing gd32w51x_usart.o(.ARM.exidx.text.usart_mute_mode_disable), (8 bytes).
    Removing gd32w51x_usart.o(.text.usart_mute_mode_wakeup_config), (52 bytes).
    Removing gd32w51x_usart.o(.ARM.exidx.text.usart_mute_mode_wakeup_config), (8 bytes).
    Removing gd32w51x_usart.o(.text.usart_lin_mode_enable), (32 bytes).
    Removing gd32w51x_usart.o(.ARM.exidx.text.usart_lin_mode_enable), (8 bytes).
    Removing gd32w51x_usart.o(.text.usart_lin_mode_disable), (32 bytes).
    Removing gd32w51x_usart.o(.ARM.exidx.text.usart_lin_mode_disable), (8 bytes).
    Removing gd32w51x_usart.o(.text.usart_lin_break_detection_length_config), (56 bytes).
    Removing gd32w51x_usart.o(.ARM.exidx.text.usart_lin_break_detection_length_config), (8 bytes).
    Removing gd32w51x_usart.o(.text.usart_halfduplex_enable), (32 bytes).
    Removing gd32w51x_usart.o(.ARM.exidx.text.usart_halfduplex_enable), (8 bytes).
    Removing gd32w51x_usart.o(.text.usart_halfduplex_disable), (32 bytes).
    Removing gd32w51x_usart.o(.ARM.exidx.text.usart_halfduplex_disable), (8 bytes).
    Removing gd32w51x_usart.o(.text.usart_clock_enable), (32 bytes).
    Removing gd32w51x_usart.o(.ARM.exidx.text.usart_clock_enable), (8 bytes).
    Removing gd32w51x_usart.o(.text.usart_clock_disable), (32 bytes).
    Removing gd32w51x_usart.o(.ARM.exidx.text.usart_clock_disable), (8 bytes).
    Removing gd32w51x_usart.o(.text.usart_synchronous_clock_config), (98 bytes).
    Removing gd32w51x_usart.o(.ARM.exidx.text.usart_synchronous_clock_config), (8 bytes).
    Removing gd32w51x_usart.o(.text.usart_guard_time_config), (56 bytes).
    Removing gd32w51x_usart.o(.ARM.exidx.text.usart_guard_time_config), (8 bytes).
    Removing gd32w51x_usart.o(.text.usart_smartcard_mode_enable), (32 bytes).
    Removing gd32w51x_usart.o(.ARM.exidx.text.usart_smartcard_mode_enable), (8 bytes).
    Removing gd32w51x_usart.o(.text.usart_smartcard_mode_disable), (32 bytes).
    Removing gd32w51x_usart.o(.ARM.exidx.text.usart_smartcard_mode_disable), (8 bytes).
    Removing gd32w51x_usart.o(.text.usart_smartcard_mode_nack_enable), (32 bytes).
    Removing gd32w51x_usart.o(.ARM.exidx.text.usart_smartcard_mode_nack_enable), (8 bytes).
    Removing gd32w51x_usart.o(.text.usart_smartcard_mode_nack_disable), (32 bytes).
    Removing gd32w51x_usart.o(.ARM.exidx.text.usart_smartcard_mode_nack_disable), (8 bytes).
    Removing gd32w51x_usart.o(.text.usart_smartcard_mode_early_nack_enable), (26 bytes).
    Removing gd32w51x_usart.o(.ARM.exidx.text.usart_smartcard_mode_early_nack_enable), (8 bytes).
    Removing gd32w51x_usart.o(.text.usart_smartcard_mode_early_nack_disable), (26 bytes).
    Removing gd32w51x_usart.o(.ARM.exidx.text.usart_smartcard_mode_early_nack_disable), (8 bytes).
    Removing gd32w51x_usart.o(.text.usart_smartcard_autoretry_config), (60 bytes).
    Removing gd32w51x_usart.o(.ARM.exidx.text.usart_smartcard_autoretry_config), (8 bytes).
    Removing gd32w51x_usart.o(.text.usart_block_length_config), (42 bytes).
    Removing gd32w51x_usart.o(.ARM.exidx.text.usart_block_length_config), (8 bytes).
    Removing gd32w51x_usart.o(.text.usart_irda_mode_enable), (32 bytes).
    Removing gd32w51x_usart.o(.ARM.exidx.text.usart_irda_mode_enable), (8 bytes).
    Removing gd32w51x_usart.o(.text.usart_irda_mode_disable), (32 bytes).
    Removing gd32w51x_usart.o(.ARM.exidx.text.usart_irda_mode_disable), (8 bytes).
    Removing gd32w51x_usart.o(.text.usart_prescaler_config), (52 bytes).
    Removing gd32w51x_usart.o(.ARM.exidx.text.usart_prescaler_config), (8 bytes).
    Removing gd32w51x_usart.o(.text.usart_irda_lowpower_config), (56 bytes).
    Removing gd32w51x_usart.o(.ARM.exidx.text.usart_irda_lowpower_config), (8 bytes).
    Removing gd32w51x_usart.o(.text.usart_hardware_flow_rts_config), (52 bytes).
    Removing gd32w51x_usart.o(.ARM.exidx.text.usart_hardware_flow_rts_config), (8 bytes).
    Removing gd32w51x_usart.o(.text.usart_hardware_flow_cts_config), (52 bytes).
    Removing gd32w51x_usart.o(.ARM.exidx.text.usart_hardware_flow_cts_config), (8 bytes).
    Removing gd32w51x_usart.o(.text.usart_hardware_flow_coherence_config), (48 bytes).
    Removing gd32w51x_usart.o(.ARM.exidx.text.usart_hardware_flow_coherence_config), (8 bytes).
    Removing gd32w51x_usart.o(.text.usart_rs485_driver_enable), (32 bytes).
    Removing gd32w51x_usart.o(.ARM.exidx.text.usart_rs485_driver_enable), (8 bytes).
    Removing gd32w51x_usart.o(.text.usart_rs485_driver_disable), (32 bytes).
    Removing gd32w51x_usart.o(.ARM.exidx.text.usart_rs485_driver_disable), (8 bytes).
    Removing gd32w51x_usart.o(.text.usart_driver_assertime_config), (60 bytes).
    Removing gd32w51x_usart.o(.ARM.exidx.text.usart_driver_assertime_config), (8 bytes).
    Removing gd32w51x_usart.o(.text.usart_driver_deassertime_config), (60 bytes).
    Removing gd32w51x_usart.o(.ARM.exidx.text.usart_driver_deassertime_config), (8 bytes).
    Removing gd32w51x_usart.o(.text.usart_depolarity_config), (56 bytes).
    Removing gd32w51x_usart.o(.ARM.exidx.text.usart_depolarity_config), (8 bytes).
    Removing gd32w51x_usart.o(.text.usart_dma_enable), (54 bytes).
    Removing gd32w51x_usart.o(.ARM.exidx.text.usart_dma_enable), (8 bytes).
    Removing gd32w51x_usart.o(.text.usart_dma_disable), (54 bytes).
    Removing gd32w51x_usart.o(.ARM.exidx.text.usart_dma_disable), (8 bytes).
    Removing gd32w51x_usart.o(.text.usart_reception_error_dma_disable), (32 bytes).
    Removing gd32w51x_usart.o(.ARM.exidx.text.usart_reception_error_dma_disable), (8 bytes).
    Removing gd32w51x_usart.o(.text.usart_reception_error_dma_enable), (32 bytes).
    Removing gd32w51x_usart.o(.ARM.exidx.text.usart_reception_error_dma_enable), (8 bytes).
    Removing gd32w51x_usart.o(.text.usart_wakeup_enable), (22 bytes).
    Removing gd32w51x_usart.o(.ARM.exidx.text.usart_wakeup_enable), (8 bytes).
    Removing gd32w51x_usart.o(.text.usart_wakeup_disable), (22 bytes).
    Removing gd32w51x_usart.o(.ARM.exidx.text.usart_wakeup_disable), (8 bytes).
    Removing gd32w51x_usart.o(.text.usart_wakeup_mode_config), (56 bytes).
    Removing gd32w51x_usart.o(.ARM.exidx.text.usart_wakeup_mode_config), (8 bytes).
    Removing gd32w51x_usart.o(.text.usart_receive_fifo_enable), (26 bytes).
    Removing gd32w51x_usart.o(.ARM.exidx.text.usart_receive_fifo_enable), (8 bytes).
    Removing gd32w51x_usart.o(.text.usart_receive_fifo_disable), (26 bytes).
    Removing gd32w51x_usart.o(.ARM.exidx.text.usart_receive_fifo_disable), (8 bytes).
    Removing gd32w51x_usart.o(.text.usart_receive_fifo_counter_number), (22 bytes).
    Removing gd32w51x_usart.o(.ARM.exidx.text.usart_receive_fifo_counter_number), (8 bytes).
    Removing gd32w51x_usart.o(.ARM.exidx.text.usart_flag_get), (8 bytes).
    Removing gd32w51x_usart.o(.text.usart_flag_clear), (46 bytes).
    Removing gd32w51x_usart.o(.ARM.exidx.text.usart_flag_clear), (8 bytes).
    Removing gd32w51x_usart.o(.text.usart_interrupt_enable), (56 bytes).
    Removing gd32w51x_usart.o(.ARM.exidx.text.usart_interrupt_enable), (8 bytes).
    Removing gd32w51x_usart.o(.text.usart_interrupt_disable), (56 bytes).
    Removing gd32w51x_usart.o(.ARM.exidx.text.usart_interrupt_disable), (8 bytes).
    Removing gd32w51x_usart.o(.text.usart_command_enable), (32 bytes).
    Removing gd32w51x_usart.o(.ARM.exidx.text.usart_command_enable), (8 bytes).
    Removing gd32w51x_usart.o(.text.usart_interrupt_flag_get), (112 bytes).
    Removing gd32w51x_usart.o(.ARM.exidx.text.usart_interrupt_flag_get), (8 bytes).
    Removing gd32w51x_usart.o(.text.usart_interrupt_flag_clear), (72 bytes).
    Removing gd32w51x_usart.o(.ARM.exidx.text.usart_interrupt_flag_clear), (8 bytes).
    Removing gd32w51x_wwdgt.o(.text), (0 bytes).
    Removing gd32w51x_wwdgt.o(.text.wwdgt_deinit), (24 bytes).
    Removing gd32w51x_wwdgt.o(.ARM.exidx.text.wwdgt_deinit), (8 bytes).
    Removing gd32w51x_wwdgt.o(.text.wwdgt_enable), (18 bytes).
    Removing gd32w51x_wwdgt.o(.ARM.exidx.text.wwdgt_enable), (8 bytes).
    Removing gd32w51x_wwdgt.o(.text.wwdgt_counter_update), (52 bytes).
    Removing gd32w51x_wwdgt.o(.ARM.exidx.text.wwdgt_counter_update), (8 bytes).
    Removing gd32w51x_wwdgt.o(.text.wwdgt_config), (118 bytes).
    Removing gd32w51x_wwdgt.o(.ARM.exidx.text.wwdgt_config), (8 bytes).
    Removing gd32w51x_wwdgt.o(.text.wwdgt_interrupt_enable), (18 bytes).
    Removing gd32w51x_wwdgt.o(.ARM.exidx.text.wwdgt_interrupt_enable), (8 bytes).
    Removing gd32w51x_wwdgt.o(.text.wwdgt_flag_get), (44 bytes).
    Removing gd32w51x_wwdgt.o(.ARM.exidx.text.wwdgt_flag_get), (8 bytes).
    Removing gd32w51x_wwdgt.o(.text.wwdgt_flag_clear), (18 bytes).
    Removing gd32w51x_wwdgt.o(.ARM.exidx.text.wwdgt_flag_clear), (8 bytes).
    Removing startup_gd32w51x.o(HEAP), (24576 bytes).
    Removing gd32w515p_eval.o(.text), (0 bytes).
    Removing gd32w515p_eval.o(.text.gd_eval_led_init), (142 bytes).
    Removing gd32w515p_eval.o(.ARM.exidx.text.gd_eval_led_init), (8 bytes).
    Removing gd32w515p_eval.o(.text.gd_eval_led_on), (44 bytes).
    Removing gd32w515p_eval.o(.ARM.exidx.text.gd_eval_led_on), (8 bytes).
    Removing gd32w515p_eval.o(.text.gd_eval_led_off), (44 bytes).
    Removing gd32w515p_eval.o(.ARM.exidx.text.gd_eval_led_off), (8 bytes).
    Removing gd32w515p_eval.o(.text.gd_eval_led_toggle), (44 bytes).
    Removing gd32w515p_eval.o(.ARM.exidx.text.gd_eval_led_toggle), (8 bytes).
    Removing gd32w515p_eval.o(.text.gd_eval_key_init), (204 bytes).
    Removing gd32w515p_eval.o(.ARM.exidx.text.gd_eval_key_init), (8 bytes).
    Removing gd32w515p_eval.o(.text.gd_eval_key_state_get), (56 bytes).
    Removing gd32w515p_eval.o(.ARM.exidx.text.gd_eval_key_state_get), (8 bytes).
    Removing gd32w515p_eval.o(.text.gd_eval_com_init), (256 bytes).
    Removing gd32w515p_eval.o(.ARM.exidx.text.gd_eval_com_init), (8 bytes).
    Removing gd32w515p_eval.o(.data.GPIO_CLK), (6 bytes).
    Removing gd32w515p_eval.o(.data.GPIO_PORT), (12 bytes).
    Removing gd32w515p_eval.o(.data.GPIO_PIN), (12 bytes).
    Removing gd32w515p_eval.o(.data.KEY_CLK), (2 bytes).
    Removing gd32w515p_eval.o(.data.KEY_PORT), (4 bytes).
    Removing gd32w515p_eval.o(.data.KEY_PIN), (4 bytes).
    Removing gd32w515p_eval.o(.data.KEY_IRQn), (1 bytes).
    Removing gd32w515p_eval.o(.bss.KEY_PORT_SOURCE), (1 bytes).
    Removing gd32w515p_eval.o(.data.KEY_PIN_SOURCE), (1 bytes).
    Removing gd32w515p_eval.o(.data.KEY_EXTI_LINE), (4 bytes).
    Removing gd32w515p_eval.o(.data.COM_CLK), (2 bytes).
    Removing gd32w515p_eval.o(.data.COM_TX_PIN), (4 bytes).
    Removing gd32w515p_eval.o(.data.COM_RX_PIN), (4 bytes).
    Removing mbl_api.o(.text), (0 bytes).
    Removing mbl_api.o(.rodata.mbl_api), (256 bytes).
    Removing mbl_flash.o(.text), (0 bytes).
    Removing mbl_flash.o(.ARM.exidx.text.is_flash_cache_enabled), (8 bytes).
    Removing mbl_flash.o(.ARM.exidx.text.flash_cache_disable), (8 bytes).
    Removing mbl_flash.o(.ARM.exidx.text.flash_cache_enable), (8 bytes).
    Removing mbl_flash.o(.ARM.exidx.text.is_sip_flash), (8 bytes).
    Removing mbl_flash.o(.ARM.exidx.text.is_valid_flash_offset), (8 bytes).
    Removing mbl_flash.o(.ARM.exidx.text.flash_total_size), (8 bytes).
    Removing mbl_flash.o(.text.is_valid_flash_addr), (58 bytes).
    Removing mbl_flash.o(.ARM.exidx.text.is_valid_flash_addr), (8 bytes).
    Removing mbl_flash.o(.ARM.exidx.text.flash_erase_size), (8 bytes).
    Removing mbl_flash.o(.text.flash_nodec_config), (74 bytes).
    Removing mbl_flash.o(.ARM.exidx.text.flash_nodec_config), (8 bytes).
    Removing mbl_flash.o(.text.flash_offset_mapping), (34 bytes).
    Removing mbl_flash.o(.ARM.exidx.text.flash_offset_mapping), (8 bytes).
    Removing mbl_flash.o(.text.flash_init), (24 bytes).
    Removing mbl_flash.o(.ARM.exidx.text.flash_init), (8 bytes).
    Removing mbl_flash.o(.ARM.exidx.text.flash_read), (8 bytes).
    Removing mbl_flash.o(.ARM.exidx.text.flash_read_indirect), (8 bytes).
    Removing mbl_flash.o(.ARM.exidx.text.flash_write), (8 bytes).
    Removing mbl_flash.o(.ARM.exidx.text.flash_write_fast), (8 bytes).
    Removing mbl_flash.o(.ARM.exidx.text.flash_erase), (8 bytes).
    Removing mbl_flash.o(.text.print_data), (114 bytes).
    Removing mbl_flash.o(.ARM.exidx.text.print_data), (8 bytes).
    Removing mbl_flash.o(.ARM.exidx.text.fs_write_data), (8 bytes).
    Removing mbl_flash.o(.rodata.cst4), (4 bytes).
    Removing mbl_qspi_flash.o(.text), (0 bytes).
    Removing mbl_qspi_flash.o(.text.qspi_flash_config), (200 bytes).
    Removing mbl_qspi_flash.o(.ARM.exidx.text.qspi_flash_config), (8 bytes).
    Removing mbl_qspi_flash.o(.text.qspi_flash_gpio_config), (138 bytes).
    Removing mbl_qspi_flash.o(.ARM.exidx.text.qspi_flash_gpio_config), (8 bytes).
    Removing mbl_qspi_flash.o(.ARM.exidx.text.qspi_flash_write_enable), (8 bytes).
    Removing mbl_qspi_flash.o(.ARM.exidx.text.qspi_flash_autopolling_ready), (8 bytes).
    Removing mbl_qspi_flash.o(.ARM.exidx.text.qspi_flash_erase_sector), (8 bytes).
    Removing mbl_qspi_flash.o(.text.qspi_flash_erase_chip), (88 bytes).
    Removing mbl_qspi_flash.o(.ARM.exidx.text.qspi_flash_erase_chip), (8 bytes).
    Removing mbl_qspi_flash.o(.ARM.exidx.text.qspi_flash_read), (8 bytes).
    Removing mbl_qspi_flash.o(.ARM.exidx.text.qspi_flash_program_page), (8 bytes).
    Removing mbl_uart.o(.text), (0 bytes).
    Removing mbl_uart.o(.ARM.exidx.text.uart_putc), (8 bytes).
    Removing mbl_uart.o(.ARM.exidx.text.fputc), (8 bytes).
    Removing mbl_uart.o(.ARM.exidx.text.uart_config), (8 bytes).
    Removing mbl_uart.o(.ARM.exidx.text.log_uart_init), (8 bytes).
    Removing mbl_uart.o(.text.wait_log_uart_idle), (30 bytes).
    Removing mbl_uart.o(.ARM.exidx.text.wait_log_uart_idle), (8 bytes).
    Removing diskio.o(.text), (0 bytes).
    Removing diskio.o(.ARM.exidx.text.disk_status), (8 bytes).
    Removing diskio.o(.ARM.exidx.text.disk_initialize), (8 bytes).
    Removing diskio.o(.ARM.exidx.text.disk_read), (8 bytes).
    Removing diskio.o(.ARM.exidx.text.disk_write), (8 bytes).
    Removing diskio.o(.ARM.exidx.text.disk_ioctl), (8 bytes).
    Removing diskio.o(.bss.p_mbl_api), (4 bytes).
    Removing ff.o(.text), (0 bytes).
    Removing ff.o(.ARM.exidx.text.f_mount), (8 bytes).
    Removing ff.o(.ARM.exidx.text.get_ldnumber), (8 bytes).
    Removing ff.o(.ARM.exidx.text.mount_volume), (8 bytes).
    Removing ff.o(.ARM.exidx.text.f_open), (8 bytes).
    Removing ff.o(.ARM.exidx.text.follow_path), (8 bytes).
    Removing ff.o(.ARM.exidx.text.dir_register), (8 bytes).
    Removing ff.o(.ARM.exidx.text.st_dword), (8 bytes).
    Removing ff.o(.ARM.exidx.text.ld_clust), (8 bytes).
    Removing ff.o(.ARM.exidx.text.st_clust), (8 bytes).
    Removing ff.o(.ARM.exidx.text.remove_chain), (8 bytes).
    Removing ff.o(.ARM.exidx.text.move_window), (8 bytes).
    Removing ff.o(.ARM.exidx.text.ld_dword), (8 bytes).
    Removing ff.o(.ARM.exidx.text.get_fat), (8 bytes).
    Removing ff.o(.ARM.exidx.text.clst2sect), (8 bytes).
    Removing ff.o(.ARM.exidx.text.f_read), (8 bytes).
    Removing ff.o(.ARM.exidx.text.validate), (8 bytes).
    Removing ff.o(.ARM.exidx.text.f_write), (8 bytes).
    Removing ff.o(.ARM.exidx.text.create_chain), (8 bytes).
    Removing ff.o(.ARM.exidx.text.f_sync), (8 bytes).
    Removing ff.o(.ARM.exidx.text.st_word), (8 bytes).
    Removing ff.o(.ARM.exidx.text.sync_fs), (8 bytes).
    Removing ff.o(.ARM.exidx.text.f_close), (8 bytes).
    Removing ff.o(.text.f_lseek), (670 bytes).
    Removing ff.o(.ARM.exidx.text.f_lseek), (8 bytes).
    Removing ff.o(.text.f_opendir), (236 bytes).
    Removing ff.o(.ARM.exidx.text.f_opendir), (8 bytes).
    Removing ff.o(.ARM.exidx.text.dir_sdi), (8 bytes).
    Removing ff.o(.text.f_closedir), (50 bytes).
    Removing ff.o(.ARM.exidx.text.f_closedir), (8 bytes).
    Removing ff.o(.text.f_readdir), (162 bytes).
    Removing ff.o(.ARM.exidx.text.f_readdir), (8 bytes).
    Removing ff.o(.text.dir_read), (404 bytes).
    Removing ff.o(.ARM.exidx.text.dir_read), (8 bytes).
    Removing ff.o(.text.get_fileinfo), (620 bytes).
    Removing ff.o(.ARM.exidx.text.get_fileinfo), (8 bytes).
    Removing ff.o(.ARM.exidx.text.dir_next), (8 bytes).
    Removing ff.o(.text.f_stat), (128 bytes).
    Removing ff.o(.ARM.exidx.text.f_stat), (8 bytes).
    Removing ff.o(.text.f_getfree), (392 bytes).
    Removing ff.o(.ARM.exidx.text.f_getfree), (8 bytes).
    Removing ff.o(.ARM.exidx.text.ld_word), (8 bytes).
    Removing ff.o(.text.f_truncate), (352 bytes).
    Removing ff.o(.ARM.exidx.text.f_truncate), (8 bytes).
    Removing ff.o(.text.f_unlink), (326 bytes).
    Removing ff.o(.ARM.exidx.text.f_unlink), (8 bytes).
    Removing ff.o(.text.dir_remove), (172 bytes).
    Removing ff.o(.ARM.exidx.text.dir_remove), (8 bytes).
    Removing ff.o(.text.f_mkdir), (428 bytes).
    Removing ff.o(.ARM.exidx.text.f_mkdir), (8 bytes).
    Removing ff.o(.ARM.exidx.text.dir_clear), (8 bytes).
    Removing ff.o(.text.f_rename), (536 bytes).
    Removing ff.o(.ARM.exidx.text.f_rename), (8 bytes).
    Removing ff.o(.ARM.exidx.text.f_mkfs), (8 bytes).
    Removing ff.o(.ARM.exidx.text.create_partition), (8 bytes).
    Removing ff.o(.ARM.exidx.text.find_volume), (8 bytes).
    Removing ff.o(.ARM.exidx.text.check_fs), (8 bytes).
    Removing ff.o(.ARM.exidx.text.create_name), (8 bytes).
    Removing ff.o(.ARM.exidx.text.dir_find), (8 bytes).
    Removing ff.o(.ARM.exidx.text.tchar2uni), (8 bytes).
    Removing ff.o(.ARM.exidx.text.dbc_1st), (8 bytes).
    Removing ff.o(.ARM.exidx.text.dbc_2nd), (8 bytes).
    Removing ff.o(.ARM.exidx.text.cmp_lfn), (8 bytes).
    Removing ff.o(.ARM.exidx.text.sum_sfn), (8 bytes).
    Removing ff.o(.ARM.exidx.text.gen_numname), (8 bytes).
    Removing ff.o(.ARM.exidx.text.dir_alloc), (8 bytes).
    Removing ff.o(.ARM.exidx.text.put_lfn), (8 bytes).
    Removing ff.o(.ARM.exidx.text.put_fat), (8 bytes).
    Removing ff.o(.ARM.exidx.text.sync_window), (8 bytes).
    Removing ff.o(.text.pick_lfn), (240 bytes).
    Removing ff.o(.ARM.exidx.text.pick_lfn), (8 bytes).
    Removing ff.o(.text.put_utf), (144 bytes).
    Removing ff.o(.ARM.exidx.text.put_utf), (8 bytes).
    Removing ffsystem.o(.text), (0 bytes).
    Removing ffunicode.o(.text), (0 bytes).
    Removing ffunicode.o(.ARM.exidx.text.ff_uni2oem), (8 bytes).
    Removing ffunicode.o(.ARM.exidx.text.ff_oem2uni), (8 bytes).
    Removing ffunicode.o(.ARM.exidx.text.ff_wtoupper), (8 bytes).

2165 unused section(s) (total 108265 bytes) removed from the image.
